Archive member included to satisfy reference by file (symbol)

c:/program files (x86)/atmel/studio/7.0/toolchain/avr8/avr8-gnu-toolchain/bin/../lib/gcc/avr/5.4.0/../../../../avr/lib/avr5\libm.a(addsf3.o)
                              src/adc_func.o (__subsf3)
c:/program files (x86)/atmel/studio/7.0/toolchain/avr8/avr8-gnu-toolchain/bin/../lib/gcc/avr/5.4.0/../../../../avr/lib/avr5\libm.a(addsf3x.o)
                              c:/program files (x86)/atmel/studio/7.0/toolchain/avr8/avr8-gnu-toolchain/bin/../lib/gcc/avr/5.4.0/../../../../avr/lib/avr5\libm.a(addsf3.o) (__addsf3x)
c:/program files (x86)/atmel/studio/7.0/toolchain/avr8/avr8-gnu-toolchain/bin/../lib/gcc/avr/5.4.0/../../../../avr/lib/avr5\libm.a(cmpsf2.o)
                              src/adc_func.o (__ltsf2)
c:/program files (x86)/atmel/studio/7.0/toolchain/avr8/avr8-gnu-toolchain/bin/../lib/gcc/avr/5.4.0/../../../../avr/lib/avr5\libm.a(divsf3.o)
                              src/adc_func.o (__divsf3)
c:/program files (x86)/atmel/studio/7.0/toolchain/avr8/avr8-gnu-toolchain/bin/../lib/gcc/avr/5.4.0/../../../../avr/lib/avr5\libm.a(divsf3x.o)
                              c:/program files (x86)/atmel/studio/7.0/toolchain/avr8/avr8-gnu-toolchain/bin/../lib/gcc/avr/5.4.0/../../../../avr/lib/avr5\libm.a(divsf3.o) (__divsf3x)
c:/program files (x86)/atmel/studio/7.0/toolchain/avr8/avr8-gnu-toolchain/bin/../lib/gcc/avr/5.4.0/../../../../avr/lib/avr5\libm.a(floatsisf.o)
                              src/adc_func.o (__floatunsisf)
c:/program files (x86)/atmel/studio/7.0/toolchain/avr8/avr8-gnu-toolchain/bin/../lib/gcc/avr/5.4.0/../../../../avr/lib/avr5\libm.a(fp_cmp.o)
                              c:/program files (x86)/atmel/studio/7.0/toolchain/avr8/avr8-gnu-toolchain/bin/../lib/gcc/avr/5.4.0/../../../../avr/lib/avr5\libm.a(cmpsf2.o) (__fp_cmp)
c:/program files (x86)/atmel/studio/7.0/toolchain/avr8/avr8-gnu-toolchain/bin/../lib/gcc/avr/5.4.0/../../../../avr/lib/avr5\libm.a(fp_inf.o)
                              c:/program files (x86)/atmel/studio/7.0/toolchain/avr8/avr8-gnu-toolchain/bin/../lib/gcc/avr/5.4.0/../../../../avr/lib/avr5\libm.a(addsf3x.o) (__fp_inf)
c:/program files (x86)/atmel/studio/7.0/toolchain/avr8/avr8-gnu-toolchain/bin/../lib/gcc/avr/5.4.0/../../../../avr/lib/avr5\libm.a(fp_nan.o)
                              c:/program files (x86)/atmel/studio/7.0/toolchain/avr8/avr8-gnu-toolchain/bin/../lib/gcc/avr/5.4.0/../../../../avr/lib/avr5\libm.a(addsf3x.o) (__fp_nan)
c:/program files (x86)/atmel/studio/7.0/toolchain/avr8/avr8-gnu-toolchain/bin/../lib/gcc/avr/5.4.0/../../../../avr/lib/avr5\libm.a(fp_pscA.o)
                              c:/program files (x86)/atmel/studio/7.0/toolchain/avr8/avr8-gnu-toolchain/bin/../lib/gcc/avr/5.4.0/../../../../avr/lib/avr5\libm.a(addsf3x.o) (__fp_pscA)
c:/program files (x86)/atmel/studio/7.0/toolchain/avr8/avr8-gnu-toolchain/bin/../lib/gcc/avr/5.4.0/../../../../avr/lib/avr5\libm.a(fp_pscB.o)
                              c:/program files (x86)/atmel/studio/7.0/toolchain/avr8/avr8-gnu-toolchain/bin/../lib/gcc/avr/5.4.0/../../../../avr/lib/avr5\libm.a(addsf3x.o) (__fp_pscB)
c:/program files (x86)/atmel/studio/7.0/toolchain/avr8/avr8-gnu-toolchain/bin/../lib/gcc/avr/5.4.0/../../../../avr/lib/avr5\libm.a(fp_round.o)
                              c:/program files (x86)/atmel/studio/7.0/toolchain/avr8/avr8-gnu-toolchain/bin/../lib/gcc/avr/5.4.0/../../../../avr/lib/avr5\libm.a(addsf3.o) (__fp_round)
c:/program files (x86)/atmel/studio/7.0/toolchain/avr8/avr8-gnu-toolchain/bin/../lib/gcc/avr/5.4.0/../../../../avr/lib/avr5\libm.a(fp_split3.o)
                              c:/program files (x86)/atmel/studio/7.0/toolchain/avr8/avr8-gnu-toolchain/bin/../lib/gcc/avr/5.4.0/../../../../avr/lib/avr5\libm.a(addsf3x.o) (__fp_split3)
c:/program files (x86)/atmel/studio/7.0/toolchain/avr8/avr8-gnu-toolchain/bin/../lib/gcc/avr/5.4.0/../../../../avr/lib/avr5\libm.a(fp_zero.o)
                              c:/program files (x86)/atmel/studio/7.0/toolchain/avr8/avr8-gnu-toolchain/bin/../lib/gcc/avr/5.4.0/../../../../avr/lib/avr5\libm.a(addsf3x.o) (__fp_zero)
c:/program files (x86)/atmel/studio/7.0/toolchain/avr8/avr8-gnu-toolchain/bin/../lib/gcc/avr/5.4.0/../../../../avr/lib/avr5\libm.a(gesf2.o)
                              src/power_state_mat.o (__gesf2)
c:/program files (x86)/atmel/studio/7.0/toolchain/avr8/avr8-gnu-toolchain/bin/../lib/gcc/avr/5.4.0/../../../../avr/lib/avr5\libm.a(mulsf3.o)
                              src/adc_func.o (__mulsf3)
c:/program files (x86)/atmel/studio/7.0/toolchain/avr8/avr8-gnu-toolchain/bin/../lib/gcc/avr/5.4.0/../../../../avr/lib/avr5\libm.a(mulsf3x.o)
                              c:/program files (x86)/atmel/studio/7.0/toolchain/avr8/avr8-gnu-toolchain/bin/../lib/gcc/avr/5.4.0/../../../../avr/lib/avr5\libm.a(mulsf3.o) (__mulsf3x)
c:/program files (x86)/atmel/studio/7.0/toolchain/avr8/avr8-gnu-toolchain/bin/../lib/gcc/avr/5.4.0/../../../../avr/lib/avr5\libprintf_flt.a(vfprintf_flt.o)
[...]
Memory Configuration

Name             Origin             Length             Attributes
text             0x00000000         0x00020000         xr
data             0x00800060         0x0000ffa0         rw !x
eeprom           0x00810000         0x00010000         rw !x
fuse             0x00820000         0x00000003         rw !x
lock             0x00830000         0x00000400         rw !x
signature        0x00840000         0x00000400         rw !x
user_signatures  0x00850000         0x00000400         rw !x
*default*        0x00000000         0xffffffff

Linker script and memory map

Address of section .data set to 0x800200
LOAD c:/program files (x86)/atmel/studio/7.0/toolchain/avr8/avr8-gnu-toolchain/bin/../lib/gcc/avr/5.4.0/../../../../avr/lib/avr5/crtatmega640.o
LOAD src/adc_func.o
LOAD src/launcher.o
LOAD src/power_switch.o
LOAD src/power_state_mat.o
LOAD src/eeprom.o
LOAD src/gpio_func.o
LOAD src/obc_comm.o
LOAD src/peripheral_init.o
LOAD src/uart_func.o
LOAD src/wdt_megarf.o
LOAD src/ASF/mega/boards/stk600/rcx_x/init.o
LOAD src/cubesat_EPS.o
START GROUP
LOAD c:/program files (x86)/atmel/studio/7.0/toolchain/avr8/avr8-gnu-toolchain/bin/../lib/gcc/avr/5.4.0/../../../../avr/lib/avr5\libm.a
END GROUP
LOAD c:/program files (x86)/atmel/studio/7.0/toolchain/avr8/avr8-gnu-toolchain/bin/../lib/gcc/avr/5.4.0/../../../../avr/lib/avr5\libprintf_flt.a
START GROUP
LOAD c:/program files (x86)/atmel/studio/7.0/toolchain/avr8/avr8-gnu-toolchain/bin/../lib/gcc/avr/5.4.0/avr5\libgcc.a
LOAD c:/program files (x86)/atmel/studio/7.0/toolchain/avr8/avr8-gnu-toolchain/bin/../lib/gcc/avr/5.4.0/../../../../avr/lib/avr5\libm.a
LOAD c:/program files (x86)/atmel/studio/7.0/toolchain/avr8/avr8-gnu-toolchain/bin/../lib/gcc/avr/5.4.0/../../../../avr/lib/avr5\libc.a
LOAD c:/program files (x86)/atmel/studio/7.0/toolchain/avr8/avr8-gnu-toolchain/bin/../lib/gcc/avr/5.4.0/../../../../avr/lib/avr5\libatmega640.a
END GROUP
                0x00020000                __TEXT_REGION_LENGTH__ = DEFINED (__TEXT_REGION_LENGTH__)?__TEXT_REGION_LENGTH__:0x20000
                0x0000ffa0                __DATA_REGION_LENGTH__ = DEFINED (__DATA_REGION_LENGTH__)?__DATA_REGION_LENGTH__:0xffa0
                0x00010000                __EEPROM_REGION_LENGTH__ = DEFINED (__EEPROM_REGION_LENGTH__)?__EEPROM_REGION_LENGTH__:0x10000
                [0x00000003]                __FUSE_REGION_LENGTH__ = DEFINED (__FUSE_REGION_LENGTH__)?__FUSE_REGION_LENGTH__:0x400
                0x00000400                __LOCK_REGION_LENGTH__ = DEFINED (__LOCK_REGION_LENGTH__)?__LOCK_REGION_LENGTH__:0x400
                0x00000400                __SIGNATURE_REGION_LENGTH__ = DEFINED (__SIGNATURE_REGION_LENGTH__)?__SIGNATURE_REGION_LENGTH__:0x400
                0x00000400                __USER_SIGNATURE_REGION_LENGTH__ = DEFINED (__USER_SIGNATURE_REGION_LENGTH__)?__USER_SIGNATURE_REGION_LENGTH__:0x400

.hash
 *(.hash)

.dynsym
 *(.dynsym)

.dynstr
 *(.dynstr)

.gnu.version
 *(.gnu.version)

.gnu.version_d
 *(.gnu.version_d)

.gnu.version_r
 *(.gnu.version_r)

.rel.init
 *(.rel.init)

.rela.init
 *(.rela.init)

.rel.text
 *(.rel.text)
 *(.rel.text.*)
 *(.rel.gnu.linkonce.t*)

.rela.text
 *(.rela.text)
 *(.rela.text.*)
 *(.rela.gnu.linkonce.t*)

.rel.fini
 *(.rel.fini)

.rela.fini
 *(.rela.fini)

.rel.rodata
 *(.rel.rodata)
 *(.rel.rodata.*)
 *(.rel.gnu.linkonce.r*)

.rela.rodata
 *(.rela.rodata)
 *(.rela.rodata.*)
 *(.rela.gnu.linkonce.r*)

.rel.data
 *(.rel.data)
 *(.rel.data.*)
 *(.rel.gnu.linkonce.d*)

.rela.data
 *(.rela.data)
 *(.rela.data.*)
 *(.rela.gnu.linkonce.d*)

.rel.ctors
 *(.rel.ctors)

.rela.ctors
 *(.rela.ctors)

.rel.dtors
 *(.rel.dtors)

.rela.dtors
 *(.rela.dtors)

.rel.got
 *(.rel.got)

.rela.got
 *(.rela.got)

.rel.bss
 *(.rel.bss)

.rela.bss
 *(.rela.bss)

.rel.plt
 *(.rel.plt)

.rela.plt
 *(.rela.plt)

.text           0x00000000     0x2b32
 *(.vectors)
 .vectors       0x00000000       0xe4 c:/program files (x86)/atmel/studio/7.0/toolchain/avr8/avr8-gnu-toolchain/bin/../lib/gcc/avr/5.4.0/../../../../avr/lib/avr5/crtatmega640.o
                0x00000000                __vector_default
                0x00000000                __vectors
 *(.vectors)
 *(.progmem.gcc*)
                0x000000e4                . = ALIGN (0x2)
                0x000000e4                __trampolines_start = .
 *(.trampolines)
 .trampolines   0x000000e4        0x0 linker stubs
 *(.trampolines*)
                0x000000e4                __trampolines_end = .
 *libprintf_flt.a:*(.progmem.data)
 .progmem.data  0x000000e4        0x8 c:/program files (x86)/atmel/studio/7.0/toolchain/avr8/avr8-gnu-toolchain/bin/../lib/gcc/avr/5.4.0/../../../../avr/lib/avr5\libprintf_flt.a(vfprintf_flt.o)
 *libc.a:*(.progmem.data)
 .progmem.data  0x000000ec       0xfa c:/program files (x86)/atmel/studio/7.0/toolchain/avr8/avr8-gnu-toolchain/bin/../lib/gcc/avr/5.4.0/../../../../avr/lib/avr5\libc.a(ftoa_engine.o)
 *(.progmem*)
                0x000001e6                . = ALIGN (0x2)
 *(.jumptables)
 *(.jumptables*)
 *(.lowtext)
 *(.lowtext*)
                0x000001e6                __ctors_start = .
 *(.ctors)
                0x000001e6                __ctors_end = .
                0x000001e6                __dtors_start = .
 *(.dtors)
                0x000001e6                __dtors_end = .
 SORT(*)(.ctors)
 SORT(*)(.dtors)
 *(.init0)
 .init0         0x000001e6        0x0 c:/program files (x86)/atmel/studio/7.0/toolchain/avr8/avr8-gnu-toolchain/bin/../lib/gcc/avr/5.4.0/../../../../avr/lib/avr5/crtatmega640.o
                0x000001e6                __init
 *(.init0)
 *(.init1)
 *(.init1)
 *(.init2)
 .init2         0x000001e6        0xc c:/program files (x86)/atmel/studio/7.0/toolchain/avr8/avr8-gnu-toolchain/bin/../lib/gcc/avr/5.4.0/../../../../avr/lib/avr5/crtatmega640.o
 *(.init2)
 *(.init3)
 *(.init3)
 *(.init4)
 .init4         0x000001f2       0x16 c:/program files (x86)/atmel/studio/7.0/toolchain/avr8/avr8-gnu-toolchain/bin/../lib/gcc/avr/5.4.0/avr5\libgcc.a(_copy_data.o)
                0x000001f2                __do_copy_data
 .init4         0x00000208       0x10 c:/program files (x86)/atmel/studio/7.0/toolchain/avr8/avr8-gnu-toolchain/bin/../lib/gcc/avr/5.4.0/avr5\libgcc.a(_clear_bss.o)
                0x00000208                __do_clear_bss
 *(.init4)
 *(.init5)
 *(.init5)
 *(.init6)
 *(.init6)
 *(.init7)
 *(.init7)
 *(.init8)
 *(.init8)
 *(.init9)
 .init9         0x00000218        0x8 c:/program files (x86)/atmel/studio/7.0/toolchain/avr8/avr8-gnu-toolchain/bin/../lib/gcc/avr/5.4.0/../../../../avr/lib/avr5/crtatmega640.o
 *(.init9)
 *(.text)
 .text          0x00000220        0x2 c:/program files (x86)/atmel/studio/7.0/toolchain/avr8/avr8-gnu-toolchain/bin/../lib/gcc/avr/5.4.0/../../../../avr/lib/avr5/crtatmega640.o
                0x00000220                __vector_38
                0x00000220                __vector_22
                0x00000220                __vector_28
                0x00000220                __vector_1
                0x00000220                __vector_32
                0x00000220                __vector_34
                0x00000220                __vector_24
                0x00000220                __vector_55
                0x00000220                __vector_46
                0x00000220                __bad_interrupt
                0x00000220                __vector_6
                0x00000220                __vector_31
                0x00000220                __vector_35
                0x00000220                __vector_39
                0x00000220                __vector_3
                0x00000220                __vector_23
                0x00000220                __vector_30
                0x00000220                __vector_45
                0x00000220                __vector_11
                0x00000220                __vector_54
                0x00000220                __vector_13
                0x00000220                __vector_19
                0x00000220                __vector_56
                0x00000220                __vector_7
                0x00000220                __vector_49
                0x00000220                __vector_41
                0x00000220                __vector_43
                0x00000220                __vector_27
                0x00000220                __vector_5
                0x00000220                __vector_33
                0x00000220                __vector_47
                0x00000220                __vector_52
                0x00000220                __vector_37
                0x00000220                __vector_4
                0x00000220                __vector_44
                0x00000220                __vector_51
                0x00000220                __vector_9
                0x00000220                __vector_2
                0x00000220                __vector_21
                0x00000220                __vector_15
                0x00000220                __vector_36
                0x00000220                __vector_29
                0x00000220                __vector_40
                0x00000220                __vector_8
                0x00000220                __vector_26
                0x00000220                __vector_48
                0x00000220                __vector_14
                0x00000220                __vector_53
                0x00000220                __vector_10
                0x00000220                __vector_50
                0x00000220                __vector_16
                0x00000220                __vector_18
                0x00000220                __vector_20
                0x00000220                __vector_42
                0x00000222                . = ALIGN (0x2)
 *(.text.*)
 .text.Change_ADC
                0x00000222       0x24 src/adc_func.o
                0x00000222                Change_ADC
 .text.Read_ADC
                0x00000246       0x1a src/adc_func.o
                0x00000246                Read_ADC
 .text.Check_ADC
                0x00000260       0x10 src/adc_func.o
                0x00000260                Check_ADC
 .text.Volt_ADC
                0x00000270       0xd2 src/adc_func.o
                0x00000270                Volt_ADC
 .text.Amp_ADC  0x00000342      0x186 src/adc_func.o
                0x00000342                Amp_ADC
 .text.Temp_ADC
                0x000004c8      0x186 src/adc_func.o
                0x000004c8                Temp_ADC
 .text.SoC_ADC  0x0000064e      0x496 src/adc_func.o
                0x0000064e                SoC_ADC
 .text.launch_pre
                0x00000ae4        0xa src/launcher.o
                0x00000ae4                launch_pre
 .text.launch_post
                0x00000aee        0xa src/launcher.o
                0x00000aee                launch_post
 .text.launch_check
                0x00000af8       0x28 src/launcher.o
                0x00000af8                launch_check
 .text.launch_state
                0x00000b20       0x1c src/launcher.o
                0x00000b20                launch_state
 .text.launch_reset
                0x00000b3c        0xe src/launcher.o
                0x00000b3c                launch_reset
 .text.Enable_3V3_1
                0x00000b4a       0x1e src/power_switch.o
                0x00000b4a                Enable_3V3_1
 .text.Enable_5V
                0x00000b68       0x1e src/power_switch.o
                0x00000b68                Enable_5V
 .text.Enable_8V
                0x00000b86       0x1e src/power_switch.o
                0x00000b86                Enable_8V
 .text.Enable_VBatt
                0x00000ba4       0x1e src/power_switch.o
                0x00000ba4                Enable_VBatt
 .text.Disable_3V3_1
                0x00000bc2        0xc src/power_switch.o
                0x00000bc2                Disable_3V3_1
 .text.Disable_5V
                0x00000bce        0xc src/power_switch.o
                0x00000bce                Disable_5V
 .text.Disable_8V
                0x00000bda        0xc src/power_switch.o
                0x00000bda                Disable_8V
 .text.Disable_VBatt
                0x00000be6        0xc src/power_switch.o
                0x00000be6                Disable_VBatt
 .text.heater_SWITCH
                0x00000bf2       0x84 src/power_switch.o
                0x00000bf2                heater_SWITCH
 .text.obc_SWITCH
                0x00000c76       0x14 src/power_switch.o
                0x00000c76                obc_SWITCH
 .text.imager_SWITCH
                0x00000c8a       0x2c src/power_switch.o
                0x00000c8a                imager_SWITCH
 .text.grips_SWITCH
                0x00000cb6       0x32 src/power_switch.o
                0x00000cb6                grips_SWITCH
 .text.sband_SWITCH
                0x00000ce8       0x20 src/power_switch.o
                0x00000ce8                sband_SWITCH
 .text.uhf_SWITCH
                0x00000d08       0x20 src/power_switch.o
                0x00000d08                uhf_SWITCH
 .text.Update_LOADS
                0x00000d28       0x1e src/power_switch.o
                0x00000d28                Update_LOADS
 .text.pwrMatInit
                0x00000d46       0x50 src/power_state_mat.o
                0x00000d46                pwrMatInit
 .text.PowerStateCheck
                0x00000d96      0x438 src/power_state_mat.o
                0x00000d96                PowerStateCheck
 .text.Update_STATE
                0x000011ce       0x28 src/power_state_mat.o
                0x000011ce                Update_STATE
 .text.Set_MODE
                0x000011f6        0x2 src/power_state_mat.o
                0x000011f6                Set_MODE
 .text.EEPROM_Write
                0x000011f8       0x14 src/eeprom.o
                0x000011f8                EEPROM_Write
 .text.EEPROM_Read
                0x0000120c       0x10 src/eeprom.o
                0x0000120c                EEPROM_Read
 .text.Set_GPIO
                0x0000121c       0xcc src/gpio_func.o
                0x0000121c                Set_GPIO
 .text.Clear_GPIO
                0x000012e8       0xde src/gpio_func.o
                0x000012e8                Clear_GPIO
 .text.Update_TELEM
                0x000013c6       0xd0 src/obc_comm.o
                0x000013c6                Update_TELEM
 .text.commandDecode
                0x00001496       0xac src/obc_comm.o
                0x00001496                commandDecode
 .text.Update_OBC
                0x00001542      0x3ca src/obc_comm.o
                0x00001542                Update_OBC
 .text.GPIO_init
                0x0000190c       0x2c src/peripheral_init.o
                0x0000190c                GPIO_init
 .text.ADC_init
                0x00001938        0xe src/peripheral_init.o
                0x00001938                ADC_init
 .text.CLK_init
                0x00001946       0x22 src/peripheral_init.o
                0x00001946                CLK_init
 .text.UART0_init
                0x00001968       0x18 src/peripheral_init.o
                0x00001968                UART0_init
 .text.WD_init  0x00001980       0x10 src/peripheral_init.o
                0x00001980                WD_init
 .text.ALL_init
                0x00001990        0xc src/peripheral_init.o
                0x00001990                ALL_init
 .text.UART0_putchar
                0x0000199c       0x10 src/uart_func.o
                0x0000199c                UART0_putchar
 .text.UART0_getchar
                0x000019ac       0x10 src/uart_func.o
                0x000019ac                UART0_getchar
 .text.UART0_putstring
                0x000019bc       0x1c src/uart_func.o
                0x000019bc                UART0_putstring
 .text.UART0_getstring
                0x000019d8       0x28 src/uart_func.o
                0x000019d8                UART0_getstring
 .text.wdt_set_timeout_period
                0x00001a00       0x48 src/wdt_megarf.o
                0x00001a00                wdt_set_timeout_period
 .text.wdt_enable
                0x00001a48       0x76 src/wdt_megarf.o
                0x00001a48                wdt_enable
 .text.__vector_17
                0x00001abe      0x13a src/cubesat_EPS.o
                0x00001abe                __vector_17
 .text.__vector_25
                0x00001bf8       0x60 src/cubesat_EPS.o
                0x00001bf8                __vector_25
 .text.__vector_12
                0x00001c58       0x4a src/cubesat_EPS.o
                0x00001c58                __vector_12
 .text.main     0x00001ca2       0x18 src/cubesat_EPS.o
                0x00001ca2                main
 .text.avr-libc.fplib
                0x00001cba        0xa c:/program files (x86)/atmel/studio/7.0/toolchain/avr8/avr8-gnu-toolchain/bin/../lib/gcc/avr/5.4.0/../../../../avr/lib/avr5\libm.a(addsf3.o)
                0x00001cba                __subsf3
                0x00001cbc                __addsf3
 .text.avr-libc.fplib
                0x00001cc4       0xc0 c:/program files (x86)/atmel/studio/7.0/toolchain/avr8/avr8-gnu-toolchain/bin/../lib/gcc/avr/5.4.0/../../../../avr/lib/avr5\libm.a(addsf3x.o)
                0x00001cde                __addsf3x
 .text.avr-libc.fplib
                0x00001d84        0x8 c:/program files (x86)/atmel/studio/7.0/toolchain/avr8/avr8-gnu-toolchain/bin/../lib/gcc/avr/5.4.0/../../../../avr/lib/avr5\libm.a(cmpsf2.o)
                0x00001d84                __nesf2
                0x00001d84                __eqsf2
                0x00001d84                __cmpsf2
                0x00001d84                __ltsf2
                0x00001d84                __lesf2
 .text.avr-libc.fplib
                0x00001d8c        0x4 c:/program files (x86)/atmel/studio/7.0/toolchain/avr8/avr8-gnu-toolchain/bin/../lib/gcc/avr/5.4.0/../../../../avr/lib/avr5\libm.a(divsf3.o)
                0x00001d8c                __divsf3
 .text.avr-libc.fplib
                0x00001d90       0xcc c:/program files (x86)/atmel/studio/7.0/toolchain/avr8/avr8-gnu-toolchain/bin/../lib/gcc/avr/5.4.0/../../../../avr/lib/avr5\libm.a(divsf3x.o)
                0x00001da6                __divsf3x
                0x00001daa                __divsf3_pse
 .text.avr-libc.fplib
                0x00001e5c       0x7a c:/program files (x86)/atmel/studio/7.0/toolchain/avr8/avr8-gnu-toolchain/bin/../lib/gcc/avr/5.4.0/../../../../avr/lib/avr5\libm.a(floatsisf.o)
                0x00001e5c                __floatunsisf
                0x00001e60                __floatsisf
 .text.avr-libc.fplib
                0x00001ed6       0x48 c:/program files (x86)/atmel/studio/7.0/toolchain/avr8/avr8-gnu-toolchain/bin/../lib/gcc/avr/5.4.0/../../../../avr/lib/avr5\libm.a(fp_cmp.o)
                0x00001ed6                __fp_cmp
 .text.avr-libc.fplib
                0x00001f1e        0xc c:/program files (x86)/atmel/studio/7.0/toolchain/avr8/avr8-gnu-toolchain/bin/../lib/gcc/avr/5.4.0/../../../../avr/lib/avr5\libm.a(fp_inf.o)
                0x00001f1e                __fp_inf
 .text.avr-libc.fplib
                0x00001f2a        0x6 c:/program files (x86)/atmel/studio/7.0/toolchain/avr8/avr8-gnu-toolchain/bin/../lib/gcc/avr/5.4.0/../../../../avr/lib/avr5\libm.a(fp_nan.o)
                0x00001f2a                __fp_nan
 .text.avr-libc.fplib
                0x00001f30        0xe c:/program files (x86)/atmel/studio/7.0/toolchain/avr8/avr8-gnu-toolchain/bin/../lib/gcc/avr/5.4.0/../../../../avr/lib/avr5\libm.a(fp_pscA.o)
                0x00001f30                __fp_pscA
 .text.avr-libc.fplib
                0x00001f3e        0xe c:/program files (x86)/atmel/studio/7.0/toolchain/avr8/avr8-gnu-toolchain/bin/../lib/gcc/avr/5.4.0/../../../../avr/lib/avr5\libm.a(fp_pscB.o)
                0x00001f3e                __fp_pscB
 .text.avr-libc.fplib
                0x00001f4c       0x22 c:/program files (x86)/atmel/studio/7.0/toolchain/avr8/avr8-gnu-toolchain/bin/../lib/gcc/avr/5.4.0/../../../../avr/lib/avr5\libm.a(fp_round.o)
                0x00001f4c                __fp_round
 .text.avr-libc.fplib
                0x00001f6e       0x44 c:/program files (x86)/atmel/studio/7.0/toolchain/avr8/avr8-gnu-toolchain/bin/../lib/gcc/avr/5.4.0/../../../../avr/lib/avr5\libm.a(fp_split3.o)
                0x00001f6e                __fp_split3
                0x00001f7e                __fp_splitA
 .text.avr-libc.fplib
                0x00001fb2        0xe c:/program files (x86)/atmel/studio/7.0/toolchain/avr8/avr8-gnu-toolchain/bin/../lib/gcc/avr/5.4.0/../../../../avr/lib/avr5\libm.a(fp_zero.o)
                0x00001fb2                __fp_zero
                0x00001fb4                __fp_szero
 .text.avr-libc.fplib
                0x00001fc0        0x8 c:/program files (x86)/atmel/studio/7.0/toolchain/avr8/avr8-gnu-toolchain/bin/../lib/gcc/avr/5.4.0/../../../../avr/lib/avr5\libm.a(gesf2.o)
                0x00001fc0                __gesf2
                0x00001fc0                __gtsf2
 .text.avr-libc.fplib
                0x00001fc8        0x4 c:/program files (x86)/atmel/studio/7.0/toolchain/avr8/avr8-gnu-toolchain/bin/../lib/gcc/avr/5.4.0/../../../../avr/lib/avr5\libm.a(mulsf3.o)
                0x00001fc8                __mulsf3
 .text.avr-libc.fplib
                0x00001fcc       0xc2 c:/program files (x86)/atmel/studio/7.0/toolchain/avr8/avr8-gnu-toolchain/bin/../lib/gcc/avr/5.4.0/../../../../avr/lib/avr5\libm.a(mulsf3x.o)
                0x00001fe0                __mulsf3x
                0x00001fe4                __mulsf3_pse
 .text.avr-libc
                0x0000208e      0x6bc c:/program files (x86)/atmel/studio/7.0/toolchain/avr8/avr8-gnu-toolchain/bin/../lib/gcc/avr/5.4.0/../../../../avr/lib/avr5\libprintf_flt.a(vfprintf_flt.o)
                0x0000208e                vfprintf
 .text.libgcc.prologue
                0x0000274a       0x38 c:/program files (x86)/atmel/studio/7.0/toolchain/avr8/avr8-gnu-toolchain/bin/../lib/gcc/avr/5.4.0/avr5\libgcc.a(_prologue.o)
                0x0000274a                __prologue_saves__
 .text.libgcc.prologue
                0x00002782       0x36 c:/program files (x86)/atmel/studio/7.0/toolchain/avr8/avr8-gnu-toolchain/bin/../lib/gcc/avr/5.4.0/avr5\libgcc.a(_epilogue.o)
                0x00002782                __epilogue_restores__
 .text.avr-libc
                0x000027b8      0x1b0 c:/program files (x86)/atmel/studio/7.0/toolchain/avr8/avr8-gnu-toolchain/bin/../lib/gcc/avr/5.4.0/../../../../avr/lib/avr5\libc.a(ftoa_engine.o)
                0x000027b8                __ftoa_engine
 .text.avr-libc
                0x00002968       0x16 c:/program files (x86)/atmel/studio/7.0/toolchain/avr8/avr8-gnu-toolchain/bin/../lib/gcc/avr/5.4.0/../../../../avr/lib/avr5\libc.a(strnlen_P.o)
                0x00002968                strnlen_P
 .text.avr-libc
                0x0000297e       0x16 c:/program files (x86)/atmel/studio/7.0/toolchain/avr8/avr8-gnu-toolchain/bin/../lib/gcc/avr/5.4.0/../../../../avr/lib/avr5\libc.a(strcat.o)
                0x0000297e                strcat
 .text.avr-libc
                0x00002994       0x12 c:/program files (x86)/atmel/studio/7.0/toolchain/avr8/avr8-gnu-toolchain/bin/../lib/gcc/avr/5.4.0/../../../../avr/lib/avr5\libc.a(strcmp.o)
                0x00002994                strcmp
 .text.avr-libc
                0x000029a6       0x16 c:/program files (x86)/atmel/studio/7.0/toolchain/avr8/avr8-gnu-toolchain/bin/../lib/gcc/avr/5.4.0/../../../../avr/lib/avr5\libc.a(strnlen.o)
                0x000029a6                strnlen
 .text.avr-libc
                0x000029bc       0x78 c:/program files (x86)/atmel/studio/7.0/toolchain/avr8/avr8-gnu-toolchain/bin/../lib/gcc/avr/5.4.0/../../../../avr/lib/avr5\libc.a(fputc.o)
                0x000029bc                fputc
 .text.avr-libc
                0x00002a34       0x3e c:/program files (x86)/atmel/studio/7.0/toolchain/avr8/avr8-gnu-toolchain/bin/../lib/gcc/avr/5.4.0/../../../../avr/lib/avr5\libc.a(sprintf.o)
                0x00002a34                sprintf
 .text.avr-libc
                0x00002a72       0xbc c:/program files (x86)/atmel/studio/7.0/toolchain/avr8/avr8-gnu-toolchain/bin/../lib/gcc/avr/5.4.0/../../../../avr/lib/avr5\libc.a(ultoa_invert.o)
                0x00002a72                __ultoa_invert
                0x00002b2e                . = ALIGN (0x2)
 *(.fini9)
 .fini9         0x00002b2e        0x0 c:/program files (x86)/atmel/studio/7.0/toolchain/avr8/avr8-gnu-toolchain/bin/../lib/gcc/avr/5.4.0/avr5\libgcc.a(_exit.o)
                0x00002b2e                _exit
                0x00002b2e                exit
 *(.fini9)
 *(.fini8)
 *(.fini8)
 *(.fini7)
 *(.fini7)
 *(.fini6)
 *(.fini6)
 *(.fini5)
 *(.fini5)
 *(.fini4)
 *(.fini4)
 *(.fini3)
 *(.fini3)
 *(.fini2)
 *(.fini2)
 *(.fini1)
 *(.fini1)
 *(.fini0)
 .fini0         0x00002b2e        0x4 c:/program files (x86)/atmel/studio/7.0/toolchain/avr8/avr8-gnu-toolchain/bin/../lib/gcc/avr/5.4.0/avr5\libgcc.a(_exit.o)
 *(.fini0)
                0x00002b32                _etext = .

.data           0x00800200      0x1e4 load address 0x00002b32
                0x00800200                PROVIDE (__data_start, .)
 *(.data)
 *(.data*)
 *(.gnu.linkonce.d*)
 *(.rodata)
 .rodata        0x00800200       0x18 src/adc_func.o
 .rodata        0x00800218      0x131 src/obc_comm.o
 *(.rodata*)
 .rodata.str1.1
                0x00800349       0x22 src/adc_func.o
 .rodata.str1.1
                0x0080036b       0x66 src/obc_comm.o
 .rodata.str1.1
                0x008003d1       0x12 src/cubesat_EPS.o
 *(.gnu.linkonce.r*)
                0x008003e4                . = ALIGN (0x2)
 *fill*         0x008003e3        0x1 
                0x008003e4                _edata = .
                0x008003e4                PROVIDE (__data_end, .)

.bss            0x008003e4       0x7b
                0x008003e4                PROVIDE (__bss_start, .)
 *(.bss)
 *(.bss*)
 .bss.mode      0x008003e4        0x1 src/cubesat_EPS.o
                0x008003e4                mode
 .bss.prev_state
                0x008003e5        0x1 src/cubesat_EPS.o
                0x008003e5                prev_state
 .bss.state     0x008003e6        0x1 src/cubesat_EPS.o
                0x008003e6                state
 .bss.state_num
                0x008003e7        0x2 src/cubesat_EPS.o
                0x008003e7                state_num
 .bss.prev_temp
                0x008003e9        0x4 src/cubesat_EPS.o
                0x008003e9                prev_temp
 .bss.temp      0x008003ed        0x4 src/cubesat_EPS.o
                0x008003ed                temp
 .bss.prev_soc  0x008003f1        0x4 src/cubesat_EPS.o
                0x008003f1                prev_soc
 .bss.soc       0x008003f5        0x4 src/cubesat_EPS.o
                0x008003f5                soc
 *(COMMON)
 COMMON         0x008003f9       0x66 src/cubesat_EPS.o
                0x008003f9                obc_command
                0x0080040d                pwrMat
                0x00800426                power
                0x0080042e                telem
                0x0080045e                fake
                0x0080045f                PROVIDE (__bss_end, .)
                0x00002b32                __data_load_start = LOADADDR (.data)
                0x00002d16                __data_load_end = (__data_load_start + SIZEOF (.data))

.noinit         0x0080045f        0x0
                [!provide]                PROVIDE (__noinit_start, .)
 *(.noinit*)
                [!provide]                PROVIDE (__noinit_end, .)
                0x0080045f                _end = .
                [!provide]                PROVIDE (__heap_start, .)

.eeprom         0x00810000        0x0
 *(.eeprom*)
                0x00810000                __eeprom_end = .

.fuse
 *(.fuse)
 *(.lfuse)
 *(.hfuse)
 *(.efuse)

.lock
 *(.lock*)

.signature
 *(.signature*)

.user_signatures
 *(.user_signatures*)

.stab
 *(.stab)

.stabstr
 *(.stabstr)

.stab.excl
 *(.stab.excl)

.stab.exclstr
 *(.stab.exclstr)

.stab.index
 *(.stab.index)

.stab.indexstr
 *(.stab.indexstr)

.comment        0x00000000       0x5c
 *(.comment)
 .comment       0x00000000       0x30 src/adc_func.o
                                 0x31 (size before relaxing)
 .comment       0x00000030       0x31 src/launcher.o
 .comment       0x00000030       0x31 src/power_switch.o
 .comment       0x00000030       0x31 src/power_state_mat.o
 .comment       0x00000030       0x31 src/eeprom.o
 .comment       0x00000030       0x31 src/gpio_func.o
 .comment       0x00000030       0x31 src/obc_comm.o
 .comment       0x00000030       0x31 src/peripheral_init.o
 .comment       0x00000030       0x31 src/uart_func.o
 .comment       0x00000030       0x31 src/wdt_megarf.o
 .comment       0x00000030       0x31 src/cubesat_EPS.o
 .comment       0x00000030       0x2c c:/program files (x86)/atmel/studio/7.0/toolchain/avr8/avr8-gnu-toolchain/bin/../lib/gcc/avr/5.4.0/../../../../avr/lib/avr5\libprintf_flt.a(vfprintf_flt.o)
                                 0x2d (size before relaxing)
 .comment       0x0000005c       0x31 c:/program files (x86)/atmel/studio/7.0/toolchain/avr8/avr8-gnu-toolchain/bin/../lib/gcc/avr/5.4.0/../../../../avr/lib/avr5\libc.a(fputc.o)
 .comment       0x0000005c       0x31 c:/program files (x86)/atmel/studio/7.0/toolchain/avr8/avr8-gnu-toolchain/bin/../lib/gcc/avr/5.4.0/../../../../avr/lib/avr5\libc.a(sprintf.o)

.note.gnu.avr.deviceinfo
                0x00000000       0x3c
 .note.gnu.avr.deviceinfo
                0x00000000       0x3c c:/program files (x86)/atmel/studio/7.0/toolchain/avr8/avr8-gnu-toolchain/bin/../lib/gcc/avr/5.4.0/../../../../avr/lib/avr5/crtatmega640.o

.note.gnu.build-id
 *(.note.gnu.build-id)

.debug
 *(.debug)

.line
 *(.line)

.debug_srcinfo
 *(.debug_srcinfo)

.debug_sfnames
 *(.debug_sfnames)

.debug_aranges  0x00000000      0x2d8
 *(.debug_aranges)
 .debug_aranges
                0x00000000       0x50 src/adc_func.o
 .debug_aranges
                0x00000050       0x48 src/launcher.o
 .debug_aranges
                0x00000098       0x90 src/power_switch.o
 .debug_aranges
                0x00000128       0x38 src/power_state_mat.o
 .debug_aranges
                0x00000160       0x28 src/eeprom.o
 .debug_aranges
                0x00000188       0x28 src/gpio_func.o
 .debug_aranges
                0x000001b0       0x30 src/obc_comm.o
 .debug_aranges
                0x000001e0       0x48 src/peripheral_init.o
 .debug_aranges
                0x00000228       0x38 src/uart_func.o
 .debug_aranges
                0x00000260       0x40 src/wdt_megarf.o
 .debug_aranges
                0x000002a0       0x38 src/cubesat_EPS.o

.debug_pubnames
 *(.debug_pubnames)

.debug_info     0x00000000     0x3206
 *(.debug_info .gnu.linkonce.wi.*)
 .debug_info    0x00000000      0xba9 c:/program files (x86)/atmel/studio/7.0/toolchain/avr8/avr8-gnu-toolchain/bin/../lib/gcc/avr/5.4.0/../../../../avr/lib/avr5/crtatmega640.o
 .debug_info    0x00000ba9      0x503 src/adc_func.o
 .debug_info    0x000010ac      0x33e src/launcher.o
 .debug_info    0x000013ea      0x822 src/power_switch.o
 .debug_info    0x00001c0c      0x169 src/power_state_mat.o
 .debug_info    0x00001d75       0xe9 src/eeprom.o
 .debug_info    0x00001e5e       0xf2 src/gpio_func.o
 .debug_info    0x00001f50      0x82c src/obc_comm.o
 .debug_info    0x0000277c      0x1df src/peripheral_init.o
 .debug_info    0x0000295b      0x144 src/uart_func.o
 .debug_info    0x00002a9f      0x31a src/wdt_megarf.o
 .debug_info    0x00002db9      0x44d src/cubesat_EPS.o

.debug_abbrev   0x00000000     0x16bf
 *(.debug_abbrev)
 .debug_abbrev  0x00000000      0xb08 c:/program files (x86)/atmel/studio/7.0/toolchain/avr8/avr8-gnu-toolchain/bin/../lib/gcc/avr/5.4.0/../../../../avr/lib/avr5/crtatmega640.o
 .debug_abbrev  0x00000b08      0x15e src/adc_func.o
 .debug_abbrev  0x00000c66      0x1af src/launcher.o
 .debug_abbrev  0x00000e15      0x157 src/power_switch.o
 .debug_abbrev  0x00000f6c       0xde src/power_state_mat.o
 .debug_abbrev  0x0000104a       0x8e src/eeprom.o
 .debug_abbrev  0x000010d8       0x9b src/gpio_func.o
 .debug_abbrev  0x00001173      0x10f src/obc_comm.o
 .debug_abbrev  0x00001282       0xc5 src/peripheral_init.o
 .debug_abbrev  0x00001347       0xf0 src/uart_func.o
 .debug_abbrev  0x00001437      0x19e src/wdt_megarf.o
 .debug_abbrev  0x000015d5       0xea src/cubesat_EPS.o

.debug_line     0x00000000     0x353e
 *(.debug_line .debug_line.* .debug_line_end)
 .debug_line    0x00000000       0x1a c:/program files (x86)/atmel/studio/7.0/toolchain/avr8/avr8-gnu-toolchain/bin/../lib/gcc/avr/5.4.0/../../../../avr/lib/avr5/crtatmega640.o
 .debug_line    0x0000001a      0x7e3 src/adc_func.o
 .debug_line    0x000007fd      0x48a src/launcher.o
 .debug_line    0x00000c87      0x450 src/power_switch.o
 .debug_line    0x000010d7      0x482 src/power_state_mat.o
 .debug_line    0x00001559      0x3ab src/eeprom.o
 .debug_line    0x00001904      0x3e6 src/gpio_func.o
 .debug_line    0x00001cea      0x490 src/obc_comm.o
 .debug_line    0x0000217a      0x4f9 src/peripheral_init.o
 .debug_line    0x00002673      0x3fd src/uart_func.o
 .debug_line    0x00002a70      0x53c src/wdt_megarf.o
 .debug_line    0x00002fac      0x592 src/cubesat_EPS.o

.debug_frame    0x00000000      0x73c
 *(.debug_frame)
 .debug_frame   0x00000000      0x12c src/adc_func.o
 .debug_frame   0x0000012c       0x74 src/launcher.o
 .debug_frame   0x000001a0      0x134 src/power_switch.o
 .debug_frame   0x000002d4       0x84 src/power_state_mat.o
 .debug_frame   0x00000358       0x34 src/eeprom.o
 .debug_frame   0x0000038c       0x34 src/gpio_func.o
 .debug_frame   0x000003c0       0xd4 src/obc_comm.o
 .debug_frame   0x00000494       0x74 src/peripheral_init.o
 .debug_frame   0x00000508       0x74 src/uart_func.o
 .debug_frame   0x0000057c       0x94 src/wdt_megarf.o
 .debug_frame   0x00000610      0x12c src/cubesat_EPS.o

.debug_str      0x00000000    0x14d34
 *(.debug_str)
 .debug_str     0x00000000      0x3e0 c:/program files (x86)/atmel/studio/7.0/toolchain/avr8/avr8-gnu-toolchain/bin/../lib/gcc/avr/5.4.0/../../../../avr/lib/avr5/crtatmega640.o
 .debug_str     0x000003e0    0x137c2 src/adc_func.o
                              0x13a47 (size before relaxing)
 .debug_str     0x00013ba2      0x3b6 src/launcher.o
                              0x131a4 (size before relaxing)
 .debug_str     0x00013f58      0x167 src/power_switch.o
                               0x33e1 (size before relaxing)
 .debug_str     0x000140bf       0x70 src/power_state_mat.o
                               0x41c2 (size before relaxing)
 .debug_str     0x0001412f      0x88c src/eeprom.o
                              0x137a5 (size before relaxing)
 .debug_str     0x000149bb       0x2b src/gpio_func.o
                              0x137a1 (size before relaxing)
 .debug_str     0x000149e6       0xe8 src/obc_comm.o
                               0x4934 (size before relaxing)
 .debug_str     0x00014ace      0x114 src/peripheral_init.o
                              0x1386f (size before relaxing)
 .debug_str     0x00014be2       0x20 src/uart_func.o
                              0x13935 (size before relaxing)
 .debug_str     0x00014c02       0xbd src/wdt_megarf.o
                              0x12dc3 (size before relaxing)
 .debug_str     0x00014cbf       0x75 src/cubesat_EPS.o
                              0x143b9 (size before relaxing)

.debug_loc      0x00000000     0x1a5c
 *(.debug_loc)
 .debug_loc     0x00000000      0x729 src/adc_func.o
 .debug_loc     0x00000729      0x146 src/launcher.o
 .debug_loc     0x0000086f      0x2ea src/power_switch.o
 .debug_loc     0x00000b59      0x1c8 src/power_state_mat.o
 .debug_loc     0x00000d21       0x5f src/eeprom.o
 .debug_loc     0x00000d80      0x2ec src/gpio_func.o
 .debug_loc     0x0000106c      0x56d src/obc_comm.o
 .debug_loc     0x000015d9      0x116 src/uart_func.o
 .debug_loc     0x000016ef      0x10c src/wdt_megarf.o
 .debug_loc     0x000017fb      0x261 src/cubesat_EPS.o

.debug_macinfo
 *(.debug_macinfo)

.debug_weaknames
 *(.debug_weaknames)

.debug_funcnames
 *(.debug_funcnames)

.debug_typenames
 *(.debug_typenames)

.debug_varnames
 *(.debug_varnames)

.debug_pubtypes
 *(.debug_pubtypes)

.debug_ranges   0x00000000      0x228
 *(.debug_ranges)
 .debug_ranges  0x00000000       0x40 src/adc_func.o
 .debug_ranges  0x00000040       0x38 src/launcher.o
 .debug_ranges  0x00000078       0x80 src/power_switch.o
 .debug_ranges  0x000000f8       0x28 src/power_state_mat.o
 .debug_ranges  0x00000120       0x18 src/eeprom.o
 .debug_ranges  0x00000138       0x18 src/gpio_func.o
 .debug_ranges  0x00000150       0x20 src/obc_comm.o
 .debug_ranges  0x00000170       0x38 src/peripheral_init.o
 .debug_ranges  0x000001a8       0x28 src/uart_func.o
 .debug_ranges  0x000001d0       0x30 src/wdt_megarf.o
 .debug_ranges  0x00000200       0x28 src/cubesat_EPS.o

.debug_macro    0x00000000     0x5e5a
 *(.debug_macro)
 .debug_macro   0x00000000      0x1b4 src/adc_func.o
 .debug_macro   0x000001b4      0xa48 src/adc_func.o
 .debug_macro   0x00000bfc      0x1c9 src/adc_func.o
 .debug_macro   0x00000dc5       0x10 src/adc_func.o
 .debug_macro   0x00000dd5      0x302 src/adc_func.o
 .debug_macro   0x000010d7       0x9e src/adc_func.o
 .debug_macro   0x00001175     0x1ecb src/adc_func.o
 .debug_macro   0x00003040      0x100 src/adc_func.o
 .debug_macro   0x00003140      0x2ea src/adc_func.o
 .debug_macro   0x0000342a       0xd9 src/adc_func.o
 .debug_macro   0x00003503       0x34 src/adc_func.o
 .debug_macro   0x00003537       0x18 src/adc_func.o
 .debug_macro   0x0000354f       0x6c src/adc_func.o
 .debug_macro   0x000035bb       0x22 src/adc_func.o
 .debug_macro   0x000035dd      0x16d src/adc_func.o
 .debug_macro   0x0000374a       0x1c src/adc_func.o
 .debug_macro   0x00003766       0x35 src/adc_func.o
 .debug_macro   0x0000379b       0x66 src/adc_func.o
 .debug_macro   0x00003801      0x6d7 src/adc_func.o
 .debug_macro   0x00003ed8       0x43 src/adc_func.o
 .debug_macro   0x00003f1b       0x69 src/adc_func.o
 .debug_macro   0x00003f84       0x2b src/adc_func.o
 .debug_macro   0x00003faf       0x10 src/adc_func.o
 .debug_macro   0x00003fbf      0x175 src/adc_func.o
 .debug_macro   0x00004134       0x40 src/adc_func.o
 .debug_macro   0x00004174      0x100 src/adc_func.o
 .debug_macro   0x00004274       0x22 src/adc_func.o
 .debug_macro   0x00004296       0x10 src/adc_func.o
 .debug_macro   0x000042a6      0x160 src/adc_func.o
 .debug_macro   0x00004406       0x16 src/adc_func.o
 .debug_macro   0x0000441c       0x58 src/adc_func.o
 .debug_macro   0x00004474       0x10 src/adc_func.o
 .debug_macro   0x00004484       0xf2 src/adc_func.o
 .debug_macro   0x00004576      0x183 src/adc_func.o
 .debug_macro   0x000046f9      0x169 src/launcher.o
 .debug_macro   0x00004862       0x85 src/launcher.o
 .debug_macro   0x000048e7       0x42 src/power_switch.o
 .debug_macro   0x00004929       0x74 src/power_state_mat.o
 .debug_macro   0x0000499d       0x97 src/power_state_mat.o
 .debug_macro   0x00004a34       0x97 src/power_state_mat.o
 .debug_macro   0x00004acb      0x163 src/eeprom.o
 .debug_macro   0x00004c2e      0x2bd src/eeprom.o
 .debug_macro   0x00004eeb      0x169 src/gpio_func.o
 .debug_macro   0x00005054      0x2fc src/gpio_func.o
 .debug_macro   0x00005350       0xd0 src/obc_comm.o
 .debug_macro   0x00005420       0x16 src/obc_comm.o
 .debug_macro   0x00005436       0x20 src/obc_comm.o
 .debug_macro   0x00005456       0x5a src/obc_comm.o
 .debug_macro   0x000054b0      0x182 src/peripheral_init.o
 .debug_macro   0x00005632      0x2c3 src/peripheral_init.o
 .debug_macro   0x000058f5       0x27 src/peripheral_init.o
 .debug_macro   0x0000591c       0x8b src/peripheral_init.o
 .debug_macro   0x000059a7      0x177 src/uart_func.o
 .debug_macro   0x00005b1e      0x139 src/wdt_megarf.o
 .debug_macro   0x00005c57      0x203 src/cubesat_EPS.o
OUTPUT(MEGA_GPIO_EXAMPLE1.elf elf32-avr)
LOAD linker stubs
