Archive member included because of file (symbol)

c:/winavr/bin/../lib/gcc/avr/4.3.3/../../../../avr/lib/avr5\libm.a(addsf3.o)
                              src/adc_func.o (__subsf3)
c:/winavr/bin/../lib/gcc/avr/4.3.3/../../../../avr/lib/avr5\libm.a(addsf3x.o)
                              c:/winavr/bin/../lib/gcc/avr/4.3.3/../../../../avr/lib/avr5\libm.a(addsf3.o) (__addsf3x)
c:/winavr/bin/../lib/gcc/avr/4.3.3/../../../../avr/lib/avr5\libm.a(divsf3.o)
                              src/adc_func.o (__divsf3)
c:/winavr/bin/../lib/gcc/avr/4.3.3/../../../../avr/lib/avr5\libm.a(divsf3x.o)
                              c:/winavr/bin/../lib/gcc/avr/4.3.3/../../../../avr/lib/avr5\libm.a(divsf3.o) (__divsf3x)
c:/winavr/bin/../lib/gcc/avr/4.3.3/../../../../avr/lib/avr5\libm.a(floatsisf.o)
                              src/adc_func.o (__floatunsisf)
c:/winavr/bin/../lib/gcc/avr/4.3.3/../../../../avr/lib/avr5\libm.a(fp_inf.o)
                              c:/winavr/bin/../lib/gcc/avr/4.3.3/../../../../avr/lib/avr5\libm.a(addsf3x.o) (__fp_inf)
c:/winavr/bin/../lib/gcc/avr/4.3.3/../../../../avr/lib/avr5\libm.a(fp_nan.o)
                              c:/winavr/bin/../lib/gcc/avr/4.3.3/../../../../avr/lib/avr5\libm.a(addsf3x.o) (__fp_nan)
c:/winavr/bin/../lib/gcc/avr/4.3.3/../../../../avr/lib/avr5\libm.a(fp_pscA.o)
                              c:/winavr/bin/../lib/gcc/avr/4.3.3/../../../../avr/lib/avr5\libm.a(addsf3x.o) (__fp_pscA)
c:/winavr/bin/../lib/gcc/avr/4.3.3/../../../../avr/lib/avr5\libm.a(fp_pscB.o)
                              c:/winavr/bin/../lib/gcc/avr/4.3.3/../../../../avr/lib/avr5\libm.a(addsf3x.o) (__fp_pscB)
c:/winavr/bin/../lib/gcc/avr/4.3.3/../../../../avr/lib/avr5\libm.a(fp_round.o)
                              c:/winavr/bin/../lib/gcc/avr/4.3.3/../../../../avr/lib/avr5\libm.a(addsf3.o) (__fp_round)
c:/winavr/bin/../lib/gcc/avr/4.3.3/../../../../avr/lib/avr5\libm.a(fp_split3.o)
                              c:/winavr/bin/../lib/gcc/avr/4.3.3/../../../../avr/lib/avr5\libm.a(addsf3x.o) (__fp_split3)
c:/winavr/bin/../lib/gcc/avr/4.3.3/../../../../avr/lib/avr5\libm.a(fp_zero.o)
                              c:/winavr/bin/../lib/gcc/avr/4.3.3/../../../../avr/lib/avr5\libm.a(addsf3x.o) (__fp_zero)
c:/winavr/bin/../lib/gcc/avr/4.3.3/../../../../avr/lib/avr5\libm.a(mulsf3.o)
                              src/adc_func.o (__mulsf3)
c:/winavr/bin/../lib/gcc/avr/4.3.3/../../../../avr/lib/avr5\libm.a(mulsf3x.o)
                              c:/winavr/bin/../lib/gcc/avr/4.3.3/../../../../avr/lib/avr5\libm.a(mulsf3.o) (__mulsf3x)
c:/winavr/bin/../lib/gcc/avr/4.3.3/../../../../avr/lib/avr5\libprintf_flt.a(vfprintf_flt.o)
                              (vfprintf)
c:/winavr/bin/../lib/gcc/avr/4.3.3/avr5\libgcc.a(_prologue.o)
                              c:/winavr/bin/../lib/gcc/avr/4.3.3/../../../../avr/lib/avr5\libprintf_flt.a(vfprintf_flt.o) (__prologue_saves__)
c:/winavr/bin/../lib/gcc/avr/4.3.3/avr5\libgcc.a(_epilogue.o)
                              c:/winavr/bin/../lib/gcc/avr/4.3.3/../../../../avr/lib/avr5\libprintf_flt.a(vfprintf_flt.o) (__epilogue_restores__)
c:/winavr/bin/../lib/gcc/avr/4.3.3/avr5\libgcc.a(_exit.o)
                              c:/winavr/bin/../lib/gcc/avr/4.3.3/../../../../avr/lib/avr5/crtm640.o (exit)
c:/winavr/bin/../lib/gcc/avr/4.3.3/avr5\libgcc.a(_clear_bss.o)
                              src/wdt_megarf.o (__do_clear_bss)
c:/winavr/bin/../lib/gcc/avr/4.3.3/../../../../avr/lib/avr5\libc.a(ftoa_engine.o)
                              c:/winavr/bin/../lib/gcc/avr/4.3.3/../../../../avr/lib/avr5\libprintf_flt.a(vfprintf_flt.o) (__ftoa_engine)
c:/winavr/bin/../lib/gcc/avr/4.3.3/../../../../avr/lib/avr5\libc.a(strnlen_P.o)
                              c:/winavr/bin/../lib/gcc/avr/4.3.3/../../../../avr/lib/avr5\libprintf_flt.a(vfprintf_flt.o) (strnlen_P)
c:/winavr/bin/../lib/gcc/avr/4.3.3/../../../../avr/lib/avr5\libc.a(strnlen.o)
                              c:/winavr/bin/../lib/gcc/avr/4.3.3/../../../../avr/lib/avr5\libprintf_flt.a(vfprintf_flt.o) (strnlen)
c:/winavr/bin/../lib/gcc/avr/4.3.3/../../../../avr/lib/avr5\libc.a(fputc.o)
                              c:/winavr/bin/../lib/gcc/avr/4.3.3/../../../../avr/lib/avr5\libprintf_flt.a(vfprintf_flt.o) (fputc)
c:/winavr/bin/../lib/gcc/avr/4.3.3/../../../../avr/lib/avr5\libc.a(ultoa_invert.o)
                              c:/winavr/bin/../lib/gcc/avr/4.3.3/../../../../avr/lib/avr5\libprintf_flt.a(vfprintf_flt.o) (__ultoa_invert)

Allocating common symbols
Common symbol       size              file

telem               0x40              src/cubesat_EPS.o

Discarded input sections

 .data          0x00000000        0x0 c:/winavr/bin/../lib/gcc/avr/4.3.3/../../../../avr/lib/avr5/crtm640.o
 .bss           0x00000000        0x0 c:/winavr/bin/../lib/gcc/avr/4.3.3/../../../../avr/lib/avr5/crtm640.o
 .text          0x00000000        0x0 src/adc_func.o
 .data          0x00000000        0x0 src/adc_func.o
 .bss           0x00000000        0x0 src/adc_func.o
 .text.Change_ADC
                0x00000000        0x0 src/adc_func.o
 .text.Read_ADC
                0x00000000        0x0 src/adc_func.o
 .text.Check_ADC
                0x00000000        0x0 src/adc_func.o
 .text.Volt_ADC
                0x00000000        0x0 src/adc_func.o
 .text.Amp_ADC  0x00000000        0x0 src/adc_func.o
 .text          0x00000000        0x0 src/eeprom.o
 .data          0x00000000        0x0 src/eeprom.o
 .bss           0x00000000        0x0 src/eeprom.o
 .text.EEPROM_Write
                0x00000000        0x0 src/eeprom.o
 .text.EEPROM_Read
                0x00000000        0x0 src/eeprom.o
 .text          0x00000000        0x0 src/gpio_func.o
 .data          0x00000000        0x0 src/gpio_func.o
 .bss           0x00000000        0x0 src/gpio_func.o
 .text.Set_GPIO
                0x00000000        0x0 src/gpio_func.o
 .text.Clear_GPIO
                0x00000000        0x0 src/gpio_func.o
 .text          0x00000000        0x0 src/obc_comm.o
 .data          0x00000000        0x0 src/obc_comm.o
 .bss           0x00000000        0x0 src/obc_comm.o
 .text          0x00000000        0x0 src/peripheral_init.o
 .data          0x00000000        0x0 src/peripheral_init.o
 .bss           0x00000000        0x0 src/peripheral_init.o
 .text.CLK_init
                0x00000000        0x0 src/peripheral_init.o
 .text          0x00000000        0x0 src/uart_func.o
 .data          0x00000000        0x0 src/uart_func.o
 .bss           0x00000000        0x0 src/uart_func.o
 .text          0x00000000        0x0 src/wdt_megarf.o
 .data          0x00000000        0x0 src/wdt_megarf.o
 .bss           0x00000000        0x0 src/wdt_megarf.o
 .text.wdt_disable
                0x00000000        0x0 src/wdt_megarf.o
 .text.wdt_set_timeout_period
                0x00000000        0x0 src/wdt_megarf.o
 .text.wdt_enable
                0x00000000        0x0 src/wdt_megarf.o
 .text.wdt_set_interrupt_callback
                0x00000000        0x0 src/wdt_megarf.o
 .text.wdt_reset_mcu
                0x00000000        0x0 src/wdt_megarf.o
 .text          0x00000000        0x0 src/ASF/mega/boards/stk600/rcx_x/init.o
 .data          0x00000000        0x0 src/ASF/mega/boards/stk600/rcx_x/init.o
 .bss           0x00000000        0x0 src/ASF/mega/boards/stk600/rcx_x/init.o
 .text.board_init
                0x00000000        0x0 src/ASF/mega/boards/stk600/rcx_x/init.o
 .text          0x00000000        0x0 src/cubesat_EPS.o
 .data          0x00000000        0x0 src/cubesat_EPS.o
 .bss           0x00000000        0x0 src/cubesat_EPS.o
 .text.Update_TELEM
                0x00000000        0x0 src/cubesat_EPS.o
 .bss.p         0x00000000        0x0 src/cubesat_EPS.o
 COMMON         0x00000000        0x0 src/cubesat_EPS.o
 .text          0x00000000        0x0 c:/winavr/bin/../lib/gcc/avr/4.3.3/../../../../avr/lib/avr5\libm.a(addsf3.o)
 .data          0x00000000        0x0 c:/winavr/bin/../lib/gcc/avr/4.3.3/../../../../avr/lib/avr5\libm.a(addsf3.o)
 .bss           0x00000000        0x0 c:/winavr/bin/../lib/gcc/avr/4.3.3/../../../../avr/lib/avr5\libm.a(addsf3.o)
 .text.avr-libc.fplib
                0x00000000        0x0 c:/winavr/bin/../lib/gcc/avr/4.3.3/../../../../avr/lib/avr5\libm.a(addsf3.o)
 .text          0x00000000        0x0 c:/winavr/bin/../lib/gcc/avr/4.3.3/../../../../avr/lib/avr5\libm.a(addsf3x.o)
 .data          0x00000000        0x0 c:/winavr/bin/../lib/gcc/avr/4.3.3/../../../../avr/lib/avr5\libm.a(addsf3x.o)
 .bss           0x00000000        0x0 c:/winavr/bin/../lib/gcc/avr/4.3.3/../../../../avr/lib/avr5\libm.a(addsf3x.o)
 .text.avr-libc.fplib
                0x00000000        0x0 c:/winavr/bin/../lib/gcc/avr/4.3.3/../../../../avr/lib/avr5\libm.a(addsf3x.o)
 .text          0x00000000        0x0 c:/winavr/bin/../lib/gcc/avr/4.3.3/../../../../avr/lib/avr5\libm.a(divsf3.o)
 .data          0x00000000        0x0 c:/winavr/bin/../lib/gcc/avr/4.3.3/../../../../avr/lib/avr5\libm.a(divsf3.o)
 .bss           0x00000000        0x0 c:/winavr/bin/../lib/gcc/avr/4.3.3/../../../../avr/lib/avr5\libm.a(divsf3.o)
 .text.avr-libc.fplib
                0x00000000        0x0 c:/winavr/bin/../lib/gcc/avr/4.3.3/../../../../avr/lib/avr5\libm.a(divsf3.o)
 .text          0x00000000        0x0 c:/winavr/bin/../lib/gcc/avr/4.3.3/../../../../avr/lib/avr5\libm.a(divsf3x.o)
 .data          0x00000000        0x0 c:/winavr/bin/../lib/gcc/avr/4.3.3/../../../../avr/lib/avr5\libm.a(divsf3x.o)
 .bss           0x00000000        0x0 c:/winavr/bin/../lib/gcc/avr/4.3.3/../../../../avr/lib/avr5\libm.a(divsf3x.o)
 .text.avr-libc.fplib
                0x00000000        0x0 c:/winavr/bin/../lib/gcc/avr/4.3.3/../../../../avr/lib/avr5\libm.a(divsf3x.o)
 .text          0x00000000        0x0 c:/winavr/bin/../lib/gcc/avr/4.3.3/../../../../avr/lib/avr5\libm.a(floatsisf.o)
 .data          0x00000000        0x0 c:/winavr/bin/../lib/gcc/avr/4.3.3/../../../../avr/lib/avr5\libm.a(floatsisf.o)
 .bss           0x00000000        0x0 c:/winavr/bin/../lib/gcc/avr/4.3.3/../../../../avr/lib/avr5\libm.a(floatsisf.o)
 .text.avr-libc.fplib
                0x00000000        0x0 c:/winavr/bin/../lib/gcc/avr/4.3.3/../../../../avr/lib/avr5\libm.a(floatsisf.o)
 .text          0x00000000        0x0 c:/winavr/bin/../lib/gcc/avr/4.3.3/../../../../avr/lib/avr5\libm.a(fp_inf.o)
 .data          0x00000000        0x0 c:/winavr/bin/../lib/gcc/avr/4.3.3/../../../../avr/lib/avr5\libm.a(fp_inf.o)
 .bss           0x00000000        0x0 c:/winavr/bin/../lib/gcc/avr/4.3.3/../../../../avr/lib/avr5\libm.a(fp_inf.o)
 .text.avr-libc.fplib
                0x00000000        0x0 c:/winavr/bin/../lib/gcc/avr/4.3.3/../../../../avr/lib/avr5\libm.a(fp_inf.o)
 .text          0x00000000        0x0 c:/winavr/bin/../lib/gcc/avr/4.3.3/../../../../avr/lib/avr5\libm.a(fp_nan.o)
 .data          0x00000000        0x0 c:/winavr/bin/../lib/gcc/avr/4.3.3/../../../../avr/lib/avr5\libm.a(fp_nan.o)
 .bss           0x00000000        0x0 c:/winavr/bin/../lib/gcc/avr/4.3.3/../../../../avr/lib/avr5\libm.a(fp_nan.o)
 .text.avr-libc.fplib
                0x00000000        0x0 c:/winavr/bin/../lib/gcc/avr/4.3.3/../../../../avr/lib/avr5\libm.a(fp_nan.o)
 .text          0x00000000        0x0 c:/winavr/bin/../lib/gcc/avr/4.3.3/../../../../avr/lib/avr5\libm.a(fp_pscA.o)
 .data          0x00000000        0x0 c:/winavr/bin/../lib/gcc/avr/4.3.3/../../../../avr/lib/avr5\libm.a(fp_pscA.o)
 .bss           0x00000000        0x0 c:/winavr/bin/../lib/gcc/avr/4.3.3/../../../../avr/lib/avr5\libm.a(fp_pscA.o)
 .text.avr-libc.fplib
                0x00000000        0x0 c:/winavr/bin/../lib/gcc/avr/4.3.3/../../../../avr/lib/avr5\libm.a(fp_pscA.o)
 .text          0x00000000        0x0 c:/winavr/bin/../lib/gcc/avr/4.3.3/../../../../avr/lib/avr5\libm.a(fp_pscB.o)
 .data          0x00000000        0x0 c:/winavr/bin/../lib/gcc/avr/4.3.3/../../../../avr/lib/avr5\libm.a(fp_pscB.o)
 .bss           0x00000000        0x0 c:/winavr/bin/../lib/gcc/avr/4.3.3/../../../../avr/lib/avr5\libm.a(fp_pscB.o)
 .text.avr-libc.fplib
                0x00000000        0x0 c:/winavr/bin/../lib/gcc/avr/4.3.3/../../../../avr/lib/avr5\libm.a(fp_pscB.o)
 .text          0x00000000        0x0 c:/winavr/bin/../lib/gcc/avr/4.3.3/../../../../avr/lib/avr5\libm.a(fp_round.o)
 .data          0x00000000        0x0 c:/winavr/bin/../lib/gcc/avr/4.3.3/../../../../avr/lib/avr5\libm.a(fp_round.o)
 .bss           0x00000000        0x0 c:/winavr/bin/../lib/gcc/avr/4.3.3/../../../../avr/lib/avr5\libm.a(fp_round.o)
 .text.avr-libc.fplib
                0x00000000        0x0 c:/winavr/bin/../lib/gcc/avr/4.3.3/../../../../avr/lib/avr5\libm.a(fp_round.o)
 .text          0x00000000        0x0 c:/winavr/bin/../lib/gcc/avr/4.3.3/../../../../avr/lib/avr5\libm.a(fp_split3.o)
 .data          0x00000000        0x0 c:/winavr/bin/../lib/gcc/avr/4.3.3/../../../../avr/lib/avr5\libm.a(fp_split3.o)
 .bss           0x00000000        0x0 c:/winavr/bin/../lib/gcc/avr/4.3.3/../../../../avr/lib/avr5\libm.a(fp_split3.o)
 .text.avr-libc.fplib
                0x00000000        0x0 c:/winavr/bin/../lib/gcc/avr/4.3.3/../../../../avr/lib/avr5\libm.a(fp_split3.o)
 .text          0x00000000        0x0 c:/winavr/bin/../lib/gcc/avr/4.3.3/../../../../avr/lib/avr5\libm.a(fp_zero.o)
 .data          0x00000000        0x0 c:/winavr/bin/../lib/gcc/avr/4.3.3/../../../../avr/lib/avr5\libm.a(fp_zero.o)
 .bss           0x00000000        0x0 c:/winavr/bin/../lib/gcc/avr/4.3.3/../../../../avr/lib/avr5\libm.a(fp_zero.o)
 .text.avr-libc.fplib
                0x00000000        0x0 c:/winavr/bin/../lib/gcc/avr/4.3.3/../../../../avr/lib/avr5\libm.a(fp_zero.o)
 .text          0x00000000        0x0 c:/winavr/bin/../lib/gcc/avr/4.3.3/../../../../avr/lib/avr5\libm.a(mulsf3.o)
 .data          0x00000000        0x0 c:/winavr/bin/../lib/gcc/avr/4.3.3/../../../../avr/lib/avr5\libm.a(mulsf3.o)
 .bss           0x00000000        0x0 c:/winavr/bin/../lib/gcc/avr/4.3.3/../../../../avr/lib/avr5\libm.a(mulsf3.o)
 .text.avr-libc.fplib
                0x00000000        0x0 c:/winavr/bin/../lib/gcc/avr/4.3.3/../../../../avr/lib/avr5\libm.a(mulsf3.o)
 .text          0x00000000        0x0 c:/winavr/bin/../lib/gcc/avr/4.3.3/../../../../avr/lib/avr5\libm.a(mulsf3x.o)
 .data          0x00000000        0x0 c:/winavr/bin/../lib/gcc/avr/4.3.3/../../../../avr/lib/avr5\libm.a(mulsf3x.o)
 .bss           0x00000000        0x0 c:/winavr/bin/../lib/gcc/avr/4.3.3/../../../../avr/lib/avr5\libm.a(mulsf3x.o)
 .text.avr-libc.fplib
                0x00000000        0x0 c:/winavr/bin/../lib/gcc/avr/4.3.3/../../../../avr/lib/avr5\libm.a(mulsf3x.o)
 .text          0x00000000        0x0 c:/winavr/bin/../lib/gcc/avr/4.3.3/../../../../avr/lib/avr5\libprintf_flt.a(vfprintf_flt.o)
 .data          0x00000000        0x0 c:/winavr/bin/../lib/gcc/avr/4.3.3/../../../../avr/lib/avr5\libprintf_flt.a(vfprintf_flt.o)
 .bss           0x00000000        0x0 c:/winavr/bin/../lib/gcc/avr/4.3.3/../../../../avr/lib/avr5\libprintf_flt.a(vfprintf_flt.o)
 .text          0x00000000        0x0 c:/winavr/bin/../lib/gcc/avr/4.3.3/avr5\libgcc.a(_prologue.o)
 .data          0x00000000        0x0 c:/winavr/bin/../lib/gcc/avr/4.3.3/avr5\libgcc.a(_prologue.o)
 .bss           0x00000000        0x0 c:/winavr/bin/../lib/gcc/avr/4.3.3/avr5\libgcc.a(_prologue.o)
 .text          0x00000000        0x0 c:/winavr/bin/../lib/gcc/avr/4.3.3/avr5\libgcc.a(_epilogue.o)
 .data          0x00000000        0x0 c:/winavr/bin/../lib/gcc/avr/4.3.3/avr5\libgcc.a(_epilogue.o)
 .bss           0x00000000        0x0 c:/winavr/bin/../lib/gcc/avr/4.3.3/avr5\libgcc.a(_epilogue.o)
 .text          0x00000000        0x0 c:/winavr/bin/../lib/gcc/avr/4.3.3/avr5\libgcc.a(_exit.o)
 .data          0x00000000        0x0 c:/winavr/bin/../lib/gcc/avr/4.3.3/avr5\libgcc.a(_exit.o)
 .bss           0x00000000        0x0 c:/winavr/bin/../lib/gcc/avr/4.3.3/avr5\libgcc.a(_exit.o)
 .text.libgcc   0x00000000        0x0 c:/winavr/bin/../lib/gcc/avr/4.3.3/avr5\libgcc.a(_exit.o)
 .text          0x00000000        0x0 c:/winavr/bin/../lib/gcc/avr/4.3.3/avr5\libgcc.a(_clear_bss.o)
 .data          0x00000000        0x0 c:/winavr/bin/../lib/gcc/avr/4.3.3/avr5\libgcc.a(_clear_bss.o)
 .bss           0x00000000        0x0 c:/winavr/bin/../lib/gcc/avr/4.3.3/avr5\libgcc.a(_clear_bss.o)
 .text.libgcc   0x00000000        0x0 c:/winavr/bin/../lib/gcc/avr/4.3.3/avr5\libgcc.a(_clear_bss.o)
 .text          0x00000000        0x0 c:/winavr/bin/../lib/gcc/avr/4.3.3/../../../../avr/lib/avr5\libc.a(ftoa_engine.o)
 .data          0x00000000        0x0 c:/winavr/bin/../lib/gcc/avr/4.3.3/../../../../avr/lib/avr5\libc.a(ftoa_engine.o)
 .bss           0x00000000        0x0 c:/winavr/bin/../lib/gcc/avr/4.3.3/../../../../avr/lib/avr5\libc.a(ftoa_engine.o)
 .text          0x00000000        0x0 c:/winavr/bin/../lib/gcc/avr/4.3.3/../../../../avr/lib/avr5\libc.a(strnlen_P.o)
 .data          0x00000000        0x0 c:/winavr/bin/../lib/gcc/avr/4.3.3/../../../../avr/lib/avr5\libc.a(strnlen_P.o)
 .bss           0x00000000        0x0 c:/winavr/bin/../lib/gcc/avr/4.3.3/../../../../avr/lib/avr5\libc.a(strnlen_P.o)
 .text          0x00000000        0x0 c:/winavr/bin/../lib/gcc/avr/4.3.3/../../../../avr/lib/avr5\libc.a(strnlen.o)
 .data          0x00000000        0x0 c:/winavr/bin/../lib/gcc/avr/4.3.3/../../../../avr/lib/avr5\libc.a(strnlen.o)
 .bss           0x00000000        0x0 c:/winavr/bin/../lib/gcc/avr/4.3.3/../../../../avr/lib/avr5\libc.a(strnlen.o)
 .text          0x00000000        0x0 c:/winavr/bin/../lib/gcc/avr/4.3.3/../../../../avr/lib/avr5\libc.a(fputc.o)
 .data          0x00000000        0x0 c:/winavr/bin/../lib/gcc/avr/4.3.3/../../../../avr/lib/avr5\libc.a(fputc.o)
 .bss           0x00000000        0x0 c:/winavr/bin/../lib/gcc/avr/4.3.3/../../../../avr/lib/avr5\libc.a(fputc.o)
 .text          0x00000000        0x0 c:/winavr/bin/../lib/gcc/avr/4.3.3/../../../../avr/lib/avr5\libc.a(ultoa_invert.o)
 .data          0x00000000        0x0 c:/winavr/bin/../lib/gcc/avr/4.3.3/../../../../avr/lib/avr5\libc.a(ultoa_invert.o)
 .bss           0x00000000        0x0 c:/winavr/bin/../lib/gcc/avr/4.3.3/../../../../avr/lib/avr5\libc.a(ultoa_invert.o)

Memory Configuration

Name             Origin             Length             Attributes
text             0x00000000         0x00020000         xr
data             0x00800060         0x0000ffa0         rw !x
eeprom           0x00810000         0x00010000         rw !x
fuse             0x00820000         0x00000400         rw !x
lock             0x00830000         0x00000400         rw !x
signature        0x00840000         0x00000400         rw !x
*default*        0x00000000         0xffffffff

Linker script and memory map

Address of section .data set to 0x800200
LOAD c:/winavr/bin/../lib/gcc/avr/4.3.3/../../../../avr/lib/avr5/crtm640.o
LOAD src/adc_func.o
LOAD src/eeprom.o
LOAD src/gpio_func.o
LOAD src/obc_comm.o
LOAD src/peripheral_init.o
LOAD src/uart_func.o
LOAD src/wdt_megarf.o
LOAD src/ASF/mega/boards/stk600/rcx_x/init.o
LOAD src/cubesat_EPS.o
START GROUP
LOAD c:/winavr/bin/../lib/gcc/avr/4.3.3/../../../../avr/lib/avr5\libm.a
END GROUP
LOAD c:/winavr/bin/../lib/gcc/avr/4.3.3/../../../../avr/lib/avr5\libprintf_flt.a
LOAD c:/winavr/bin/../lib/gcc/avr/4.3.3/avr5\libgcc.a
LOAD c:/winavr/bin/../lib/gcc/avr/4.3.3/../../../../avr/lib/avr5\libc.a
LOAD c:/winavr/bin/../lib/gcc/avr/4.3.3/avr5\libgcc.a

.hash
 *(.hash)

.dynsym
 *(.dynsym)

.dynstr
 *(.dynstr)

.gnu.version
 *(.gnu.version)

.gnu.version_d
 *(.gnu.version_d)

.gnu.version_r
 *(.gnu.version_r)

.rel.init
 *(.rel.init)

.rela.init
 *(.rela.init)

.rel.text
 *(.rel.text)
 *(.rel.text.*)
 *(.rel.gnu.linkonce.t*)

.rela.text
 *(.rela.text)
 *(.rela.text.*)
 *(.rela.gnu.linkonce.t*)

.rel.fini
 *(.rel.fini)

.rela.fini
 *(.rela.fini)

.rel.rodata
 *(.rel.rodata)
 *(.rel.rodata.*)
 *(.rel.gnu.linkonce.r*)

.rela.rodata
 *(.rela.rodata)
 *(.rela.rodata.*)
 *(.rela.gnu.linkonce.r*)

.rel.data
 *(.rel.data)
 *(.rel.data.*)
 *(.rel.gnu.linkonce.d*)

.rela.data
 *(.rela.data)
 *(.rela.data.*)
 *(.rela.gnu.linkonce.d*)

.rel.ctors
 *(.rel.ctors)

.rela.ctors
 *(.rela.ctors)

.rel.dtors
 *(.rel.dtors)

.rela.dtors
 *(.rela.dtors)

.rel.got
 *(.rel.got)

.rela.got
 *(.rela.got)

.rel.bss
 *(.rel.bss)

.rela.bss
 *(.rela.bss)

.rel.plt
 *(.rel.plt)

.rela.plt
 *(.rela.plt)

.text           0x00000000      0xd8a
 *(.vectors)
 .vectors       0x00000000       0xe4 c:/winavr/bin/../lib/gcc/avr/4.3.3/../../../../avr/lib/avr5/crtm640.o
                0x00000000                __vectors
                0x00000000                __vector_default
 *(.vectors)
 *(.progmem.gcc*)
 *(.progmem*)
 .progmem.data  0x000000e4        0x8 c:/winavr/bin/../lib/gcc/avr/4.3.3/../../../../avr/lib/avr5\libprintf_flt.a(vfprintf_flt.o)
 .progmem.data  0x000000ec       0xfa c:/winavr/bin/../lib/gcc/avr/4.3.3/../../../../avr/lib/avr5\libc.a(ftoa_engine.o)
                0x000001e6                . = ALIGN (0x2)
                0x000001e6                __trampolines_start = .
 *(.trampolines)
 .trampolines   0x000001e6        0x0 linker stubs
 *(.trampolines*)
                0x000001e6                __trampolines_end = .
 *(.jumptables)
 *(.jumptables*)
 *(.lowtext)
 *(.lowtext*)
                0x000001e6                __ctors_start = .
 *(.ctors)
                0x000001e6                __ctors_end = .
                0x000001e6                __dtors_start = .
 *(.dtors)
                0x000001e6                __dtors_end = .
 SORT(*)(.ctors)
 SORT(*)(.dtors)
 *(.init0)
 .init0         0x000001e6        0x0 c:/winavr/bin/../lib/gcc/avr/4.3.3/../../../../avr/lib/avr5/crtm640.o
                0x000001e6                __init
 *(.init0)
 *(.init1)
 *(.init1)
 *(.init2)
 .init2         0x000001e6        0xc c:/winavr/bin/../lib/gcc/avr/4.3.3/../../../../avr/lib/avr5/crtm640.o
 *(.init2)
 *(.init3)
 *(.init3)
 *(.init4)
 .init4         0x000001f2       0x10 c:/winavr/bin/../lib/gcc/avr/4.3.3/avr5\libgcc.a(_clear_bss.o)
                0x000001f2                __do_clear_bss
 *(.init4)
 *(.init5)
 *(.init5)
 *(.init6)
 *(.init6)
 *(.init7)
 *(.init7)
 *(.init8)
 *(.init8)
 *(.init9)
 .init9         0x00000202        0x4 c:/winavr/bin/../lib/gcc/avr/4.3.3/../../../../avr/lib/avr5/crtm640.o
 *(.init9)
 *(.text)
 .text          0x00000206        0x2 c:/winavr/bin/../lib/gcc/avr/4.3.3/../../../../avr/lib/avr5/crtm640.o
                0x00000206                __vector_38
                0x00000206                __vector_22
                0x00000206                __vector_28
                0x00000206                __vector_1
                0x00000206                __vector_32
                0x00000206                __vector_34
                0x00000206                __vector_24
                0x00000206                __vector_55
                0x00000206                __vector_46
                0x00000206                __bad_interrupt
                0x00000206                __vector_6
                0x00000206                __vector_31
                0x00000206                __vector_35
                0x00000206                __vector_39
                0x00000206                __vector_3
                0x00000206                __vector_23
                0x00000206                __vector_30
                0x00000206                __vector_45
                0x00000206                __vector_25
                0x00000206                __vector_11
                0x00000206                __vector_54
                0x00000206                __vector_13
                0x00000206                __vector_19
                0x00000206                __vector_56
                0x00000206                __vector_7
                0x00000206                __vector_49
                0x00000206                __vector_41
                0x00000206                __vector_43
                0x00000206                __vector_27
                0x00000206                __vector_5
                0x00000206                __vector_33
                0x00000206                __vector_47
                0x00000206                __vector_52
                0x00000206                __vector_37
                0x00000206                __vector_4
                0x00000206                __vector_44
                0x00000206                __vector_51
                0x00000206                __vector_9
                0x00000206                __vector_2
                0x00000206                __vector_21
                0x00000206                __vector_15
                0x00000206                __vector_36
                0x00000206                __vector_29
                0x00000206                __vector_40
                0x00000206                __vector_8
                0x00000206                __vector_26
                0x00000206                __vector_48
                0x00000206                __vector_14
                0x00000206                __vector_53
                0x00000206                __vector_10
                0x00000206                __vector_50
                0x00000206                __vector_16
                0x00000206                __vector_18
                0x00000206                __vector_20
                0x00000206                __vector_42
                0x00000208                . = ALIGN (0x2)
 *(.text.*)
 .text.GPIO_init
                0x00000208       0x2a src/peripheral_init.o
                0x00000208                GPIO_init
 .text.ADC_init
                0x00000232        0xe src/peripheral_init.o
                0x00000232                ADC_init
 .text.UART0_init
                0x00000240       0x18 src/peripheral_init.o
                0x00000240                UART0_init
 .text.WD_init  0x00000258        0x2 src/peripheral_init.o
                0x00000258                WD_init
 .text.UART0_putchar
                0x0000025a       0x12 src/uart_func.o
                0x0000025a                UART0_putchar
 .text.UART0_getchar
                0x0000026c       0x10 src/uart_func.o
                0x0000026c                UART0_getchar
 .text.UART0_putstring
                0x0000027c       0x1c src/uart_func.o
                0x0000027c                UART0_putstring
 .text.UART0_getstring
                0x00000298       0x48 src/uart_func.o
                0x00000298                UART0_getstring
 .text.__vector_12
                0x000002e0       0x52 src/wdt_megarf.o
                0x000002e0                __vector_12
 .text.__vector_17
                0x00000332       0x14 src/cubesat_EPS.o
                0x00000332                __vector_17
 .text.main     0x00000346       0x12 src/cubesat_EPS.o
                0x00000346                main
 .text.avr-libc
                0x00000358      0x6d0 c:/winavr/bin/../lib/gcc/avr/4.3.3/../../../../avr/lib/avr5\libprintf_flt.a(vfprintf_flt.o)
                0x00000358                vfprintf
 .text.libgcc   0x00000a28       0x38 c:/winavr/bin/../lib/gcc/avr/4.3.3/avr5\libgcc.a(_prologue.o)
                0x00000a28                __prologue_saves__
 .text.libgcc   0x00000a60       0x36 c:/winavr/bin/../lib/gcc/avr/4.3.3/avr5\libgcc.a(_epilogue.o)
                0x00000a60                __epilogue_restores__
 .text.avr-libc
                0x00000a96      0x1b0 c:/winavr/bin/../lib/gcc/avr/4.3.3/../../../../avr/lib/avr5\libc.a(ftoa_engine.o)
                0x00000a96                __ftoa_engine
 .text.avr-libc
                0x00000c46       0x16 c:/winavr/bin/../lib/gcc/avr/4.3.3/../../../../avr/lib/avr5\libc.a(strnlen_P.o)
                0x00000c46                strnlen_P
 .text.avr-libc
                0x00000c5c       0x16 c:/winavr/bin/../lib/gcc/avr/4.3.3/../../../../avr/lib/avr5\libc.a(strnlen.o)
                0x00000c5c                strnlen
 .text.avr-libc
                0x00000c72       0x58 c:/winavr/bin/../lib/gcc/avr/4.3.3/../../../../avr/lib/avr5\libc.a(fputc.o)
                0x00000c72                fputc
 .text.avr-libc
                0x00000cca       0xbc c:/winavr/bin/../lib/gcc/avr/4.3.3/../../../../avr/lib/avr5\libc.a(ultoa_invert.o)
                0x00000cca                __ultoa_invert
                0x00000d86                . = ALIGN (0x2)
 *(.fini9)
 .fini9         0x00000d86        0x0 c:/winavr/bin/../lib/gcc/avr/4.3.3/avr5\libgcc.a(_exit.o)
                0x00000d86                exit
                0x00000d86                _exit
 *(.fini9)
 *(.fini8)
 *(.fini8)
 *(.fini7)
 *(.fini7)
 *(.fini6)
 *(.fini6)
 *(.fini5)
 *(.fini5)
 *(.fini4)
 *(.fini4)
 *(.fini3)
 *(.fini3)
 *(.fini2)
 *(.fini2)
 *(.fini1)
 *(.fini1)
 *(.fini0)
 .fini0         0x00000d86        0x4 c:/winavr/bin/../lib/gcc/avr/4.3.3/avr5\libgcc.a(_exit.o)
 *(.fini0)
                0x00000d8a                _etext = .

.data           0x00800200        0x0 load address 0x00000d8a
                0x00800200                PROVIDE (__data_start, .)
 *(.data)
 *(.data*)
 *(.rodata)
 *(.rodata*)
 *(.gnu.linkonce.d*)
                0x00800200                . = ALIGN (0x2)
                0x00800200                _edata = .
                0x00800200                PROVIDE (__data_end, .)

.bss            0x00800200        0x2
                0x00800200                PROVIDE (__bss_start, .)
 *(.bss)
 *(.bss*)
 .bss.wdt_timer_callback
                0x00800200        0x2 src/wdt_megarf.o
 *(COMMON)
                0x00800202                PROVIDE (__bss_end, .)
                0x00000d8a                __data_load_start = LOADADDR (.data)
                0x00000d8a                __data_load_end = (__data_load_start + SIZEOF (.data))

.noinit         0x00800202        0x0
                0x00800202                PROVIDE (__noinit_start, .)
 *(.noinit*)
                0x00800202                PROVIDE (__noinit_end, .)
                0x00800202                _end = .
                0x00800202                PROVIDE (__heap_start, .)

.eeprom         0x00810000        0x0
 *(.eeprom*)
                0x00810000                __eeprom_end = .

.fuse
 *(.fuse)
 *(.lfuse)
 *(.hfuse)
 *(.efuse)

.lock
 *(.lock*)

.signature
 *(.signature*)

.stab
 *(.stab)

.stabstr
 *(.stabstr)

.stab.excl
 *(.stab.excl)

.stab.exclstr
 *(.stab.exclstr)

.stab.index
 *(.stab.index)

.stab.indexstr
 *(.stab.indexstr)

.comment
 *(.comment)

.debug
 *(.debug)

.line
 *(.line)

.debug_srcinfo
 *(.debug_srcinfo)

.debug_sfnames
 *(.debug_sfnames)

.debug_aranges  0x00000000      0x1a0
 *(.debug_aranges)
 .debug_aranges
                0x00000000       0x40 src/adc_func.o
 .debug_aranges
                0x00000040       0x28 src/eeprom.o
 .debug_aranges
                0x00000068       0x28 src/gpio_func.o
 .debug_aranges
                0x00000090       0x40 src/peripheral_init.o
 .debug_aranges
                0x000000d0       0x38 src/uart_func.o
 .debug_aranges
                0x00000108       0x48 src/wdt_megarf.o
 .debug_aranges
                0x00000150       0x20 src/ASF/mega/boards/stk600/rcx_x/init.o
 .debug_aranges
                0x00000170       0x30 src/cubesat_EPS.o

.debug_pubnames
                0x00000000      0x263
 *(.debug_pubnames)
 .debug_pubnames
                0x00000000       0x55 src/adc_func.o
 .debug_pubnames
                0x00000055       0x33 src/eeprom.o
 .debug_pubnames
                0x00000088       0x2e src/gpio_func.o
 .debug_pubnames
                0x000000b6       0x55 src/peripheral_init.o
 .debug_pubnames
                0x0000010b       0x5e src/uart_func.o
 .debug_pubnames
                0x00000169       0x8d src/wdt_megarf.o
 .debug_pubnames
                0x000001f6       0x21 src/ASF/mega/boards/stk600/rcx_x/init.o
 .debug_pubnames
                0x00000217       0x4c src/cubesat_EPS.o

.debug_info     0x00000000      0xa0a
 *(.debug_info)
 .debug_info    0x00000000      0x189 src/adc_func.o
 .debug_info    0x00000189       0xeb src/eeprom.o
 .debug_info    0x00000274       0xd5 src/gpio_func.o
 .debug_info    0x00000349        0x0 src/obc_comm.o
 .debug_info    0x00000349       0xcb src/peripheral_init.o
 .debug_info    0x00000414      0x12f src/uart_func.o
 .debug_info    0x00000543      0x304 src/wdt_megarf.o
 .debug_info    0x00000847       0x80 src/ASF/mega/boards/stk600/rcx_x/init.o
 .debug_info    0x000008c7      0x143 src/cubesat_EPS.o
 *(.gnu.linkonce.wi.*)

.debug_abbrev   0x00000000      0x58e
 *(.debug_abbrev)
 .debug_abbrev  0x00000000       0xdc src/adc_func.o
 .debug_abbrev  0x000000dc       0x90 src/eeprom.o
 .debug_abbrev  0x0000016c       0x7f src/gpio_func.o
 .debug_abbrev  0x000001eb        0x1 src/obc_comm.o
 .debug_abbrev  0x000001ec       0x4a src/peripheral_init.o
 .debug_abbrev  0x00000236       0xdc src/uart_func.o
 .debug_abbrev  0x00000312      0x161 src/wdt_megarf.o
 .debug_abbrev  0x00000473       0x4c src/ASF/mega/boards/stk600/rcx_x/init.o
 .debug_abbrev  0x000004bf       0xcf src/cubesat_EPS.o

.debug_line     0x00000000     0x2268
 *(.debug_line)
 .debug_line    0x00000000      0x498 src/adc_func.o
 .debug_line    0x00000498      0x400 src/eeprom.o
 .debug_line    0x00000898      0x3cc src/gpio_func.o
 .debug_line    0x00000c64       0x39 src/obc_comm.o
 .debug_line    0x00000c9d      0x4c3 src/peripheral_init.o
 .debug_line    0x00001160      0x3b1 src/uart_func.o
 .debug_line    0x00001511      0x5c1 src/wdt_megarf.o
 .debug_line    0x00001ad2      0x320 src/ASF/mega/boards/stk600/rcx_x/init.o
 .debug_line    0x00001df2      0x476 src/cubesat_EPS.o

.debug_frame    0x00000000      0x240
 *(.debug_frame)
 .debug_frame   0x00000000       0x60 src/adc_func.o
 .debug_frame   0x00000060       0x30 src/eeprom.o
 .debug_frame   0x00000090       0x30 src/gpio_func.o
 .debug_frame   0x000000c0       0x60 src/peripheral_init.o
 .debug_frame   0x00000120       0x50 src/uart_func.o
 .debug_frame   0x00000170       0x70 src/wdt_megarf.o
 .debug_frame   0x000001e0       0x20 src/ASF/mega/boards/stk600/rcx_x/init.o
 .debug_frame   0x00000200       0x40 src/cubesat_EPS.o

.debug_str      0x00000000      0x4fe
 *(.debug_str)
 .debug_str     0x00000000      0x11f src/adc_func.o
                                0x158 (size before relaxing)
 .debug_str     0x0000011f       0x45 src/eeprom.o
                                0x13c (size before relaxing)
 .debug_str     0x00000164       0x35 src/gpio_func.o
                                0x123 (size before relaxing)
 .debug_str     0x00000199       0x48 src/peripheral_init.o
                                0x131 (size before relaxing)
 .debug_str     0x000001e1       0x54 src/uart_func.o
                                0x149 (size before relaxing)
 .debug_str     0x00000235      0x244 src/wdt_megarf.o
                                0x350 (size before relaxing)
 .debug_str     0x00000479       0x36 src/ASF/mega/boards/stk600/rcx_x/init.o
                                0x11f (size before relaxing)
 .debug_str     0x000004af       0x4f src/cubesat_EPS.o
                                0x14b (size before relaxing)

.debug_loc      0x00000000      0x3c9
 *(.debug_loc)
 .debug_loc     0x00000000      0x1fc src/adc_func.o
 .debug_loc     0x000001fc       0x46 src/eeprom.o
 .debug_loc     0x00000242      0x110 src/gpio_func.o
 .debug_loc     0x00000352       0x46 src/uart_func.o
 .debug_loc     0x00000398       0x31 src/wdt_megarf.o

.debug_macinfo  0x00000000    0x9527d
 *(.debug_macinfo)
 .debug_macinfo
                0x00000000    0x12da0 src/adc_func.o
 .debug_macinfo
                0x00012da0    0x12cc5 src/eeprom.o
 .debug_macinfo
                0x00025a65    0x129b9 src/gpio_func.o
 .debug_macinfo
                0x0003841e      0xba6 src/obc_comm.o
 .debug_macinfo
                0x00038fc4    0x129f3 src/peripheral_init.o
 .debug_macinfo
                0x0004b9b7    0x129a5 src/uart_func.o
 .debug_macinfo
                0x0005e35c    0x11ba6 src/wdt_megarf.o
 .debug_macinfo
                0x0006ff02    0x123a6 src/ASF/mega/boards/stk600/rcx_x/init.o
 .debug_macinfo
                0x000822a8    0x12fd5 src/cubesat_EPS.o
OUTPUT(MEGA_GPIO_EXAMPLE1.elf elf32-avr)
LOAD linker stubs

.debug_ranges   0x00000000      0x160
 .debug_ranges  0x00000000       0x38 src/adc_func.o
 .debug_ranges  0x00000038       0x20 src/eeprom.o
 .debug_ranges  0x00000058       0x20 src/gpio_func.o
 .debug_ranges  0x00000078       0x38 src/peripheral_init.o
 .debug_ranges  0x000000b0       0x30 src/uart_func.o
 .debug_ranges  0x000000e0       0x40 src/wdt_megarf.o
 .debug_ranges  0x00000120       0x18 src/ASF/mega/boards/stk600/rcx_x/init.o
 .debug_ranges  0x00000138       0x28 src/cubesat_EPS.o
