Archive member included to satisfy reference by file (symbol)

c:/program files (x86)/atmel/studio/7.0/toolchain/avr8/avr8-gnu-toolchain/bin/../lib/gcc/avr/5.4.0/../../../../avr/lib/avr5\libm.a(addsf3.o)
                              src/adc_func.o (__subsf3)
c:/program files (x86)/atmel/studio/7.0/toolchain/avr8/avr8-gnu-toolchain/bin/../lib/gcc/avr/5.4.0/../../../../avr/lib/avr5\libm.a(addsf3x.o)
                              c:/program files (x86)/atmel/studio/7.0/toolchain/avr8/avr8-gnu-toolchain/bin/../lib/gcc/avr/5.4.0/../../../../avr/lib/avr5\libm.a(addsf3.o) (__addsf3x)
c:/program files (x86)/atmel/studio/7.0/toolchain/avr8/avr8-gnu-toolchain/bin/../lib/gcc/avr/5.4.0/../../../../avr/lib/avr5\libm.a(cmpsf2.o)
                              src/adc_func.o (__ltsf2)
c:/program files (x86)/atmel/studio/7.0/toolchain/avr8/avr8-gnu-toolchain/bin/../lib/gcc/avr/5.4.0/../../../../avr/lib/avr5\libm.a(divsf3.o)
                              src/adc_func.o (__divsf3)
c:/program files (x86)/atmel/studio/7.0/toolchain/avr8/avr8-gnu-toolchain/bin/../lib/gcc/avr/5.4.0/../../../../avr/lib/avr5\libm.a(divsf3x.o)
                              c:/program files (x86)/atmel/studio/7.0/toolchain/avr8/avr8-gnu-toolchain/bin/../lib/gcc/avr/5.4.0/../../../../avr/lib/avr5\libm.a(divsf3.o) (__divsf3x)
c:/program files (x86)/atmel/studio/7.0/toolchain/avr8/avr8-gnu-toolchain/bin/../lib/gcc/avr/5.4.0/../../../../avr/lib/avr5\libm.a(floatsisf.o)
                              src/adc_func.o (__floatunsisf)
c:/program files (x86)/atmel/studio/7.0/toolchain/avr8/avr8-gnu-toolchain/bin/../lib/gcc/avr/5.4.0/../../../../avr/lib/avr5\libm.a(fp_cmp.o)
                              c:/program files (x86)/atmel/studio/7.0/toolchain/avr8/avr8-gnu-toolchain/bin/../lib/gcc/avr/5.4.0/../../../../avr/lib/avr5\libm.a(cmpsf2.o) (__fp_cmp)
c:/program files (x86)/atmel/studio/7.0/toolchain/avr8/avr8-gnu-toolchain/bin/../lib/gcc/avr/5.4.0/../../../../avr/lib/avr5\libm.a(fp_inf.o)
                              c:/program files (x86)/atmel/studio/7.0/toolchain/avr8/avr8-gnu-toolchain/bin/../lib/gcc/avr/5.4.0/../../../../avr/lib/avr5\libm.a(addsf3x.o) (__fp_inf)
c:/program files (x86)/atmel/studio/7.0/toolchain/avr8/avr8-gnu-toolchain/bin/../lib/gcc/avr/5.4.0/../../../../avr/lib/avr5\libm.a(fp_nan.o)
                              c:/program files (x86)/atmel/studio/7.0/toolchain/avr8/avr8-gnu-toolchain/bin/../lib/gcc/avr/5.4.0/../../../../avr/lib/avr5\libm.a(addsf3x.o) (__fp_nan)
c:/program files (x86)/atmel/studio/7.0/toolchain/avr8/avr8-gnu-toolchain/bin/../lib/gcc/avr/5.4.0/../../../../avr/lib/avr5\libm.a(fp_pscA.o)
                              c:/program files (x86)/atmel/studio/7.0/toolchain/avr8/avr8-gnu-toolchain/bin/../lib/gcc/avr/5.4.0/../../../../avr/lib/avr5\libm.a(addsf3x.o) (__fp_pscA)
c:/program files (x86)/atmel/studio/7.0/toolchain/avr8/avr8-gnu-toolchain/bin/../lib/gcc/avr/5.4.0/../../../../avr/lib/avr5\libm.a(fp_pscB.o)
                              c:/program files (x86)/atmel/studio/7.0/toolchain/avr8/avr8-gnu-toolchain/bin/../lib/gcc/avr/5.4.0/../../../../avr/lib/avr5\libm.a(addsf3x.o) (__fp_pscB)
c:/program files (x86)/atmel/studio/7.0/toolchain/avr8/avr8-gnu-toolchain/bin/../lib/gcc/avr/5.4.0/../../../../avr/lib/avr5\libm.a(fp_round.o)
                              c:/program files (x86)/atmel/studio/7.0/toolchain/avr8/avr8-gnu-toolchain/bin/../lib/gcc/avr/5.4.0/../../../../avr/lib/avr5\libm.a(addsf3.o) (__fp_round)
c:/program files (x86)/atmel/studio/7.0/toolchain/avr8/avr8-gnu-toolchain/bin/../lib/gcc/avr/5.4.0/../../../../avr/lib/avr5\libm.a(fp_split3.o)
                              c:/program files (x86)/atmel/studio/7.0/toolchain/avr8/avr8-gnu-toolchain/bin/../lib/gcc/avr/5.4.0/../../../../avr/lib/avr5\libm.a(addsf3x.o) (__fp_split3)
c:/program files (x86)/atmel/studio/7.0/toolchain/avr8/avr8-gnu-toolchain/bin/../lib/gcc/avr/5.4.0/../../../../avr/lib/avr5\libm.a(fp_zero.o)
                              c:/program files (x86)/atmel/studio/7.0/toolchain/avr8/avr8-gnu-toolchain/bin/../lib/gcc/avr/5.4.0/../../../../avr/lib/avr5\libm.a(addsf3x.o) (__fp_zero)
c:/program files (x86)/atmel/studio/7.0/toolchain/avr8/avr8-gnu-toolchain/bin/../lib/gcc/avr/5.4.0/../../../../avr/lib/avr5\libm.a(gesf2.o)
                              src/power_state_mat.o (__gesf2)
c:/program files (x86)/atmel/studio/7.0/toolchain/avr8/avr8-gnu-toolchain/bin/../lib/gcc/avr/5.4.0/../../../../avr/lib/avr5\libm.a(mulsf3.o)
                              src/adc_func.o (__mulsf3)
c:/program files (x86)/atmel/studio/7.0/toolchain/avr8/avr8-gnu-toolchain/bin/../lib/gcc/avr/5.4.0/../../../../avr/lib/avr5\libm.a(mulsf3x.o)
                              c:/program files (x86)/atmel/studio/7.0/toolchain/avr8/avr8-gnu-toolchain/bin/../lib/gcc/avr/5.4.0/../../../../avr/lib/avr5\libm.a(mulsf3.o) (__mulsf3x)
c:/program files (x86)/atmel/studio/7.0/toolchain/avr8/avr8-gnu-toolchain/bin/../lib/gcc/avr/5.4.0/../../../../avr/lib/avr5\libprintf_flt.a(vfprintf_flt.o)
[...]
Memory Configuration

Name             Origin             Length             Attributes
text             0x00000000         0x00020000         xr
data             0x00800060         0x0000ffa0         rw !x
eeprom           0x00810000         0x00010000         rw !x
fuse             0x00820000         0x00000003         rw !x
lock             0x00830000         0x00000400         rw !x
signature        0x00840000         0x00000400         rw !x
user_signatures  0x00850000         0x00000400         rw !x
*default*        0x00000000         0xffffffff

Linker script and memory map

Address of section .data set to 0x800200
LOAD c:/program files (x86)/atmel/studio/7.0/toolchain/avr8/avr8-gnu-toolchain/bin/../lib/gcc/avr/5.4.0/../../../../avr/lib/avr5/crtatmega640.o
LOAD src/adc_func.o
LOAD src/launcher.o
LOAD src/power_switch.o
LOAD src/power_state_mat.o
LOAD src/eeprom.o
LOAD src/gpio_func.o
LOAD src/obc_comm.o
LOAD src/peripheral_init.o
LOAD src/uart_func.o
LOAD src/wdt_megarf.o
LOAD src/ASF/mega/boards/stk600/rcx_x/init.o
LOAD src/cubesat_EPS.o
START GROUP
LOAD c:/program files (x86)/atmel/studio/7.0/toolchain/avr8/avr8-gnu-toolchain/bin/../lib/gcc/avr/5.4.0/../../../../avr/lib/avr5\libm.a
END GROUP
LOAD c:/program files (x86)/atmel/studio/7.0/toolchain/avr8/avr8-gnu-toolchain/bin/../lib/gcc/avr/5.4.0/../../../../avr/lib/avr5\libprintf_flt.a
START GROUP
LOAD c:/program files (x86)/atmel/studio/7.0/toolchain/avr8/avr8-gnu-toolchain/bin/../lib/gcc/avr/5.4.0/avr5\libgcc.a
LOAD c:/program files (x86)/atmel/studio/7.0/toolchain/avr8/avr8-gnu-toolchain/bin/../lib/gcc/avr/5.4.0/../../../../avr/lib/avr5\libm.a
LOAD c:/program files (x86)/atmel/studio/7.0/toolchain/avr8/avr8-gnu-toolchain/bin/../lib/gcc/avr/5.4.0/../../../../avr/lib/avr5\libc.a
LOAD c:/program files (x86)/atmel/studio/7.0/toolchain/avr8/avr8-gnu-toolchain/bin/../lib/gcc/avr/5.4.0/../../../../avr/lib/avr5\libatmega640.a
END GROUP
                0x00020000                __TEXT_REGION_LENGTH__ = DEFINED (__TEXT_REGION_LENGTH__)?__TEXT_REGION_LENGTH__:0x20000
                0x0000ffa0                __DATA_REGION_LENGTH__ = DEFINED (__DATA_REGION_LENGTH__)?__DATA_REGION_LENGTH__:0xffa0
                0x00010000                __EEPROM_REGION_LENGTH__ = DEFINED (__EEPROM_REGION_LENGTH__)?__EEPROM_REGION_LENGTH__:0x10000
                [0x00000003]                __FUSE_REGION_LENGTH__ = DEFINED (__FUSE_REGION_LENGTH__)?__FUSE_REGION_LENGTH__:0x400
                0x00000400                __LOCK_REGION_LENGTH__ = DEFINED (__LOCK_REGION_LENGTH__)?__LOCK_REGION_LENGTH__:0x400
                0x00000400                __SIGNATURE_REGION_LENGTH__ = DEFINED (__SIGNATURE_REGION_LENGTH__)?__SIGNATURE_REGION_LENGTH__:0x400
                0x00000400                __USER_SIGNATURE_REGION_LENGTH__ = DEFINED (__USER_SIGNATURE_REGION_LENGTH__)?__USER_SIGNATURE_REGION_LENGTH__:0x400

.hash
 *(.hash)

.dynsym
 *(.dynsym)

.dynstr
 *(.dynstr)

.gnu.version
 *(.gnu.version)

.gnu.version_d
 *(.gnu.version_d)

.gnu.version_r
 *(.gnu.version_r)

.rel.init
 *(.rel.init)

.rela.init
 *(.rela.init)

.rel.text
 *(.rel.text)
 *(.rel.text.*)
 *(.rel.gnu.linkonce.t*)

.rela.text
 *(.rela.text)
 *(.rela.text.*)
 *(.rela.gnu.linkonce.t*)

.rel.fini
 *(.rel.fini)

.rela.fini
 *(.rela.fini)

.rel.rodata
 *(.rel.rodata)
 *(.rel.rodata.*)
 *(.rel.gnu.linkonce.r*)

.rela.rodata
 *(.rela.rodata)
 *(.rela.rodata.*)
 *(.rela.gnu.linkonce.r*)

.rel.data
 *(.rel.data)
 *(.rel.data.*)
 *(.rel.gnu.linkonce.d*)

.rela.data
 *(.rela.data)
 *(.rela.data.*)
 *(.rela.gnu.linkonce.d*)

.rel.ctors
 *(.rel.ctors)

.rela.ctors
 *(.rela.ctors)

.rel.dtors
 *(.rel.dtors)

.rela.dtors
 *(.rela.dtors)

.rel.got
 *(.rel.got)

.rela.got
 *(.rela.got)

.rel.bss
 *(.rel.bss)

.rela.bss
 *(.rela.bss)

.rel.plt
 *(.rel.plt)

.rela.plt
 *(.rela.plt)

.text           0x00000000     0x2c52
 *(.vectors)
 .vectors       0x00000000       0xe4 c:/program files (x86)/atmel/studio/7.0/toolchain/avr8/avr8-gnu-toolchain/bin/../lib/gcc/avr/5.4.0/../../../../avr/lib/avr5/crtatmega640.o
                0x00000000                __vector_default
                0x00000000                __vectors
 *(.vectors)
 *(.progmem.gcc*)
                0x000000e4                . = ALIGN (0x2)
                0x000000e4                __trampolines_start = .
 *(.trampolines)
 .trampolines   0x000000e4        0x0 linker stubs
 *(.trampolines*)
                0x000000e4                __trampolines_end = .
 *libprintf_flt.a:*(.progmem.data)
 .progmem.data  0x000000e4        0x8 c:/program files (x86)/atmel/studio/7.0/toolchain/avr8/avr8-gnu-toolchain/bin/../lib/gcc/avr/5.4.0/../../../../avr/lib/avr5\libprintf_flt.a(vfprintf_flt.o)
 *libc.a:*(.progmem.data)
 .progmem.data  0x000000ec       0xfa c:/program files (x86)/atmel/studio/7.0/toolchain/avr8/avr8-gnu-toolchain/bin/../lib/gcc/avr/5.4.0/../../../../avr/lib/avr5\libc.a(ftoa_engine.o)
 *(.progmem*)
                0x000001e6                . = ALIGN (0x2)
 *(.jumptables)
 *(.jumptables*)
 *(.lowtext)
 *(.lowtext*)
                0x000001e6                __ctors_start = .
 *(.ctors)
                0x000001e6                __ctors_end = .
                0x000001e6                __dtors_start = .
 *(.dtors)
                0x000001e6                __dtors_end = .
 SORT(*)(.ctors)
 SORT(*)(.dtors)
 *(.init0)
 .init0         0x000001e6        0x0 c:/program files (x86)/atmel/studio/7.0/toolchain/avr8/avr8-gnu-toolchain/bin/../lib/gcc/avr/5.4.0/../../../../avr/lib/avr5/crtatmega640.o
                0x000001e6                __init
 *(.init0)
 *(.init1)
 *(.init1)
 *(.init2)
 .init2         0x000001e6        0xc c:/program files (x86)/atmel/studio/7.0/toolchain/avr8/avr8-gnu-toolchain/bin/../lib/gcc/avr/5.4.0/../../../../avr/lib/avr5/crtatmega640.o
 *(.init2)
 *(.init3)
 *(.init3)
 *(.init4)
 .init4         0x000001f2       0x16 c:/program files (x86)/atmel/studio/7.0/toolchain/avr8/avr8-gnu-toolchain/bin/../lib/gcc/avr/5.4.0/avr5\libgcc.a(_copy_data.o)
                0x000001f2                __do_copy_data
 .init4         0x00000208       0x10 c:/program files (x86)/atmel/studio/7.0/toolchain/avr8/avr8-gnu-toolchain/bin/../lib/gcc/avr/5.4.0/avr5\libgcc.a(_clear_bss.o)
                0x00000208                __do_clear_bss
 *(.init4)
 *(.init5)
 *(.init5)
 *(.init6)
 *(.init6)
 *(.init7)
 *(.init7)
 *(.init8)
 *(.init8)
 *(.init9)
 .init9         0x00000218        0x8 c:/program files (x86)/atmel/studio/7.0/toolchain/avr8/avr8-gnu-toolchain/bin/../lib/gcc/avr/5.4.0/../../../../avr/lib/avr5/crtatmega640.o
 *(.init9)
 *(.text)
 .text          0x00000220        0x2 c:/program files (x86)/atmel/studio/7.0/toolchain/avr8/avr8-gnu-toolchain/bin/../lib/gcc/avr/5.4.0/../../../../avr/lib/avr5/crtatmega640.o
                0x00000220                __vector_38
                0x00000220                __vector_22
                0x00000220                __vector_28
                0x00000220                __vector_1
                0x00000220                __vector_32
                0x00000220                __vector_34
                0x00000220                __vector_24
                0x00000220                __vector_55
                0x00000220                __vector_46
                0x00000220                __bad_interrupt
                0x00000220                __vector_6
                0x00000220                __vector_31
                0x00000220                __vector_35
                0x00000220                __vector_39
                0x00000220                __vector_3
                0x00000220                __vector_23
                0x00000220                __vector_30
                0x00000220                __vector_45
                0x00000220                __vector_11
                0x00000220                __vector_54
                0x00000220                __vector_13
                0x00000220                __vector_19
                0x00000220                __vector_56
                0x00000220                __vector_7
                0x00000220                __vector_49
                0x00000220                __vector_41
                0x00000220                __vector_43
                0x00000220                __vector_27
                0x00000220                __vector_5
                0x00000220                __vector_33
                0x00000220                __vector_47
                0x00000220                __vector_52
                0x00000220                __vector_37
                0x00000220                __vector_4
                0x00000220                __vector_44
                0x00000220                __vector_51
                0x00000220                __vector_9
                0x00000220                __vector_2
                0x00000220                __vector_21
                0x00000220                __vector_15
                0x00000220                __vector_36
                0x00000220                __vector_29
                0x00000220                __vector_40
                0x00000220                __vector_8
                0x00000220                __vector_26
                0x00000220                __vector_48
                0x00000220                __vector_14
                0x00000220                __vector_53
                0x00000220                __vector_10
                0x00000220                __vector_50
                0x00000220                __vector_16
                0x00000220                __vector_18
                0x00000220                __vector_20
                0x00000220                __vector_42
                0x00000222                . = ALIGN (0x2)
 *(.text.*)
 .text.Change_ADC
                0x00000222       0x24 src/adc_func.o
                0x00000222                Change_ADC
 .text.Read_ADC
                0x00000246       0x1a src/adc_func.o
                0x00000246                Read_ADC
 .text.Check_ADC
                0x00000260       0x10 src/adc_func.o
                0x00000260                Check_ADC
 .text.Volt_ADC
                0x00000270       0xd2 src/adc_func.o
                0x00000270                Volt_ADC
 .text.Amp_ADC  0x00000342      0x186 src/adc_func.o
                0x00000342                Amp_ADC
 .text.Temp_ADC
                0x000004c8      0x186 src/adc_func.o
                0x000004c8                Temp_ADC
 .text.SoC_ADC  0x0000064e      0x498 src/adc_func.o
                0x0000064e                SoC_ADC
 .text.launch_pre
                0x00000ae6        0xa src/launcher.o
                0x00000ae6                launch_pre
 .text.launch_post
                0x00000af0        0xa src/launcher.o
                0x00000af0                launch_post
 .text.launch_check
                0x00000afa       0x28 src/launcher.o
                0x00000afa                launch_check
 .text.launch_state
                0x00000b22       0x1c src/launcher.o
                0x00000b22                launch_state
 .text.launch_reset
                0x00000b3e       0x10 src/launcher.o
                0x00000b3e                launch_reset
 .text.Enable_3V3_1
                0x00000b4e       0x1e src/power_switch.o
                0x00000b4e                Enable_3V3_1
 .text.Enable_5V
                0x00000b6c       0x1e src/power_switch.o
                0x00000b6c                Enable_5V
 .text.Enable_8V
                0x00000b8a       0x1e src/power_switch.o
                0x00000b8a                Enable_8V
 .text.Enable_VBatt
                0x00000ba8       0x1e src/power_switch.o
                0x00000ba8                Enable_VBatt
 .text.Disable_3V3_1
                0x00000bc6        0xc src/power_switch.o
                0x00000bc6                Disable_3V3_1
 .text.Disable_5V
                0x00000bd2        0xc src/power_switch.o
                0x00000bd2                Disable_5V
 .text.Disable_8V
                0x00000bde        0xc src/power_switch.o
                0x00000bde                Disable_8V
 .text.Disable_VBatt
                0x00000bea        0xc src/power_switch.o
                0x00000bea                Disable_VBatt
 .text.heater_SWITCH
                0x00000bf6       0xae src/power_switch.o
                0x00000bf6                heater_SWITCH
 .text.obc_SWITCH
                0x00000ca4       0x14 src/power_switch.o
                0x00000ca4                obc_SWITCH
 .text.imager_SWITCH
                0x00000cb8       0x2c src/power_switch.o
                0x00000cb8                imager_SWITCH
 .text.grips_SWITCH
                0x00000ce4       0x32 src/power_switch.o
                0x00000ce4                grips_SWITCH
 .text.sband_SWITCH
                0x00000d16       0x20 src/power_switch.o
                0x00000d16                sband_SWITCH
 .text.uhf_SWITCH
                0x00000d36       0x20 src/power_switch.o
                0x00000d36                uhf_SWITCH
 .text.Update_LOADS
                0x00000d56       0x1e src/power_switch.o
                0x00000d56                Update_LOADS
 .text.pwrMatInit
                0x00000d74       0x50 src/power_state_mat.o
                0x00000d74                pwrMatInit
 .text.PowerStateCheck
                0x00000dc4      0x44a src/power_state_mat.o
                0x00000dc4                PowerStateCheck
 .text.Update_STATE
                0x0000120e       0x28 src/power_state_mat.o
                0x0000120e                Update_STATE
 .text.EEPROM_Write
                0x00001236       0x14 src/eeprom.o
                0x00001236                EEPROM_Write
 .text.EEPROM_Read
                0x0000124a       0x10 src/eeprom.o
                0x0000124a                EEPROM_Read
 .text.Set_GPIO
                0x0000125a       0xcc src/gpio_func.o
                0x0000125a                Set_GPIO
 .text.Clear_GPIO
                0x00001326       0xde src/gpio_func.o
                0x00001326                Clear_GPIO
 .text.Update_TELEM
                0x00001404       0xd2 src/obc_comm.o
                0x00001404                Update_TELEM
 .text.Update_OBC
                0x000014d6      0x3ca src/obc_comm.o
                0x000014d6                Update_OBC
 .text.Manual_STATE
                0x000018a0       0x30 src/obc_comm.o
                0x000018a0                Manual_STATE
 .text.commandDecode
                0x000018d0      0x12c src/obc_comm.o
                0x000018d0                commandDecode
 .text.GPIO_init
                0x000019fc       0x2c src/peripheral_init.o
                0x000019fc                GPIO_init
 .text.ADC_init
                0x00001a28        0xe src/peripheral_init.o
                0x00001a28                ADC_init
 .text.CLK_init
                0x00001a36       0x22 src/peripheral_init.o
                0x00001a36                CLK_init
 .text.UART0_init
                0x00001a58       0x18 src/peripheral_init.o
                0x00001a58                UART0_init
 .text.WD_init  0x00001a70       0x10 src/peripheral_init.o
                0x00001a70                WD_init
 .text.ALL_init
                0x00001a80        0xc src/peripheral_init.o
                0x00001a80                ALL_init
 .text.UART0_putchar
                0x00001a8c       0x10 src/uart_func.o
                0x00001a8c                UART0_putchar
 .text.UART0_getchar
                0x00001a9c       0x10 src/uart_func.o
                0x00001a9c                UART0_getchar
 .text.UART0_putstring
                0x00001aac       0x1c src/uart_func.o
                0x00001aac                UART0_putstring
 .text.UART0_getstring
                0x00001ac8       0x42 src/uart_func.o
                0x00001ac8                UART0_getstring
 .text.wdt_set_timeout_period
                0x00001b0a       0x48 src/wdt_megarf.o
                0x00001b0a                wdt_set_timeout_period
 .text.wdt_enable
                0x00001b52       0x76 src/wdt_megarf.o
                0x00001b52                wdt_enable
 .text.__vector_17
                0x00001bc8      0x142 src/cubesat_EPS.o
                0x00001bc8                __vector_17
 .text.__vector_25
                0x00001d0a       0x6c src/cubesat_EPS.o
                0x00001d0a                __vector_25
 .text.__vector_12
                0x00001d76       0x4a src/cubesat_EPS.o
                0x00001d76                __vector_12
 .text.main     0x00001dc0       0x1a src/cubesat_EPS.o
                0x00001dc0                main
 .text.avr-libc.fplib
                0x00001dda        0xa c:/program files (x86)/atmel/studio/7.0/toolchain/avr8/avr8-gnu-toolchain/bin/../lib/gcc/avr/5.4.0/../../../../avr/lib/avr5\libm.a(addsf3.o)
                0x00001dda                __subsf3
                0x00001ddc                __addsf3
 .text.avr-libc.fplib
                0x00001de4       0xc0 c:/program files (x86)/atmel/studio/7.0/toolchain/avr8/avr8-gnu-toolchain/bin/../lib/gcc/avr/5.4.0/../../../../avr/lib/avr5\libm.a(addsf3x.o)
                0x00001dfe                __addsf3x
 .text.avr-libc.fplib
                0x00001ea4        0x8 c:/program files (x86)/atmel/studio/7.0/toolchain/avr8/avr8-gnu-toolchain/bin/../lib/gcc/avr/5.4.0/../../../../avr/lib/avr5\libm.a(cmpsf2.o)
                0x00001ea4                __nesf2
                0x00001ea4                __eqsf2
                0x00001ea4                __cmpsf2
                0x00001ea4                __ltsf2
                0x00001ea4                __lesf2
 .text.avr-libc.fplib
                0x00001eac        0x4 c:/program files (x86)/atmel/studio/7.0/toolchain/avr8/avr8-gnu-toolchain/bin/../lib/gcc/avr/5.4.0/../../../../avr/lib/avr5\libm.a(divsf3.o)
                0x00001eac                __divsf3
 .text.avr-libc.fplib
                0x00001eb0       0xcc c:/program files (x86)/atmel/studio/7.0/toolchain/avr8/avr8-gnu-toolchain/bin/../lib/gcc/avr/5.4.0/../../../../avr/lib/avr5\libm.a(divsf3x.o)
                0x00001ec6                __divsf3x
                0x00001eca                __divsf3_pse
 .text.avr-libc.fplib
                0x00001f7c       0x7a c:/program files (x86)/atmel/studio/7.0/toolchain/avr8/avr8-gnu-toolchain/bin/../lib/gcc/avr/5.4.0/../../../../avr/lib/avr5\libm.a(floatsisf.o)
                0x00001f7c                __floatunsisf
                0x00001f80                __floatsisf
 .text.avr-libc.fplib
                0x00001ff6       0x48 c:/program files (x86)/atmel/studio/7.0/toolchain/avr8/avr8-gnu-toolchain/bin/../lib/gcc/avr/5.4.0/../../../../avr/lib/avr5\libm.a(fp_cmp.o)
                0x00001ff6                __fp_cmp
 .text.avr-libc.fplib
                0x0000203e        0xc c:/program files (x86)/atmel/studio/7.0/toolchain/avr8/avr8-gnu-toolchain/bin/../lib/gcc/avr/5.4.0/../../../../avr/lib/avr5\libm.a(fp_inf.o)
                0x0000203e                __fp_inf
 .text.avr-libc.fplib
                0x0000204a        0x6 c:/program files (x86)/atmel/studio/7.0/toolchain/avr8/avr8-gnu-toolchain/bin/../lib/gcc/avr/5.4.0/../../../../avr/lib/avr5\libm.a(fp_nan.o)
                0x0000204a                __fp_nan
 .text.avr-libc.fplib
                0x00002050        0xe c:/program files (x86)/atmel/studio/7.0/toolchain/avr8/avr8-gnu-toolchain/bin/../lib/gcc/avr/5.4.0/../../../../avr/lib/avr5\libm.a(fp_pscA.o)
                0x00002050                __fp_pscA
 .text.avr-libc.fplib
                0x0000205e        0xe c:/program files (x86)/atmel/studio/7.0/toolchain/avr8/avr8-gnu-toolchain/bin/../lib/gcc/avr/5.4.0/../../../../avr/lib/avr5\libm.a(fp_pscB.o)
                0x0000205e                __fp_pscB
 .text.avr-libc.fplib
                0x0000206c       0x22 c:/program files (x86)/atmel/studio/7.0/toolchain/avr8/avr8-gnu-toolchain/bin/../lib/gcc/avr/5.4.0/../../../../avr/lib/avr5\libm.a(fp_round.o)
                0x0000206c                __fp_round
 .text.avr-libc.fplib
                0x0000208e       0x44 c:/program files (x86)/atmel/studio/7.0/toolchain/avr8/avr8-gnu-toolchain/bin/../lib/gcc/avr/5.4.0/../../../../avr/lib/avr5\libm.a(fp_split3.o)
                0x0000208e                __fp_split3
                0x0000209e                __fp_splitA
 .text.avr-libc.fplib
                0x000020d2        0xe c:/program files (x86)/atmel/studio/7.0/toolchain/avr8/avr8-gnu-toolchain/bin/../lib/gcc/avr/5.4.0/../../../../avr/lib/avr5\libm.a(fp_zero.o)
                0x000020d2                __fp_zero
                0x000020d4                __fp_szero
 .text.avr-libc.fplib
                0x000020e0        0x8 c:/program files (x86)/atmel/studio/7.0/toolchain/avr8/avr8-gnu-toolchain/bin/../lib/gcc/avr/5.4.0/../../../../avr/lib/avr5\libm.a(gesf2.o)
                0x000020e0                __gesf2
                0x000020e0                __gtsf2
 .text.avr-libc.fplib
                0x000020e8        0x4 c:/program files (x86)/atmel/studio/7.0/toolchain/avr8/avr8-gnu-toolchain/bin/../lib/gcc/avr/5.4.0/../../../../avr/lib/avr5\libm.a(mulsf3.o)
                0x000020e8                __mulsf3
 .text.avr-libc.fplib
                0x000020ec       0xc2 c:/program files (x86)/atmel/studio/7.0/toolchain/avr8/avr8-gnu-toolchain/bin/../lib/gcc/avr/5.4.0/../../../../avr/lib/avr5\libm.a(mulsf3x.o)
                0x00002100                __mulsf3x
                0x00002104                __mulsf3_pse
 .text.avr-libc
                0x000021ae      0x6bc c:/program files (x86)/atmel/studio/7.0/toolchain/avr8/avr8-gnu-toolchain/bin/../lib/gcc/avr/5.4.0/../../../../avr/lib/avr5\libprintf_flt.a(vfprintf_flt.o)
                0x000021ae                vfprintf
 .text.libgcc.prologue
                0x0000286a       0x38 c:/program files (x86)/atmel/studio/7.0/toolchain/avr8/avr8-gnu-toolchain/bin/../lib/gcc/avr/5.4.0/avr5\libgcc.a(_prologue.o)
                0x0000286a                __prologue_saves__
 .text.libgcc.prologue
                0x000028a2       0x36 c:/program files (x86)/atmel/studio/7.0/toolchain/avr8/avr8-gnu-toolchain/bin/../lib/gcc/avr/5.4.0/avr5\libgcc.a(_epilogue.o)
                0x000028a2                __epilogue_restores__
 .text.avr-libc
                0x000028d8      0x1b0 c:/program files (x86)/atmel/studio/7.0/toolchain/avr8/avr8-gnu-toolchain/bin/../lib/gcc/avr/5.4.0/../../../../avr/lib/avr5\libc.a(ftoa_engine.o)
                0x000028d8                __ftoa_engine
 .text.avr-libc
                0x00002a88       0x16 c:/program files (x86)/atmel/studio/7.0/toolchain/avr8/avr8-gnu-toolchain/bin/../lib/gcc/avr/5.4.0/../../../../avr/lib/avr5\libc.a(strnlen_P.o)
                0x00002a88                strnlen_P
 .text.avr-libc
                0x00002a9e       0x16 c:/program files (x86)/atmel/studio/7.0/toolchain/avr8/avr8-gnu-toolchain/bin/../lib/gcc/avr/5.4.0/../../../../avr/lib/avr5\libc.a(strcat.o)
                0x00002a9e                strcat
 .text.avr-libc
                0x00002ab4       0x12 c:/program files (x86)/atmel/studio/7.0/toolchain/avr8/avr8-gnu-toolchain/bin/../lib/gcc/avr/5.4.0/../../../../avr/lib/avr5\libc.a(strcmp.o)
                0x00002ab4                strcmp
 .text.avr-libc
                0x00002ac6       0x16 c:/program files (x86)/atmel/studio/7.0/toolchain/avr8/avr8-gnu-toolchain/bin/../lib/gcc/avr/5.4.0/../../../../avr/lib/avr5\libc.a(strnlen.o)
                0x00002ac6                strnlen
 .text.avr-libc
                0x00002adc       0x78 c:/program files (x86)/atmel/studio/7.0/toolchain/avr8/avr8-gnu-toolchain/bin/../lib/gcc/avr/5.4.0/../../../../avr/lib/avr5\libc.a(fputc.o)
                0x00002adc                fputc
 .text.avr-libc
                0x00002b54       0x3e c:/program files (x86)/atmel/studio/7.0/toolchain/avr8/avr8-gnu-toolchain/bin/../lib/gcc/avr/5.4.0/../../../../avr/lib/avr5\libc.a(sprintf.o)
                0x00002b54                sprintf
 .text.avr-libc
                0x00002b92       0xbc c:/program files (x86)/atmel/studio/7.0/toolchain/avr8/avr8-gnu-toolchain/bin/../lib/gcc/avr/5.4.0/../../../../avr/lib/avr5\libc.a(ultoa_invert.o)
                0x00002b92                __ultoa_invert
                0x00002c4e                . = ALIGN (0x2)
 *(.fini9)
 .fini9         0x00002c4e        0x0 c:/program files (x86)/atmel/studio/7.0/toolchain/avr8/avr8-gnu-toolchain/bin/../lib/gcc/avr/5.4.0/avr5\libgcc.a(_exit.o)
                0x00002c4e                _exit
                0x00002c4e                exit
 *(.fini9)
 *(.fini8)
 *(.fini8)
 *(.fini7)
 *(.fini7)
 *(.fini6)
 *(.fini6)
 *(.fini5)
 *(.fini5)
 *(.fini4)
 *(.fini4)
 *(.fini3)
 *(.fini3)
 *(.fini2)
 *(.fini2)
 *(.fini1)
 *(.fini1)
 *(.fini0)
 .fini0         0x00002c4e        0x4 c:/program files (x86)/atmel/studio/7.0/toolchain/avr8/avr8-gnu-toolchain/bin/../lib/gcc/avr/5.4.0/avr5\libgcc.a(_exit.o)
 *(.fini0)
                0x00002c52                _etext = .

.data           0x00800200      0x222 load address 0x00002c52
                0x00800200                PROVIDE (__data_start, .)
 *(.data)
 *(.data*)
 .data.mode     0x00800200        0x1 src/cubesat_EPS.o
                0x00800200                mode
 *(.gnu.linkonce.d*)
 *(.rodata)
 .rodata        0x00800201       0x18 src/adc_func.o
 .rodata        0x00800219      0x131 src/obc_comm.o
 *(.rodata*)
 .rodata.str1.1
                0x0080034a       0x22 src/adc_func.o
 .rodata.str1.1
                0x0080036c       0xa3 src/obc_comm.o
 .rodata.str1.1
                0x0080040f       0x12 src/cubesat_EPS.o
 *(.gnu.linkonce.r*)
                0x00800422                . = ALIGN (0x2)
 *fill*         0x00800421        0x1 
                0x00800422                _edata = .
                0x00800422                PROVIDE (__data_end, .)

.bss            0x00800422       0x7b
                0x00800422                PROVIDE (__bss_start, .)
 *(.bss)
 *(.bss*)
 .bss.prev_state
                0x00800422        0x1 src/cubesat_EPS.o
                0x00800422                prev_state
 .bss.power_state
                0x00800423        0x1 src/cubesat_EPS.o
                0x00800423                power_state
 .bss.state_num
                0x00800424        0x2 src/cubesat_EPS.o
                0x00800424                state_num
 .bss.prev_temp
                0x00800426        0x4 src/cubesat_EPS.o
                0x00800426                prev_temp
 .bss.temp      0x0080042a        0x4 src/cubesat_EPS.o
                0x0080042a                temp
 .bss.prev_soc  0x0080042e        0x4 src/cubesat_EPS.o
                0x0080042e                prev_soc
 .bss.soc       0x00800432        0x4 src/cubesat_EPS.o
                0x00800432                soc
 *(COMMON)
 COMMON         0x00800436       0x67 src/cubesat_EPS.o
                0x00800436                obc_command
                0x0080044a                pwrMat
                0x00800463                power
                0x0080046c                telem
                0x0080049c                fake
                0x0080049d                PROVIDE (__bss_end, .)
                0x00002c52                __data_load_start = LOADADDR (.data)
                0x00002e74                __data_load_end = (__data_load_start + SIZEOF (.data))

.noinit         0x0080049d        0x0
                [!provide]                PROVIDE (__noinit_start, .)
 *(.noinit*)
                [!provide]                PROVIDE (__noinit_end, .)
                0x0080049d                _end = .
                [!provide]                PROVIDE (__heap_start, .)

.eeprom         0x00810000        0x0
 *(.eeprom*)
                0x00810000                __eeprom_end = .

.fuse
 *(.fuse)
 *(.lfuse)
 *(.hfuse)
 *(.efuse)

.lock
 *(.lock*)

.signature
 *(.signature*)

.user_signatures
 *(.user_signatures*)

.stab
 *(.stab)

.stabstr
 *(.stabstr)

.stab.excl
 *(.stab.excl)

.stab.exclstr
 *(.stab.exclstr)

.stab.index
 *(.stab.index)

.stab.indexstr
 *(.stab.indexstr)

.comment        0x00000000       0x5c
 *(.comment)
 .comment       0x00000000       0x30 src/adc_func.o
                                 0x31 (size before relaxing)
 .comment       0x00000030       0x31 src/launcher.o
 .comment       0x00000030       0x31 src/power_switch.o
 .comment       0x00000030       0x31 src/power_state_mat.o
 .comment       0x00000030       0x31 src/eeprom.o
 .comment       0x00000030       0x31 src/gpio_func.o
 .comment       0x00000030       0x31 src/obc_comm.o
 .comment       0x00000030       0x31 src/peripheral_init.o
 .comment       0x00000030       0x31 src/uart_func.o
 .comment       0x00000030       0x31 src/wdt_megarf.o
 .comment       0x00000030       0x31 src/cubesat_EPS.o
 .comment       0x00000030       0x2c c:/program files (x86)/atmel/studio/7.0/toolchain/avr8/avr8-gnu-toolchain/bin/../lib/gcc/avr/5.4.0/../../../../avr/lib/avr5\libprintf_flt.a(vfprintf_flt.o)
                                 0x2d (size before relaxing)
 .comment       0x0000005c       0x31 c:/program files (x86)/atmel/studio/7.0/toolchain/avr8/avr8-gnu-toolchain/bin/../lib/gcc/avr/5.4.0/../../../../avr/lib/avr5\libc.a(fputc.o)
 .comment       0x0000005c       0x31 c:/program files (x86)/atmel/studio/7.0/toolchain/avr8/avr8-gnu-toolchain/bin/../lib/gcc/avr/5.4.0/../../../../avr/lib/avr5\libc.a(sprintf.o)

.note.gnu.avr.deviceinfo
                0x00000000       0x3c
 .note.gnu.avr.deviceinfo
                0x00000000       0x3c c:/program files (x86)/atmel/studio/7.0/toolchain/avr8/avr8-gnu-toolchain/bin/../lib/gcc/avr/5.4.0/../../../../avr/lib/avr5/crtatmega640.o

.note.gnu.build-id
 *(.note.gnu.build-id)

.debug
 *(.debug)

.line
 *(.line)

.debug_srcinfo
 *(.debug_srcinfo)

.debug_sfnames
 *(.debug_sfnames)

.debug_aranges  0x00000000      0x2d8
 *(.debug_aranges)
 .debug_aranges
                0x00000000       0x50 src/adc_func.o
 .debug_aranges
                0x00000050       0x48 src/launcher.o
 .debug_aranges
                0x00000098       0x90 src/power_switch.o
 .debug_aranges
                0x00000128       0x30 src/power_state_mat.o
 .debug_aranges
                0x00000158       0x28 src/eeprom.o
 .debug_aranges
                0x00000180       0x28 src/gpio_func.o
 .debug_aranges
                0x000001a8       0x38 src/obc_comm.o
 .debug_aranges
                0x000001e0       0x48 src/peripheral_init.o
 .debug_aranges
                0x00000228       0x38 src/uart_func.o
 .debug_aranges
                0x00000260       0x40 src/wdt_megarf.o
 .debug_aranges
                0x000002a0       0x38 src/cubesat_EPS.o

.debug_pubnames
 *(.debug_pubnames)

.debug_info     0x00000000     0x34cb
 *(.debug_info .gnu.linkonce.wi.*)
 .debug_info    0x00000000      0xba9 c:/program files (x86)/atmel/studio/7.0/toolchain/avr8/avr8-gnu-toolchain/bin/../lib/gcc/avr/5.4.0/../../../../avr/lib/avr5/crtatmega640.o
 .debug_info    0x00000ba9      0x503 src/adc_func.o
 .debug_info    0x000010ac      0x33e src/launcher.o
 .debug_info    0x000013ea      0x8ca src/power_switch.o
 .debug_info    0x00001cb4      0x141 src/power_state_mat.o
 .debug_info    0x00001df5       0xe9 src/eeprom.o
 .debug_info    0x00001ede       0xf2 src/gpio_func.o
 .debug_info    0x00001fd0      0xa14 src/obc_comm.o
 .debug_info    0x000029e4      0x1df src/peripheral_init.o
 .debug_info    0x00002bc3      0x144 src/uart_func.o
 .debug_info    0x00002d07      0x31a src/wdt_megarf.o
 .debug_info    0x00003021      0x4aa src/cubesat_EPS.o

.debug_abbrev   0x00000000     0x171e
 *(.debug_abbrev)
 .debug_abbrev  0x00000000      0xb08 c:/program files (x86)/atmel/studio/7.0/toolchain/avr8/avr8-gnu-toolchain/bin/../lib/gcc/avr/5.4.0/../../../../avr/lib/avr5/crtatmega640.o
 .debug_abbrev  0x00000b08      0x15e src/adc_func.o
 .debug_abbrev  0x00000c66      0x1af src/launcher.o
 .debug_abbrev  0x00000e15      0x160 src/power_switch.o
 .debug_abbrev  0x00000f75       0xde src/power_state_mat.o
 .debug_abbrev  0x00001053       0x8e src/eeprom.o
 .debug_abbrev  0x000010e1       0x9b src/gpio_func.o
 .debug_abbrev  0x0000117c      0x165 src/obc_comm.o
 .debug_abbrev  0x000012e1       0xc5 src/peripheral_init.o
 .debug_abbrev  0x000013a6       0xf0 src/uart_func.o
 .debug_abbrev  0x00001496      0x19e src/wdt_megarf.o
 .debug_abbrev  0x00001634       0xea src/cubesat_EPS.o

.debug_line     0x00000000     0x380d
 *(.debug_line .debug_line.* .debug_line_end)
 .debug_line    0x00000000       0x1a c:/program files (x86)/atmel/studio/7.0/toolchain/avr8/avr8-gnu-toolchain/bin/../lib/gcc/avr/5.4.0/../../../../avr/lib/avr5/crtatmega640.o
 .debug_line    0x0000001a      0x7e3 src/adc_func.o
 .debug_line    0x000007fd      0x48a src/launcher.o
 .debug_line    0x00000c87      0x47a src/power_switch.o
 .debug_line    0x00001101      0x471 src/power_state_mat.o
 .debug_line    0x00001572      0x3ab src/eeprom.o
 .debug_line    0x0000191d      0x3e6 src/gpio_func.o
 .debug_line    0x00001d03      0x724 src/obc_comm.o
 .debug_line    0x00002427      0x4f9 src/peripheral_init.o
 .debug_line    0x00002920      0x40f src/uart_func.o
 .debug_line    0x00002d2f      0x53c src/wdt_megarf.o
 .debug_line    0x0000326b      0x5a2 src/cubesat_EPS.o

.debug_frame    0x00000000      0x770
 *(.debug_frame)
 .debug_frame   0x00000000      0x12c src/adc_func.o
 .debug_frame   0x0000012c       0x74 src/launcher.o
 .debug_frame   0x000001a0      0x13c src/power_switch.o
 .debug_frame   0x000002dc       0x74 src/power_state_mat.o
 .debug_frame   0x00000350       0x34 src/eeprom.o
 .debug_frame   0x00000384       0x34 src/gpio_func.o
 .debug_frame   0x000003b8       0xfc src/obc_comm.o
 .debug_frame   0x000004b4       0x74 src/peripheral_init.o
 .debug_frame   0x00000528       0x80 src/uart_func.o
 .debug_frame   0x000005a8       0x94 src/wdt_megarf.o
 .debug_frame   0x0000063c      0x134 src/cubesat_EPS.o

.debug_str      0x00000000    0x14d59
 *(.debug_str)
 .debug_str     0x00000000      0x3e0 c:/program files (x86)/atmel/studio/7.0/toolchain/avr8/avr8-gnu-toolchain/bin/../lib/gcc/avr/5.4.0/../../../../avr/lib/avr5/crtatmega640.o
 .debug_str     0x000003e0    0x137c2 src/adc_func.o
                              0x13a47 (size before relaxing)
 .debug_str     0x00013ba2      0x3b6 src/launcher.o
                              0x131a4 (size before relaxing)
 .debug_str     0x00013f58      0x175 src/power_switch.o
                               0x33ef (size before relaxing)
 .debug_str     0x000140cd       0x62 src/power_state_mat.o
                               0x41b4 (size before relaxing)
 .debug_str     0x0001412f      0x88c src/eeprom.o
                              0x137a5 (size before relaxing)
 .debug_str     0x000149bb       0x2b src/gpio_func.o
                              0x137a1 (size before relaxing)
 .debug_str     0x000149e6       0xff src/obc_comm.o
                              0x136fc (size before relaxing)
 .debug_str     0x00014ae5      0x114 src/peripheral_init.o
                              0x1386f (size before relaxing)
 .debug_str     0x00014bf9       0x2e src/uart_func.o
                              0x13935 (size before relaxing)
 .debug_str     0x00014c27       0xbd src/wdt_megarf.o
                              0x12dc3 (size before relaxing)
 .debug_str     0x00014ce4       0x75 src/cubesat_EPS.o
                              0x14514 (size before relaxing)

.debug_loc      0x00000000     0x1c7d
 *(.debug_loc)
 .debug_loc     0x00000000      0x729 src/adc_func.o
 .debug_loc     0x00000729      0x146 src/launcher.o
 .debug_loc     0x0000086f      0x360 src/power_switch.o
 .debug_loc     0x00000bcf      0x1c8 src/power_state_mat.o
 .debug_loc     0x00000d97       0x5f src/eeprom.o
 .debug_loc     0x00000df6      0x2ec src/gpio_func.o
 .debug_loc     0x000010e2      0x6c9 src/obc_comm.o
 .debug_loc     0x000017ab      0x14b src/uart_func.o
 .debug_loc     0x000018f6      0x10c src/wdt_megarf.o
 .debug_loc     0x00001a02      0x27b src/cubesat_EPS.o

.debug_macinfo
 *(.debug_macinfo)

.debug_weaknames
 *(.debug_weaknames)

.debug_funcnames
 *(.debug_funcnames)

.debug_typenames
 *(.debug_typenames)

.debug_varnames
 *(.debug_varnames)

.debug_pubtypes
 *(.debug_pubtypes)

.debug_ranges   0x00000000      0x228
 *(.debug_ranges)
 .debug_ranges  0x00000000       0x40 src/adc_func.o
 .debug_ranges  0x00000040       0x38 src/launcher.o
 .debug_ranges  0x00000078       0x80 src/power_switch.o
 .debug_ranges  0x000000f8       0x20 src/power_state_mat.o
 .debug_ranges  0x00000118       0x18 src/eeprom.o
 .debug_ranges  0x00000130       0x18 src/gpio_func.o
 .debug_ranges  0x00000148       0x28 src/obc_comm.o
 .debug_ranges  0x00000170       0x38 src/peripheral_init.o
 .debug_ranges  0x000001a8       0x28 src/uart_func.o
 .debug_ranges  0x000001d0       0x30 src/wdt_megarf.o
 .debug_ranges  0x00000200       0x28 src/cubesat_EPS.o

.debug_macro    0x00000000     0x6019
 *(.debug_macro)
 .debug_macro   0x00000000      0x1b4 src/adc_func.o
 .debug_macro   0x000001b4      0xa48 src/adc_func.o
 .debug_macro   0x00000bfc      0x1c9 src/adc_func.o
 .debug_macro   0x00000dc5       0x10 src/adc_func.o
 .debug_macro   0x00000dd5      0x302 src/adc_func.o
 .debug_macro   0x000010d7       0x9e src/adc_func.o
 .debug_macro   0x00001175     0x1ecb src/adc_func.o
 .debug_macro   0x00003040      0x100 src/adc_func.o
 .debug_macro   0x00003140      0x2ea src/adc_func.o
 .debug_macro   0x0000342a       0xd9 src/adc_func.o
 .debug_macro   0x00003503       0x34 src/adc_func.o
 .debug_macro   0x00003537       0x18 src/adc_func.o
 .debug_macro   0x0000354f       0x6c src/adc_func.o
 .debug_macro   0x000035bb       0x22 src/adc_func.o
 .debug_macro   0x000035dd      0x16d src/adc_func.o
 .debug_macro   0x0000374a       0x1c src/adc_func.o
 .debug_macro   0x00003766       0x35 src/adc_func.o
 .debug_macro   0x0000379b       0x66 src/adc_func.o
 .debug_macro   0x00003801      0x6d7 src/adc_func.o
 .debug_macro   0x00003ed8       0x43 src/adc_func.o
 .debug_macro   0x00003f1b       0x69 src/adc_func.o
 .debug_macro   0x00003f84       0x2b src/adc_func.o
 .debug_macro   0x00003faf       0x10 src/adc_func.o
 .debug_macro   0x00003fbf      0x175 src/adc_func.o
 .debug_macro   0x00004134       0x40 src/adc_func.o
 .debug_macro   0x00004174      0x100 src/adc_func.o
 .debug_macro   0x00004274       0x22 src/adc_func.o
 .debug_macro   0x00004296       0x10 src/adc_func.o
 .debug_macro   0x000042a6      0x160 src/adc_func.o
 .debug_macro   0x00004406       0x16 src/adc_func.o
 .debug_macro   0x0000441c       0x58 src/adc_func.o
 .debug_macro   0x00004474       0x10 src/adc_func.o
 .debug_macro   0x00004484       0xf2 src/adc_func.o
 .debug_macro   0x00004576      0x183 src/adc_func.o
 .debug_macro   0x000046f9      0x169 src/launcher.o
 .debug_macro   0x00004862       0x85 src/launcher.o
 .debug_macro   0x000048e7       0x42 src/power_switch.o
 .debug_macro   0x00004929       0x74 src/power_state_mat.o
 .debug_macro   0x0000499d       0x97 src/power_state_mat.o
 .debug_macro   0x00004a34       0x97 src/power_state_mat.o
 .debug_macro   0x00004acb      0x163 src/eeprom.o
 .debug_macro   0x00004c2e      0x2bd src/eeprom.o
 .debug_macro   0x00004eeb      0x169 src/gpio_func.o
 .debug_macro   0x00005054      0x2fc src/gpio_func.o
 .debug_macro   0x00005350      0x1b0 src/obc_comm.o
 .debug_macro   0x00005500       0x16 src/obc_comm.o
 .debug_macro   0x00005516       0xf6 src/obc_comm.o
 .debug_macro   0x0000560c       0x5a src/obc_comm.o
 .debug_macro   0x00005666      0x182 src/peripheral_init.o
 .debug_macro   0x000057e8      0x2c3 src/peripheral_init.o
 .debug_macro   0x00005aab       0x27 src/peripheral_init.o
 .debug_macro   0x00005ad2       0x8b src/peripheral_init.o
 .debug_macro   0x00005b5d      0x177 src/uart_func.o
 .debug_macro   0x00005cd4      0x139 src/wdt_megarf.o
 .debug_macro   0x00005e0d      0x20c src/cubesat_EPS.o
OUTPUT(MEGA_GPIO_EXAMPLE1.elf elf32-avr)
LOAD linker stubs
