Archive member included because of file (symbol)

c:/winavr/bin/../lib/gcc/avr/4.3.3/../../../../avr/lib/avr5\libm.a(addsf3.o)
                              src/adc_func.o (__subsf3)
c:/winavr/bin/../lib/gcc/avr/4.3.3/../../../../avr/lib/avr5\libm.a(addsf3x.o)
                              c:/winavr/bin/../lib/gcc/avr/4.3.3/../../../../avr/lib/avr5\libm.a(addsf3.o) (__addsf3x)
c:/winavr/bin/../lib/gcc/avr/4.3.3/../../../../avr/lib/avr5\libm.a(divsf3.o)
                              src/adc_func.o (__divsf3)
c:/winavr/bin/../lib/gcc/avr/4.3.3/../../../../avr/lib/avr5\libm.a(divsf3x.o)
                              c:/winavr/bin/../lib/gcc/avr/4.3.3/../../../../avr/lib/avr5\libm.a(divsf3.o) (__divsf3x)
c:/winavr/bin/../lib/gcc/avr/4.3.3/../../../../avr/lib/avr5\libm.a(floatsisf.o)
                              src/adc_func.o (__floatunsisf)
c:/winavr/bin/../lib/gcc/avr/4.3.3/../../../../avr/lib/avr5\libm.a(fp_inf.o)
                              c:/winavr/bin/../lib/gcc/avr/4.3.3/../../../../avr/lib/avr5\libm.a(addsf3x.o) (__fp_inf)
c:/winavr/bin/../lib/gcc/avr/4.3.3/../../../../avr/lib/avr5\libm.a(fp_nan.o)
                              c:/winavr/bin/../lib/gcc/avr/4.3.3/../../../../avr/lib/avr5\libm.a(addsf3x.o) (__fp_nan)
c:/winavr/bin/../lib/gcc/avr/4.3.3/../../../../avr/lib/avr5\libm.a(fp_pscA.o)
                              c:/winavr/bin/../lib/gcc/avr/4.3.3/../../../../avr/lib/avr5\libm.a(addsf3x.o) (__fp_pscA)
c:/winavr/bin/../lib/gcc/avr/4.3.3/../../../../avr/lib/avr5\libm.a(fp_pscB.o)
                              c:/winavr/bin/../lib/gcc/avr/4.3.3/../../../../avr/lib/avr5\libm.a(addsf3x.o) (__fp_pscB)
c:/winavr/bin/../lib/gcc/avr/4.3.3/../../../../avr/lib/avr5\libm.a(fp_round.o)
                              c:/winavr/bin/../lib/gcc/avr/4.3.3/../../../../avr/lib/avr5\libm.a(addsf3.o) (__fp_round)
c:/winavr/bin/../lib/gcc/avr/4.3.3/../../../../avr/lib/avr5\libm.a(fp_split3.o)
                              c:/winavr/bin/../lib/gcc/avr/4.3.3/../../../../avr/lib/avr5\libm.a(addsf3x.o) (__fp_split3)
c:/winavr/bin/../lib/gcc/avr/4.3.3/../../../../avr/lib/avr5\libm.a(fp_zero.o)
                              c:/winavr/bin/../lib/gcc/avr/4.3.3/../../../../avr/lib/avr5\libm.a(addsf3x.o) (__fp_zero)
c:/winavr/bin/../lib/gcc/avr/4.3.3/../../../../avr/lib/avr5\libm.a(mulsf3.o)
                              src/adc_func.o (__mulsf3)
c:/winavr/bin/../lib/gcc/avr/4.3.3/../../../../avr/lib/avr5\libm.a(mulsf3x.o)
                              c:/winavr/bin/../lib/gcc/avr/4.3.3/../../../../avr/lib/avr5\libm.a(mulsf3.o) (__mulsf3x)
c:/winavr/bin/../lib/gcc/avr/4.3.3/../../../../avr/lib/avr5\libprintf_flt.a(vfprintf_flt.o)
                              (vfprintf)
c:/winavr/bin/../lib/gcc/avr/4.3.3/avr5\libgcc.a(_prologue.o)
                              c:/winavr/bin/../lib/gcc/avr/4.3.3/../../../../avr/lib/avr5\libprintf_flt.a(vfprintf_flt.o) (__prologue_saves__)
c:/winavr/bin/../lib/gcc/avr/4.3.3/avr5\libgcc.a(_epilogue.o)
                              c:/winavr/bin/../lib/gcc/avr/4.3.3/../../../../avr/lib/avr5\libprintf_flt.a(vfprintf_flt.o) (__epilogue_restores__)
c:/winavr/bin/../lib/gcc/avr/4.3.3/avr5\libgcc.a(_exit.o)
                              c:/winavr/bin/../lib/gcc/avr/4.3.3/../../../../avr/lib/avr5/crtm640.o (exit)
c:/winavr/bin/../lib/gcc/avr/4.3.3/avr5\libgcc.a(_clear_bss.o)
                              src/wdt_megarf.o (__do_clear_bss)
c:/winavr/bin/../lib/gcc/avr/4.3.3/../../../../avr/lib/avr5\libc.a(ftoa_engine.o)
                              c:/winavr/bin/../lib/gcc/avr/4.3.3/../../../../avr/lib/avr5\libprintf_flt.a(vfprintf_flt.o) (__ftoa_engine)
c:/winavr/bin/../lib/gcc/avr/4.3.3/../../../../avr/lib/avr5\libc.a(strnlen_P.o)
                              c:/winavr/bin/../lib/gcc/avr/4.3.3/../../../../avr/lib/avr5\libprintf_flt.a(vfprintf_flt.o) (strnlen_P)
c:/winavr/bin/../lib/gcc/avr/4.3.3/../../../../avr/lib/avr5\libc.a(strnlen.o)
                              c:/winavr/bin/../lib/gcc/avr/4.3.3/../../../../avr/lib/avr5\libprintf_flt.a(vfprintf_flt.o) (strnlen)
c:/winavr/bin/../lib/gcc/avr/4.3.3/../../../../avr/lib/avr5\libc.a(fputc.o)
                              c:/winavr/bin/../lib/gcc/avr/4.3.3/../../../../avr/lib/avr5\libprintf_flt.a(vfprintf_flt.o) (fputc)
c:/winavr/bin/../lib/gcc/avr/4.3.3/../../../../avr/lib/avr5\libc.a(ultoa_invert.o)
                              c:/winavr/bin/../lib/gcc/avr/4.3.3/../../../../avr/lib/avr5\libprintf_flt.a(vfprintf_flt.o) (__ultoa_invert)

Allocating common symbols
Common symbol       size              file

telem               0x30              src/cubesat_EPS.o

Discarded input sections

 .data          0x00000000        0x0 c:/winavr/bin/../lib/gcc/avr/4.3.3/../../../../avr/lib/avr5/crtm640.o
 .bss           0x00000000        0x0 c:/winavr/bin/../lib/gcc/avr/4.3.3/../../../../avr/lib/avr5/crtm640.o
 .text          0x00000000        0x0 src/adc_func.o
 .data          0x00000000        0x0 src/adc_func.o
 .bss           0x00000000        0x0 src/adc_func.o
 .text          0x00000000        0x0 src/eeprom.o
 .data          0x00000000        0x0 src/eeprom.o
 .bss           0x00000000        0x0 src/eeprom.o
 .text.EEPROM_Write
                0x00000000        0x0 src/eeprom.o
 .text.EEPROM_Read
                0x00000000        0x0 src/eeprom.o
 .text          0x00000000        0x0 src/gpio_func.o
 .data          0x00000000        0x0 src/gpio_func.o
 .bss           0x00000000        0x0 src/gpio_func.o
 .text.Set_GPIO
                0x00000000        0x0 src/gpio_func.o
 .text.Clear_GPIO
                0x00000000        0x0 src/gpio_func.o
 .text          0x00000000        0x0 src/obc_comm.o
 .data          0x00000000        0x0 src/obc_comm.o
 .bss           0x00000000        0x0 src/obc_comm.o
 .text          0x00000000        0x0 src/peripheral_init.o
 .data          0x00000000        0x0 src/peripheral_init.o
 .bss           0x00000000        0x0 src/peripheral_init.o
 .text.CLK_init
                0x00000000        0x0 src/peripheral_init.o
 .text          0x00000000        0x0 src/uart_func.o
 .data          0x00000000        0x0 src/uart_func.o
 .bss           0x00000000        0x0 src/uart_func.o
 .text          0x00000000        0x0 src/wdt_megarf.o
 .data          0x00000000        0x0 src/wdt_megarf.o
 .bss           0x00000000        0x0 src/wdt_megarf.o
 .text.wdt_disable
                0x00000000        0x0 src/wdt_megarf.o
 .text.wdt_set_timeout_period
                0x00000000        0x0 src/wdt_megarf.o
 .text.wdt_enable
                0x00000000        0x0 src/wdt_megarf.o
 .text.wdt_set_interrupt_callback
                0x00000000        0x0 src/wdt_megarf.o
 .text.wdt_reset_mcu
                0x00000000        0x0 src/wdt_megarf.o
 .text          0x00000000        0x0 src/ASF/mega/boards/stk600/rcx_x/init.o
 .data          0x00000000        0x0 src/ASF/mega/boards/stk600/rcx_x/init.o
 .bss           0x00000000        0x0 src/ASF/mega/boards/stk600/rcx_x/init.o
 .text.board_init
                0x00000000        0x0 src/ASF/mega/boards/stk600/rcx_x/init.o
 .text          0x00000000        0x0 src/cubesat_EPS.o
 .data          0x00000000        0x0 src/cubesat_EPS.o
 .bss           0x00000000        0x0 src/cubesat_EPS.o
 .bss.p         0x00000000        0x0 src/cubesat_EPS.o
 .text          0x00000000        0x0 c:/winavr/bin/../lib/gcc/avr/4.3.3/../../../../avr/lib/avr5\libm.a(addsf3.o)
 .data          0x00000000        0x0 c:/winavr/bin/../lib/gcc/avr/4.3.3/../../../../avr/lib/avr5\libm.a(addsf3.o)
 .bss           0x00000000        0x0 c:/winavr/bin/../lib/gcc/avr/4.3.3/../../../../avr/lib/avr5\libm.a(addsf3.o)
 .text          0x00000000        0x0 c:/winavr/bin/../lib/gcc/avr/4.3.3/../../../../avr/lib/avr5\libm.a(addsf3x.o)
 .data          0x00000000        0x0 c:/winavr/bin/../lib/gcc/avr/4.3.3/../../../../avr/lib/avr5\libm.a(addsf3x.o)
 .bss           0x00000000        0x0 c:/winavr/bin/../lib/gcc/avr/4.3.3/../../../../avr/lib/avr5\libm.a(addsf3x.o)
 .text          0x00000000        0x0 c:/winavr/bin/../lib/gcc/avr/4.3.3/../../../../avr/lib/avr5\libm.a(divsf3.o)
 .data          0x00000000        0x0 c:/winavr/bin/../lib/gcc/avr/4.3.3/../../../../avr/lib/avr5\libm.a(divsf3.o)
 .bss           0x00000000        0x0 c:/winavr/bin/../lib/gcc/avr/4.3.3/../../../../avr/lib/avr5\libm.a(divsf3.o)
 .text          0x00000000        0x0 c:/winavr/bin/../lib/gcc/avr/4.3.3/../../../../avr/lib/avr5\libm.a(divsf3x.o)
 .data          0x00000000        0x0 c:/winavr/bin/../lib/gcc/avr/4.3.3/../../../../avr/lib/avr5\libm.a(divsf3x.o)
 .bss           0x00000000        0x0 c:/winavr/bin/../lib/gcc/avr/4.3.3/../../../../avr/lib/avr5\libm.a(divsf3x.o)
 .text          0x00000000        0x0 c:/winavr/bin/../lib/gcc/avr/4.3.3/../../../../avr/lib/avr5\libm.a(floatsisf.o)
 .data          0x00000000        0x0 c:/winavr/bin/../lib/gcc/avr/4.3.3/../../../../avr/lib/avr5\libm.a(floatsisf.o)
 .bss           0x00000000        0x0 c:/winavr/bin/../lib/gcc/avr/4.3.3/../../../../avr/lib/avr5\libm.a(floatsisf.o)
 .text          0x00000000        0x0 c:/winavr/bin/../lib/gcc/avr/4.3.3/../../../../avr/lib/avr5\libm.a(fp_inf.o)
 .data          0x00000000        0x0 c:/winavr/bin/../lib/gcc/avr/4.3.3/../../../../avr/lib/avr5\libm.a(fp_inf.o)
 .bss           0x00000000        0x0 c:/winavr/bin/../lib/gcc/avr/4.3.3/../../../../avr/lib/avr5\libm.a(fp_inf.o)
 .text          0x00000000        0x0 c:/winavr/bin/../lib/gcc/avr/4.3.3/../../../../avr/lib/avr5\libm.a(fp_nan.o)
 .data          0x00000000        0x0 c:/winavr/bin/../lib/gcc/avr/4.3.3/../../../../avr/lib/avr5\libm.a(fp_nan.o)
 .bss           0x00000000        0x0 c:/winavr/bin/../lib/gcc/avr/4.3.3/../../../../avr/lib/avr5\libm.a(fp_nan.o)
 .text          0x00000000        0x0 c:/winavr/bin/../lib/gcc/avr/4.3.3/../../../../avr/lib/avr5\libm.a(fp_pscA.o)
 .data          0x00000000        0x0 c:/winavr/bin/../lib/gcc/avr/4.3.3/../../../../avr/lib/avr5\libm.a(fp_pscA.o)
 .bss           0x00000000        0x0 c:/winavr/bin/../lib/gcc/avr/4.3.3/../../../../avr/lib/avr5\libm.a(fp_pscA.o)
 .text          0x00000000        0x0 c:/winavr/bin/../lib/gcc/avr/4.3.3/../../../../avr/lib/avr5\libm.a(fp_pscB.o)
 .data          0x00000000        0x0 c:/winavr/bin/../lib/gcc/avr/4.3.3/../../../../avr/lib/avr5\libm.a(fp_pscB.o)
 .bss           0x00000000        0x0 c:/winavr/bin/../lib/gcc/avr/4.3.3/../../../../avr/lib/avr5\libm.a(fp_pscB.o)
 .text          0x00000000        0x0 c:/winavr/bin/../lib/gcc/avr/4.3.3/../../../../avr/lib/avr5\libm.a(fp_round.o)
 .data          0x00000000        0x0 c:/winavr/bin/../lib/gcc/avr/4.3.3/../../../../avr/lib/avr5\libm.a(fp_round.o)
 .bss           0x00000000        0x0 c:/winavr/bin/../lib/gcc/avr/4.3.3/../../../../avr/lib/avr5\libm.a(fp_round.o)
 .text          0x00000000        0x0 c:/winavr/bin/../lib/gcc/avr/4.3.3/../../../../avr/lib/avr5\libm.a(fp_split3.o)
 .data          0x00000000        0x0 c:/winavr/bin/../lib/gcc/avr/4.3.3/../../../../avr/lib/avr5\libm.a(fp_split3.o)
 .bss           0x00000000        0x0 c:/winavr/bin/../lib/gcc/avr/4.3.3/../../../../avr/lib/avr5\libm.a(fp_split3.o)
 .text          0x00000000        0x0 c:/winavr/bin/../lib/gcc/avr/4.3.3/../../../../avr/lib/avr5\libm.a(fp_zero.o)
 .data          0x00000000        0x0 c:/winavr/bin/../lib/gcc/avr/4.3.3/../../../../avr/lib/avr5\libm.a(fp_zero.o)
 .bss           0x00000000        0x0 c:/winavr/bin/../lib/gcc/avr/4.3.3/../../../../avr/lib/avr5\libm.a(fp_zero.o)
 .text          0x00000000        0x0 c:/winavr/bin/../lib/gcc/avr/4.3.3/../../../../avr/lib/avr5\libm.a(mulsf3.o)
 .data          0x00000000        0x0 c:/winavr/bin/../lib/gcc/avr/4.3.3/../../../../avr/lib/avr5\libm.a(mulsf3.o)
 .bss           0x00000000        0x0 c:/winavr/bin/../lib/gcc/avr/4.3.3/../../../../avr/lib/avr5\libm.a(mulsf3.o)
 .text          0x00000000        0x0 c:/winavr/bin/../lib/gcc/avr/4.3.3/../../../../avr/lib/avr5\libm.a(mulsf3x.o)
 .data          0x00000000        0x0 c:/winavr/bin/../lib/gcc/avr/4.3.3/../../../../avr/lib/avr5\libm.a(mulsf3x.o)
 .bss           0x00000000        0x0 c:/winavr/bin/../lib/gcc/avr/4.3.3/../../../../avr/lib/avr5\libm.a(mulsf3x.o)
 .text          0x00000000        0x0 c:/winavr/bin/../lib/gcc/avr/4.3.3/../../../../avr/lib/avr5\libprintf_flt.a(vfprintf_flt.o)
 .data          0x00000000        0x0 c:/winavr/bin/../lib/gcc/avr/4.3.3/../../../../avr/lib/avr5\libprintf_flt.a(vfprintf_flt.o)
 .bss           0x00000000        0x0 c:/winavr/bin/../lib/gcc/avr/4.3.3/../../../../avr/lib/avr5\libprintf_flt.a(vfprintf_flt.o)
 .text          0x00000000        0x0 c:/winavr/bin/../lib/gcc/avr/4.3.3/avr5\libgcc.a(_prologue.o)
 .data          0x00000000        0x0 c:/winavr/bin/../lib/gcc/avr/4.3.3/avr5\libgcc.a(_prologue.o)
 .bss           0x00000000        0x0 c:/winavr/bin/../lib/gcc/avr/4.3.3/avr5\libgcc.a(_prologue.o)
 .text          0x00000000        0x0 c:/winavr/bin/../lib/gcc/avr/4.3.3/avr5\libgcc.a(_epilogue.o)
 .data          0x00000000        0x0 c:/winavr/bin/../lib/gcc/avr/4.3.3/avr5\libgcc.a(_epilogue.o)
 .bss           0x00000000        0x0 c:/winavr/bin/../lib/gcc/avr/4.3.3/avr5\libgcc.a(_epilogue.o)
 .text          0x00000000        0x0 c:/winavr/bin/../lib/gcc/avr/4.3.3/avr5\libgcc.a(_exit.o)
 .data          0x00000000        0x0 c:/winavr/bin/../lib/gcc/avr/4.3.3/avr5\libgcc.a(_exit.o)
 .bss           0x00000000        0x0 c:/winavr/bin/../lib/gcc/avr/4.3.3/avr5\libgcc.a(_exit.o)
 .text.libgcc   0x00000000        0x0 c:/winavr/bin/../lib/gcc/avr/4.3.3/avr5\libgcc.a(_exit.o)
 .text          0x00000000        0x0 c:/winavr/bin/../lib/gcc/avr/4.3.3/avr5\libgcc.a(_clear_bss.o)
 .data          0x00000000        0x0 c:/winavr/bin/../lib/gcc/avr/4.3.3/avr5\libgcc.a(_clear_bss.o)
 .bss           0x00000000        0x0 c:/winavr/bin/../lib/gcc/avr/4.3.3/avr5\libgcc.a(_clear_bss.o)
 .text.libgcc   0x00000000        0x0 c:/winavr/bin/../lib/gcc/avr/4.3.3/avr5\libgcc.a(_clear_bss.o)
 .text          0x00000000        0x0 c:/winavr/bin/../lib/gcc/avr/4.3.3/../../../../avr/lib/avr5\libc.a(ftoa_engine.o)
 .data          0x00000000        0x0 c:/winavr/bin/../lib/gcc/avr/4.3.3/../../../../avr/lib/avr5\libc.a(ftoa_engine.o)
 .bss           0x00000000        0x0 c:/winavr/bin/../lib/gcc/avr/4.3.3/../../../../avr/lib/avr5\libc.a(ftoa_engine.o)
 .text          0x00000000        0x0 c:/winavr/bin/../lib/gcc/avr/4.3.3/../../../../avr/lib/avr5\libc.a(strnlen_P.o)
 .data          0x00000000        0x0 c:/winavr/bin/../lib/gcc/avr/4.3.3/../../../../avr/lib/avr5\libc.a(strnlen_P.o)
 .bss           0x00000000        0x0 c:/winavr/bin/../lib/gcc/avr/4.3.3/../../../../avr/lib/avr5\libc.a(strnlen_P.o)
 .text          0x00000000        0x0 c:/winavr/bin/../lib/gcc/avr/4.3.3/../../../../avr/lib/avr5\libc.a(strnlen.o)
 .data          0x00000000        0x0 c:/winavr/bin/../lib/gcc/avr/4.3.3/../../../../avr/lib/avr5\libc.a(strnlen.o)
 .bss           0x00000000        0x0 c:/winavr/bin/../lib/gcc/avr/4.3.3/../../../../avr/lib/avr5\libc.a(strnlen.o)
 .text          0x00000000        0x0 c:/winavr/bin/../lib/gcc/avr/4.3.3/../../../../avr/lib/avr5\libc.a(fputc.o)
 .data          0x00000000        0x0 c:/winavr/bin/../lib/gcc/avr/4.3.3/../../../../avr/lib/avr5\libc.a(fputc.o)
 .bss           0x00000000        0x0 c:/winavr/bin/../lib/gcc/avr/4.3.3/../../../../avr/lib/avr5\libc.a(fputc.o)
 .text          0x00000000        0x0 c:/winavr/bin/../lib/gcc/avr/4.3.3/../../../../avr/lib/avr5\libc.a(ultoa_invert.o)
 .data          0x00000000        0x0 c:/winavr/bin/../lib/gcc/avr/4.3.3/../../../../avr/lib/avr5\libc.a(ultoa_invert.o)
 .bss           0x00000000        0x0 c:/winavr/bin/../lib/gcc/avr/4.3.3/../../../../avr/lib/avr5\libc.a(ultoa_invert.o)

Memory Configuration

Name             Origin             Length             Attributes
text             0x00000000         0x00020000         xr
data             0x00800060         0x0000ffa0         rw !x
eeprom           0x00810000         0x00010000         rw !x
fuse             0x00820000         0x00000400         rw !x
lock             0x00830000         0x00000400         rw !x
signature        0x00840000         0x00000400         rw !x
*default*        0x00000000         0xffffffff

Linker script and memory map

Address of section .data set to 0x800200
LOAD c:/winavr/bin/../lib/gcc/avr/4.3.3/../../../../avr/lib/avr5/crtm640.o
LOAD src/adc_func.o
LOAD src/eeprom.o
LOAD src/gpio_func.o
LOAD src/obc_comm.o
LOAD src/peripheral_init.o
LOAD src/uart_func.o
LOAD src/wdt_megarf.o
LOAD src/ASF/mega/boards/stk600/rcx_x/init.o
LOAD src/cubesat_EPS.o
START GROUP
LOAD c:/winavr/bin/../lib/gcc/avr/4.3.3/../../../../avr/lib/avr5\libm.a
END GROUP
LOAD c:/winavr/bin/../lib/gcc/avr/4.3.3/../../../../avr/lib/avr5\libprintf_flt.a
LOAD c:/winavr/bin/../lib/gcc/avr/4.3.3/avr5\libgcc.a
LOAD c:/winavr/bin/../lib/gcc/avr/4.3.3/../../../../avr/lib/avr5\libc.a
LOAD c:/winavr/bin/../lib/gcc/avr/4.3.3/avr5\libgcc.a

.hash
 *(.hash)

.dynsym
 *(.dynsym)

.dynstr
 *(.dynstr)

.gnu.version
 *(.gnu.version)

.gnu.version_d
 *(.gnu.version_d)

.gnu.version_r
 *(.gnu.version_r)

.rel.init
 *(.rel.init)

.rela.init
 *(.rela.init)

.rel.text
 *(.rel.text)
 *(.rel.text.*)
 *(.rel.gnu.linkonce.t*)

.rela.text
 *(.rela.text)
 *(.rela.text.*)
 *(.rela.gnu.linkonce.t*)

.rel.fini
 *(.rel.fini)

.rela.fini
 *(.rela.fini)

.rel.rodata
 *(.rel.rodata)
 *(.rel.rodata.*)
 *(.rel.gnu.linkonce.r*)

.rela.rodata
 *(.rela.rodata)
 *(.rela.rodata.*)
 *(.rela.gnu.linkonce.r*)

.rel.data
 *(.rel.data)
 *(.rel.data.*)
 *(.rel.gnu.linkonce.d*)

.rela.data
 *(.rela.data)
 *(.rela.data.*)
 *(.rela.gnu.linkonce.d*)

.rel.ctors
 *(.rel.ctors)

.rela.ctors
 *(.rela.ctors)

.rel.dtors
 *(.rel.dtors)

.rela.dtors
 *(.rela.dtors)

.rel.got
 *(.rel.got)

.rela.got
 *(.rela.got)

.rel.bss
 *(.rel.bss)

.rela.bss
 *(.rela.bss)

.rel.plt
 *(.rel.plt)

.rela.plt
 *(.rela.plt)

.text           0x00000000     0x1452
 *(.vectors)
 .vectors       0x00000000       0xe4 c:/winavr/bin/../lib/gcc/avr/4.3.3/../../../../avr/lib/avr5/crtm640.o
                0x00000000                __vectors
                0x00000000                __vector_default
 *(.vectors)
 *(.progmem.gcc*)
 *(.progmem*)
 .progmem.data  0x000000e4        0x8 c:/winavr/bin/../lib/gcc/avr/4.3.3/../../../../avr/lib/avr5\libprintf_flt.a(vfprintf_flt.o)
 .progmem.data  0x000000ec       0xfa c:/winavr/bin/../lib/gcc/avr/4.3.3/../../../../avr/lib/avr5\libc.a(ftoa_engine.o)
                0x000001e6                . = ALIGN (0x2)
                0x000001e6                __trampolines_start = .
 *(.trampolines)
 .trampolines   0x000001e6        0x0 linker stubs
 *(.trampolines*)
                0x000001e6                __trampolines_end = .
 *(.jumptables)
 *(.jumptables*)
 *(.lowtext)
 *(.lowtext*)
                0x000001e6                __ctors_start = .
 *(.ctors)
                0x000001e6                __ctors_end = .
                0x000001e6                __dtors_start = .
 *(.dtors)
                0x000001e6                __dtors_end = .
 SORT(*)(.ctors)
 SORT(*)(.dtors)
 *(.init0)
 .init0         0x000001e6        0x0 c:/winavr/bin/../lib/gcc/avr/4.3.3/../../../../avr/lib/avr5/crtm640.o
                0x000001e6                __init
 *(.init0)
 *(.init1)
 *(.init1)
 *(.init2)
 .init2         0x000001e6        0xc c:/winavr/bin/../lib/gcc/avr/4.3.3/../../../../avr/lib/avr5/crtm640.o
 *(.init2)
 *(.init3)
 *(.init3)
 *(.init4)
 .init4         0x000001f2       0x10 c:/winavr/bin/../lib/gcc/avr/4.3.3/avr5\libgcc.a(_clear_bss.o)
                0x000001f2                __do_clear_bss
 *(.init4)
 *(.init5)
 *(.init5)
 *(.init6)
 *(.init6)
 *(.init7)
 *(.init7)
 *(.init8)
 *(.init8)
 *(.init9)
 .init9         0x00000202        0x6 c:/winavr/bin/../lib/gcc/avr/4.3.3/../../../../avr/lib/avr5/crtm640.o
 *(.init9)
 *(.text)
 .text          0x00000208        0x2 c:/winavr/bin/../lib/gcc/avr/4.3.3/../../../../avr/lib/avr5/crtm640.o
                0x00000208                __vector_38
                0x00000208                __vector_22
                0x00000208                __vector_28
                0x00000208                __vector_1
                0x00000208                __vector_32
                0x00000208                __vector_34
                0x00000208                __vector_24
                0x00000208                __vector_55
                0x00000208                __vector_46
                0x00000208                __bad_interrupt
                0x00000208                __vector_6
                0x00000208                __vector_31
                0x00000208                __vector_35
                0x00000208                __vector_39
                0x00000208                __vector_3
                0x00000208                __vector_23
                0x00000208                __vector_30
                0x00000208                __vector_45
                0x00000208                __vector_25
                0x00000208                __vector_11
                0x00000208                __vector_54
                0x00000208                __vector_13
                0x00000208                __vector_19
                0x00000208                __vector_56
                0x00000208                __vector_7
                0x00000208                __vector_49
                0x00000208                __vector_41
                0x00000208                __vector_43
                0x00000208                __vector_27
                0x00000208                __vector_5
                0x00000208                __vector_33
                0x00000208                __vector_47
                0x00000208                __vector_52
                0x00000208                __vector_37
                0x00000208                __vector_4
                0x00000208                __vector_44
                0x00000208                __vector_51
                0x00000208                __vector_9
                0x00000208                __vector_2
                0x00000208                __vector_21
                0x00000208                __vector_15
                0x00000208                __vector_36
                0x00000208                __vector_29
                0x00000208                __vector_40
                0x00000208                __vector_8
                0x00000208                __vector_26
                0x00000208                __vector_48
                0x00000208                __vector_14
                0x00000208                __vector_53
                0x00000208                __vector_10
                0x00000208                __vector_50
                0x00000208                __vector_16
                0x00000208                __vector_18
                0x00000208                __vector_20
                0x00000208                __vector_42
                0x0000020a                . = ALIGN (0x2)
 *(.text.*)
 .text.Change_ADC
                0x0000020a       0x1e src/adc_func.o
                0x0000020a                Change_ADC
 .text.Read_ADC
                0x00000228       0x1e src/adc_func.o
                0x00000228                Read_ADC
 .text.Check_ADC
                0x00000246        0xe src/adc_func.o
                0x00000246                Check_ADC
 .text.Volt_ADC
                0x00000254       0xd2 src/adc_func.o
                0x00000254                Volt_ADC
 .text.Amp_ADC  0x00000326      0x12c src/adc_func.o
                0x00000326                Amp_ADC
 .text.Temp_ADC
                0x00000452        0x2 src/adc_func.o
                0x00000452                Temp_ADC
 .text.Update_TELEM
                0x00000454       0xc8 src/obc_comm.o
                0x00000454                Update_TELEM
 .text.GPIO_init
                0x0000051c       0x2a src/peripheral_init.o
                0x0000051c                GPIO_init
 .text.ADC_init
                0x00000546        0xe src/peripheral_init.o
                0x00000546                ADC_init
 .text.UART0_init
                0x00000554       0x18 src/peripheral_init.o
                0x00000554                UART0_init
 .text.WD_init  0x0000056c        0x2 src/peripheral_init.o
                0x0000056c                WD_init
 .text.UART0_putchar
                0x0000056e       0x12 src/uart_func.o
                0x0000056e                UART0_putchar
 .text.UART0_getchar
                0x00000580       0x10 src/uart_func.o
                0x00000580                UART0_getchar
 .text.UART0_putstring
                0x00000590       0x1c src/uart_func.o
                0x00000590                UART0_putstring
 .text.UART0_getstring
                0x000005ac       0x4a src/uart_func.o
                0x000005ac                UART0_getstring
 .text.__vector_12
                0x000005f6       0x52 src/wdt_megarf.o
                0x000005f6                __vector_12
 .text.main     0x00000648       0x12 src/cubesat_EPS.o
                0x00000648                main
 .text.__vector_17
                0x0000065a       0x4a src/cubesat_EPS.o
                0x0000065a                __vector_17
 .text.avr-libc.fplib
                0x000006a4        0xa c:/winavr/bin/../lib/gcc/avr/4.3.3/../../../../avr/lib/avr5\libm.a(addsf3.o)
                0x000006a4                __subsf3
                0x000006a6                __addsf3
 .text.avr-libc.fplib
                0x000006ae       0xc0 c:/winavr/bin/../lib/gcc/avr/4.3.3/../../../../avr/lib/avr5\libm.a(addsf3x.o)
                0x000006c8                __addsf3x
 .text.avr-libc.fplib
                0x0000076e        0x4 c:/winavr/bin/../lib/gcc/avr/4.3.3/../../../../avr/lib/avr5\libm.a(divsf3.o)
                0x0000076e                __divsf3
 .text.avr-libc.fplib
                0x00000772       0xcc c:/winavr/bin/../lib/gcc/avr/4.3.3/../../../../avr/lib/avr5\libm.a(divsf3x.o)
                0x00000788                __divsf3x
                0x0000078c                __divsf3_pse
 .text.avr-libc.fplib
                0x0000083e       0x7a c:/winavr/bin/../lib/gcc/avr/4.3.3/../../../../avr/lib/avr5\libm.a(floatsisf.o)
                0x00000842                __floatsisf
                0x0000083e                __floatunsisf
 .text.avr-libc.fplib
                0x000008b8        0xc c:/winavr/bin/../lib/gcc/avr/4.3.3/../../../../avr/lib/avr5\libm.a(fp_inf.o)
                0x000008b8                __fp_inf
 .text.avr-libc.fplib
                0x000008c4        0x6 c:/winavr/bin/../lib/gcc/avr/4.3.3/../../../../avr/lib/avr5\libm.a(fp_nan.o)
                0x000008c4                __fp_nan
 .text.avr-libc.fplib
                0x000008ca        0xe c:/winavr/bin/../lib/gcc/avr/4.3.3/../../../../avr/lib/avr5\libm.a(fp_pscA.o)
                0x000008ca                __fp_pscA
 .text.avr-libc.fplib
                0x000008d8        0xe c:/winavr/bin/../lib/gcc/avr/4.3.3/../../../../avr/lib/avr5\libm.a(fp_pscB.o)
                0x000008d8                __fp_pscB
 .text.avr-libc.fplib
                0x000008e6       0x22 c:/winavr/bin/../lib/gcc/avr/4.3.3/../../../../avr/lib/avr5\libm.a(fp_round.o)
                0x000008e6                __fp_round
 .text.avr-libc.fplib
                0x00000908       0x44 c:/winavr/bin/../lib/gcc/avr/4.3.3/../../../../avr/lib/avr5\libm.a(fp_split3.o)
                0x00000908                __fp_split3
                0x00000918                __fp_splitA
 .text.avr-libc.fplib
                0x0000094c        0xe c:/winavr/bin/../lib/gcc/avr/4.3.3/../../../../avr/lib/avr5\libm.a(fp_zero.o)
                0x0000094c                __fp_zero
                0x0000094e                __fp_szero
 .text.avr-libc.fplib
                0x0000095a        0x4 c:/winavr/bin/../lib/gcc/avr/4.3.3/../../../../avr/lib/avr5\libm.a(mulsf3.o)
                0x0000095a                __mulsf3
 .text.avr-libc.fplib
                0x0000095e       0xc2 c:/winavr/bin/../lib/gcc/avr/4.3.3/../../../../avr/lib/avr5\libm.a(mulsf3x.o)
                0x00000976                __mulsf3_pse
                0x00000972                __mulsf3x
 .text.avr-libc
                0x00000a20      0x6d0 c:/winavr/bin/../lib/gcc/avr/4.3.3/../../../../avr/lib/avr5\libprintf_flt.a(vfprintf_flt.o)
                0x00000a20                vfprintf
 .text.libgcc   0x000010f0       0x38 c:/winavr/bin/../lib/gcc/avr/4.3.3/avr5\libgcc.a(_prologue.o)
                0x000010f0                __prologue_saves__
 .text.libgcc   0x00001128       0x36 c:/winavr/bin/../lib/gcc/avr/4.3.3/avr5\libgcc.a(_epilogue.o)
                0x00001128                __epilogue_restores__
 .text.avr-libc
                0x0000115e      0x1b0 c:/winavr/bin/../lib/gcc/avr/4.3.3/../../../../avr/lib/avr5\libc.a(ftoa_engine.o)
                0x0000115e                __ftoa_engine
 .text.avr-libc
                0x0000130e       0x16 c:/winavr/bin/../lib/gcc/avr/4.3.3/../../../../avr/lib/avr5\libc.a(strnlen_P.o)
                0x0000130e                strnlen_P
 .text.avr-libc
                0x00001324       0x16 c:/winavr/bin/../lib/gcc/avr/4.3.3/../../../../avr/lib/avr5\libc.a(strnlen.o)
                0x00001324                strnlen
 .text.avr-libc
                0x0000133a       0x58 c:/winavr/bin/../lib/gcc/avr/4.3.3/../../../../avr/lib/avr5\libc.a(fputc.o)
                0x0000133a                fputc
 .text.avr-libc
                0x00001392       0xbc c:/winavr/bin/../lib/gcc/avr/4.3.3/../../../../avr/lib/avr5\libc.a(ultoa_invert.o)
                0x00001392                __ultoa_invert
                0x0000144e                . = ALIGN (0x2)
 *(.fini9)
 .fini9         0x0000144e        0x0 c:/winavr/bin/../lib/gcc/avr/4.3.3/avr5\libgcc.a(_exit.o)
                0x0000144e                exit
                0x0000144e                _exit
 *(.fini9)
 *(.fini8)
 *(.fini8)
 *(.fini7)
 *(.fini7)
 *(.fini6)
 *(.fini6)
 *(.fini5)
 *(.fini5)
 *(.fini4)
 *(.fini4)
 *(.fini3)
 *(.fini3)
 *(.fini2)
 *(.fini2)
 *(.fini1)
 *(.fini1)
 *(.fini0)
 .fini0         0x0000144e        0x4 c:/winavr/bin/../lib/gcc/avr/4.3.3/avr5\libgcc.a(_exit.o)
 *(.fini0)
                0x00001452                _etext = .

.data           0x00800200        0x0 load address 0x00001452
                0x00800200                PROVIDE (__data_start, .)
 *(.data)
 *(.data*)
 *(.rodata)
 *(.rodata*)
 *(.gnu.linkonce.d*)
                0x00800200                . = ALIGN (0x2)
                0x00800200                _edata = .
                0x00800200                PROVIDE (__data_end, .)

.bss            0x00800200       0x32
                0x00800200                PROVIDE (__bss_start, .)
 *(.bss)
 *(.bss*)
 .bss.wdt_timer_callback
                0x00800200        0x2 src/wdt_megarf.o
 *(COMMON)
 COMMON         0x00800202       0x30 src/cubesat_EPS.o
                0x00800202                telem
                0x00800232                PROVIDE (__bss_end, .)
                0x00001452                __data_load_start = LOADADDR (.data)
                0x00001452                __data_load_end = (__data_load_start + SIZEOF (.data))

.noinit         0x00800232        0x0
                0x00800232                PROVIDE (__noinit_start, .)
 *(.noinit*)
                0x00800232                PROVIDE (__noinit_end, .)
                0x00800232                _end = .
                0x00800232                PROVIDE (__heap_start, .)

.eeprom         0x00810000        0x0
 *(.eeprom*)
                0x00810000                __eeprom_end = .

.fuse
 *(.fuse)
 *(.lfuse)
 *(.hfuse)
 *(.efuse)

.lock
 *(.lock*)

.signature
 *(.signature*)

.stab
 *(.stab)

.stabstr
 *(.stabstr)

.stab.excl
 *(.stab.excl)

.stab.exclstr
 *(.stab.exclstr)

.stab.index
 *(.stab.index)

.stab.indexstr
 *(.stab.indexstr)

.comment
 *(.comment)

.debug
 *(.debug)

.line
 *(.line)

.debug_srcinfo
 *(.debug_srcinfo)

.debug_sfnames
 *(.debug_sfnames)

.debug_aranges  0x00000000      0x1c0
 *(.debug_aranges)
 .debug_aranges
                0x00000000       0x48 src/adc_func.o
 .debug_aranges
                0x00000048       0x28 src/eeprom.o
 .debug_aranges
                0x00000070       0x28 src/gpio_func.o
 .debug_aranges
                0x00000098       0x20 src/obc_comm.o
 .debug_aranges
                0x000000b8       0x40 src/peripheral_init.o
 .debug_aranges
                0x000000f8       0x38 src/uart_func.o
 .debug_aranges
                0x00000130       0x48 src/wdt_megarf.o
 .debug_aranges
                0x00000178       0x20 src/ASF/mega/boards/stk600/rcx_x/init.o
 .debug_aranges
                0x00000198       0x28 src/cubesat_EPS.o

.debug_pubnames
                0x00000000      0x282
 *(.debug_pubnames)
 .debug_pubnames
                0x00000000       0x62 src/adc_func.o
 .debug_pubnames
                0x00000062       0x33 src/eeprom.o
 .debug_pubnames
                0x00000095       0x2e src/gpio_func.o
 .debug_pubnames
                0x000000c3       0x23 src/obc_comm.o
 .debug_pubnames
                0x000000e6       0x55 src/peripheral_init.o
 .debug_pubnames
                0x0000013b       0x5e src/uart_func.o
 .debug_pubnames
                0x00000199       0x8d src/wdt_megarf.o
 .debug_pubnames
                0x00000226       0x21 src/ASF/mega/boards/stk600/rcx_x/init.o
 .debug_pubnames
                0x00000247       0x3b src/cubesat_EPS.o

.debug_info     0x00000000      0xab1
 *(.debug_info)
 .debug_info    0x00000000      0x1a4 src/adc_func.o
 .debug_info    0x000001a4       0xeb src/eeprom.o
 .debug_info    0x0000028f       0xd5 src/gpio_func.o
 .debug_info    0x00000364       0x9b src/obc_comm.o
 .debug_info    0x000003ff       0xcb src/peripheral_init.o
 .debug_info    0x000004ca      0x133 src/uart_func.o
 .debug_info    0x000005fd      0x304 src/wdt_megarf.o
 .debug_info    0x00000901       0x80 src/ASF/mega/boards/stk600/rcx_x/init.o
 .debug_info    0x00000981      0x130 src/cubesat_EPS.o
 *(.gnu.linkonce.wi.*)

.debug_abbrev   0x00000000      0x5c2
 *(.debug_abbrev)
 .debug_abbrev  0x00000000       0xc5 src/adc_func.o
 .debug_abbrev  0x000000c5       0x90 src/eeprom.o
 .debug_abbrev  0x00000155       0x7f src/gpio_func.o
 .debug_abbrev  0x000001d4       0x5d src/obc_comm.o
 .debug_abbrev  0x00000231       0x4a src/peripheral_init.o
 .debug_abbrev  0x0000027b       0xde src/uart_func.o
 .debug_abbrev  0x00000359      0x161 src/wdt_megarf.o
 .debug_abbrev  0x000004ba       0x4c src/ASF/mega/boards/stk600/rcx_x/init.o
 .debug_abbrev  0x00000506       0xbc src/cubesat_EPS.o

.debug_line     0x00000000     0x2360
 *(.debug_line)
 .debug_line    0x00000000      0x4b2 src/adc_func.o
 .debug_line    0x000004b2      0x400 src/eeprom.o
 .debug_line    0x000008b2      0x3cc src/gpio_func.o
 .debug_line    0x00000c7e      0x10b src/obc_comm.o
 .debug_line    0x00000d89      0x4c3 src/peripheral_init.o
 .debug_line    0x0000124c      0x3c1 src/uart_func.o
 .debug_line    0x0000160d      0x5c1 src/wdt_megarf.o
 .debug_line    0x00001bce      0x320 src/ASF/mega/boards/stk600/rcx_x/init.o
 .debug_line    0x00001eee      0x472 src/cubesat_EPS.o

.debug_frame    0x00000000      0x260
 *(.debug_frame)
 .debug_frame   0x00000000       0x70 src/adc_func.o
 .debug_frame   0x00000070       0x30 src/eeprom.o
 .debug_frame   0x000000a0       0x30 src/gpio_func.o
 .debug_frame   0x000000d0       0x20 src/obc_comm.o
 .debug_frame   0x000000f0       0x60 src/peripheral_init.o
 .debug_frame   0x00000150       0x50 src/uart_func.o
 .debug_frame   0x000001a0       0x70 src/wdt_megarf.o
 .debug_frame   0x00000210       0x20 src/ASF/mega/boards/stk600/rcx_x/init.o
 .debug_frame   0x00000230       0x30 src/cubesat_EPS.o

.debug_str      0x00000000      0x519
 *(.debug_str)
 .debug_str     0x00000000      0x127 src/adc_func.o
                                0x160 (size before relaxing)
 .debug_str     0x00000127       0x45 src/eeprom.o
                                0x13c (size before relaxing)
 .debug_str     0x0000016c       0x35 src/gpio_func.o
                                0x123 (size before relaxing)
 .debug_str     0x000001a1       0x25 src/obc_comm.o
                                0x114 (size before relaxing)
 .debug_str     0x000001c6       0x48 src/peripheral_init.o
                                0x131 (size before relaxing)
 .debug_str     0x0000020e       0x54 src/uart_func.o
                                0x149 (size before relaxing)
 .debug_str     0x00000262      0x244 src/wdt_megarf.o
                                0x350 (size before relaxing)
 .debug_str     0x000004a6       0x36 src/ASF/mega/boards/stk600/rcx_x/init.o
                                0x11f (size before relaxing)
 .debug_str     0x000004dc       0x3d src/cubesat_EPS.o
                                0x13e (size before relaxing)

.debug_loc      0x00000000      0x40f
 *(.debug_loc)
 .debug_loc     0x00000000      0x1fc src/adc_func.o
 .debug_loc     0x000001fc       0x46 src/eeprom.o
 .debug_loc     0x00000242      0x110 src/gpio_func.o
 .debug_loc     0x00000352       0x28 src/obc_comm.o
 .debug_loc     0x0000037a       0x64 src/uart_func.o
 .debug_loc     0x000003de       0x31 src/wdt_megarf.o

.debug_macinfo  0x00000000    0x95a30
 *(.debug_macinfo)
 .debug_macinfo
                0x00000000    0x12da0 src/adc_func.o
 .debug_macinfo
                0x00012da0    0x12cc5 src/eeprom.o
 .debug_macinfo
                0x00025a65    0x129b9 src/gpio_func.o
 .debug_macinfo
                0x0003841e     0x1346 src/obc_comm.o
 .debug_macinfo
                0x00039764    0x129f3 src/peripheral_init.o
 .debug_macinfo
                0x0004c157    0x129a5 src/uart_func.o
 .debug_macinfo
                0x0005eafc    0x11ba6 src/wdt_megarf.o
 .debug_macinfo
                0x000706a2    0x123a6 src/ASF/mega/boards/stk600/rcx_x/init.o
 .debug_macinfo
                0x00082a48    0x12fe8 src/cubesat_EPS.o
OUTPUT(MEGA_GPIO_EXAMPLE1.elf elf32-avr)
LOAD linker stubs

.debug_ranges   0x00000000      0x178
 .debug_ranges  0x00000000       0x40 src/adc_func.o
 .debug_ranges  0x00000040       0x20 src/eeprom.o
 .debug_ranges  0x00000060       0x20 src/gpio_func.o
 .debug_ranges  0x00000080       0x18 src/obc_comm.o
 .debug_ranges  0x00000098       0x38 src/peripheral_init.o
 .debug_ranges  0x000000d0       0x30 src/uart_func.o
 .debug_ranges  0x00000100       0x40 src/wdt_megarf.o
 .debug_ranges  0x00000140       0x18 src/ASF/mega/boards/stk600/rcx_x/init.o
 .debug_ranges  0x00000158       0x20 src/cubesat_EPS.o
