Archive member included to satisfy reference by file (symbol)

c:/program files (x86)/atmel/studio/7.0/toolchain/avr8/avr8-gnu-toolchain/bin/../lib/gcc/avr/5.4.0/../../../../avr/lib/avr5\libm.a(addsf3.o)
                              src/adc_func.o (__subsf3)
c:/program files (x86)/atmel/studio/7.0/toolchain/avr8/avr8-gnu-toolchain/bin/../lib/gcc/avr/5.4.0/../../../../avr/lib/avr5\libm.a(addsf3x.o)
                              c:/program files (x86)/atmel/studio/7.0/toolchain/avr8/avr8-gnu-toolchain/bin/../lib/gcc/avr/5.4.0/../../../../avr/lib/avr5\libm.a(addsf3.o) (__addsf3x)
c:/program files (x86)/atmel/studio/7.0/toolchain/avr8/avr8-gnu-toolchain/bin/../lib/gcc/avr/5.4.0/../../../../avr/lib/avr5\libm.a(cmpsf2.o)
                              src/adc_func.o (__ltsf2)
c:/program files (x86)/atmel/studio/7.0/toolchain/avr8/avr8-gnu-toolchain/bin/../lib/gcc/avr/5.4.0/../../../../avr/lib/avr5\libm.a(divsf3.o)
                              src/adc_func.o (__divsf3)
c:/program files (x86)/atmel/studio/7.0/toolchain/avr8/avr8-gnu-toolchain/bin/../lib/gcc/avr/5.4.0/../../../../avr/lib/avr5\libm.a(divsf3x.o)
                              c:/program files (x86)/atmel/studio/7.0/toolchain/avr8/avr8-gnu-toolchain/bin/../lib/gcc/avr/5.4.0/../../../../avr/lib/avr5\libm.a(divsf3.o) (__divsf3x)
c:/program files (x86)/atmel/studio/7.0/toolchain/avr8/avr8-gnu-toolchain/bin/../lib/gcc/avr/5.4.0/../../../../avr/lib/avr5\libm.a(floatsisf.o)
                              src/adc_func.o (__floatunsisf)
c:/program files (x86)/atmel/studio/7.0/toolchain/avr8/avr8-gnu-toolchain/bin/../lib/gcc/avr/5.4.0/../../../../avr/lib/avr5\libm.a(fp_cmp.o)
                              c:/program files (x86)/atmel/studio/7.0/toolchain/avr8/avr8-gnu-toolchain/bin/../lib/gcc/avr/5.4.0/../../../../avr/lib/avr5\libm.a(cmpsf2.o) (__fp_cmp)
c:/program files (x86)/atmel/studio/7.0/toolchain/avr8/avr8-gnu-toolchain/bin/../lib/gcc/avr/5.4.0/../../../../avr/lib/avr5\libm.a(fp_inf.o)
                              c:/program files (x86)/atmel/studio/7.0/toolchain/avr8/avr8-gnu-toolchain/bin/../lib/gcc/avr/5.4.0/../../../../avr/lib/avr5\libm.a(addsf3x.o) (__fp_inf)
c:/program files (x86)/atmel/studio/7.0/toolchain/avr8/avr8-gnu-toolchain/bin/../lib/gcc/avr/5.4.0/../../../../avr/lib/avr5\libm.a(fp_nan.o)
                              c:/program files (x86)/atmel/studio/7.0/toolchain/avr8/avr8-gnu-toolchain/bin/../lib/gcc/avr/5.4.0/../../../../avr/lib/avr5\libm.a(addsf3x.o) (__fp_nan)
c:/program files (x86)/atmel/studio/7.0/toolchain/avr8/avr8-gnu-toolchain/bin/../lib/gcc/avr/5.4.0/../../../../avr/lib/avr5\libm.a(fp_pscA.o)
                              c:/program files (x86)/atmel/studio/7.0/toolchain/avr8/avr8-gnu-toolchain/bin/../lib/gcc/avr/5.4.0/../../../../avr/lib/avr5\libm.a(addsf3x.o) (__fp_pscA)
c:/program files (x86)/atmel/studio/7.0/toolchain/avr8/avr8-gnu-toolchain/bin/../lib/gcc/avr/5.4.0/../../../../avr/lib/avr5\libm.a(fp_pscB.o)
                              c:/program files (x86)/atmel/studio/7.0/toolchain/avr8/avr8-gnu-toolchain/bin/../lib/gcc/avr/5.4.0/../../../../avr/lib/avr5\libm.a(addsf3x.o) (__fp_pscB)
c:/program files (x86)/atmel/studio/7.0/toolchain/avr8/avr8-gnu-toolchain/bin/../lib/gcc/avr/5.4.0/../../../../avr/lib/avr5\libm.a(fp_round.o)
                              c:/program files (x86)/atmel/studio/7.0/toolchain/avr8/avr8-gnu-toolchain/bin/../lib/gcc/avr/5.4.0/../../../../avr/lib/avr5\libm.a(addsf3.o) (__fp_round)
c:/program files (x86)/atmel/studio/7.0/toolchain/avr8/avr8-gnu-toolchain/bin/../lib/gcc/avr/5.4.0/../../../../avr/lib/avr5\libm.a(fp_split3.o)
                              c:/program files (x86)/atmel/studio/7.0/toolchain/avr8/avr8-gnu-toolchain/bin/../lib/gcc/avr/5.4.0/../../../../avr/lib/avr5\libm.a(addsf3x.o) (__fp_split3)
c:/program files (x86)/atmel/studio/7.0/toolchain/avr8/avr8-gnu-toolchain/bin/../lib/gcc/avr/5.4.0/../../../../avr/lib/avr5\libm.a(fp_zero.o)
                              c:/program files (x86)/atmel/studio/7.0/toolchain/avr8/avr8-gnu-toolchain/bin/../lib/gcc/avr/5.4.0/../../../../avr/lib/avr5\libm.a(addsf3x.o) (__fp_zero)
c:/program files (x86)/atmel/studio/7.0/toolchain/avr8/avr8-gnu-toolchain/bin/../lib/gcc/avr/5.4.0/../../../../avr/lib/avr5\libm.a(gesf2.o)
                              src/power_state_mat.o (__gesf2)
c:/program files (x86)/atmel/studio/7.0/toolchain/avr8/avr8-gnu-toolchain/bin/../lib/gcc/avr/5.4.0/../../../../avr/lib/avr5\libm.a(mulsf3.o)
                              src/adc_func.o (__mulsf3)
c:/program files (x86)/atmel/studio/7.0/toolchain/avr8/avr8-gnu-toolchain/bin/../lib/gcc/avr/5.4.0/../../../../avr/lib/avr5\libm.a(mulsf3x.o)
                              c:/program files (x86)/atmel/studio/7.0/toolchain/avr8/avr8-gnu-toolchain/bin/../lib/gcc/avr/5.4.0/../../../../avr/lib/avr5\libm.a(mulsf3.o) (__mulsf3x)
c:/program files (x86)/atmel/studio/7.0/toolchain/avr8/avr8-gnu-toolchain/bin/../lib/gcc/avr/5.4.0/../../../../avr/lib/avr5\libprintf_flt.a(vfprintf_flt.o)
[...]
Memory Configuration

Name             Origin             Length             Attributes
text             0x00000000         0x00020000         xr
data             0x00800060         0x0000ffa0         rw !x
eeprom           0x00810000         0x00010000         rw !x
fuse             0x00820000         0x00000003         rw !x
lock             0x00830000         0x00000400         rw !x
signature        0x00840000         0x00000400         rw !x
user_signatures  0x00850000         0x00000400         rw !x
*default*        0x00000000         0xffffffff

Linker script and memory map

Address of section .data set to 0x800200
LOAD c:/program files (x86)/atmel/studio/7.0/toolchain/avr8/avr8-gnu-toolchain/bin/../lib/gcc/avr/5.4.0/../../../../avr/lib/avr5/crtatmega640.o
LOAD src/adc_func.o
LOAD src/fault.o
LOAD src/launcher.o
LOAD src/power_switch.o
LOAD src/power_state_mat.o
LOAD src/eeprom.o
LOAD src/gpio_func.o
LOAD src/obc_comm.o
LOAD src/peripheral_init.o
LOAD src/uart_func.o
LOAD src/wdt_megarf.o
LOAD src/ASF/mega/boards/stk600/rcx_x/init.o
LOAD src/cubesat_EPS.o
START GROUP
LOAD c:/program files (x86)/atmel/studio/7.0/toolchain/avr8/avr8-gnu-toolchain/bin/../lib/gcc/avr/5.4.0/../../../../avr/lib/avr5\libm.a
END GROUP
LOAD c:/program files (x86)/atmel/studio/7.0/toolchain/avr8/avr8-gnu-toolchain/bin/../lib/gcc/avr/5.4.0/../../../../avr/lib/avr5\libprintf_flt.a
START GROUP
LOAD c:/program files (x86)/atmel/studio/7.0/toolchain/avr8/avr8-gnu-toolchain/bin/../lib/gcc/avr/5.4.0/avr5\libgcc.a
LOAD c:/program files (x86)/atmel/studio/7.0/toolchain/avr8/avr8-gnu-toolchain/bin/../lib/gcc/avr/5.4.0/../../../../avr/lib/avr5\libm.a
LOAD c:/program files (x86)/atmel/studio/7.0/toolchain/avr8/avr8-gnu-toolchain/bin/../lib/gcc/avr/5.4.0/../../../../avr/lib/avr5\libc.a
LOAD c:/program files (x86)/atmel/studio/7.0/toolchain/avr8/avr8-gnu-toolchain/bin/../lib/gcc/avr/5.4.0/../../../../avr/lib/avr5\libatmega640.a
END GROUP
                0x00020000                __TEXT_REGION_LENGTH__ = DEFINED (__TEXT_REGION_LENGTH__)?__TEXT_REGION_LENGTH__:0x20000
                0x0000ffa0                __DATA_REGION_LENGTH__ = DEFINED (__DATA_REGION_LENGTH__)?__DATA_REGION_LENGTH__:0xffa0
                0x00010000                __EEPROM_REGION_LENGTH__ = DEFINED (__EEPROM_REGION_LENGTH__)?__EEPROM_REGION_LENGTH__:0x10000
                [0x00000003]                __FUSE_REGION_LENGTH__ = DEFINED (__FUSE_REGION_LENGTH__)?__FUSE_REGION_LENGTH__:0x400
                0x00000400                __LOCK_REGION_LENGTH__ = DEFINED (__LOCK_REGION_LENGTH__)?__LOCK_REGION_LENGTH__:0x400
                0x00000400                __SIGNATURE_REGION_LENGTH__ = DEFINED (__SIGNATURE_REGION_LENGTH__)?__SIGNATURE_REGION_LENGTH__:0x400
                0x00000400                __USER_SIGNATURE_REGION_LENGTH__ = DEFINED (__USER_SIGNATURE_REGION_LENGTH__)?__USER_SIGNATURE_REGION_LENGTH__:0x400

.hash
 *(.hash)

.dynsym
 *(.dynsym)

.dynstr
 *(.dynstr)

.gnu.version
 *(.gnu.version)

.gnu.version_d
 *(.gnu.version_d)

.gnu.version_r
 *(.gnu.version_r)

.rel.init
 *(.rel.init)

.rela.init
 *(.rela.init)

.rel.text
 *(.rel.text)
 *(.rel.text.*)
 *(.rel.gnu.linkonce.t*)

.rela.text
 *(.rela.text)
 *(.rela.text.*)
 *(.rela.gnu.linkonce.t*)

.rel.fini
 *(.rel.fini)

.rela.fini
 *(.rela.fini)

.rel.rodata
 *(.rel.rodata)
 *(.rel.rodata.*)
 *(.rel.gnu.linkonce.r*)

.rela.rodata
 *(.rela.rodata)
 *(.rela.rodata.*)
 *(.rela.gnu.linkonce.r*)

.rel.data
 *(.rel.data)
 *(.rel.data.*)
 *(.rel.gnu.linkonce.d*)

.rela.data
 *(.rela.data)
 *(.rela.data.*)
 *(.rela.gnu.linkonce.d*)

.rel.ctors
 *(.rel.ctors)

.rela.ctors
 *(.rela.ctors)

.rel.dtors
 *(.rel.dtors)

.rela.dtors
 *(.rela.dtors)

.rel.got
 *(.rel.got)

.rela.got
 *(.rela.got)

.rel.bss
 *(.rel.bss)

.rela.bss
 *(.rela.bss)

.rel.plt
 *(.rel.plt)

.rela.plt
 *(.rela.plt)

.text           0x00000000     0x31fc
 *(.vectors)
 .vectors       0x00000000       0xe4 c:/program files (x86)/atmel/studio/7.0/toolchain/avr8/avr8-gnu-toolchain/bin/../lib/gcc/avr/5.4.0/../../../../avr/lib/avr5/crtatmega640.o
                0x00000000                __vector_default
                0x00000000                __vectors
 *(.vectors)
 *(.progmem.gcc*)
                0x000000e4                . = ALIGN (0x2)
                0x000000e4                __trampolines_start = .
 *(.trampolines)
 .trampolines   0x000000e4        0x0 linker stubs
 *(.trampolines*)
                0x000000e4                __trampolines_end = .
 *libprintf_flt.a:*(.progmem.data)
 .progmem.data  0x000000e4        0x8 c:/program files (x86)/atmel/studio/7.0/toolchain/avr8/avr8-gnu-toolchain/bin/../lib/gcc/avr/5.4.0/../../../../avr/lib/avr5\libprintf_flt.a(vfprintf_flt.o)
 *libc.a:*(.progmem.data)
 .progmem.data  0x000000ec       0xfa c:/program files (x86)/atmel/studio/7.0/toolchain/avr8/avr8-gnu-toolchain/bin/../lib/gcc/avr/5.4.0/../../../../avr/lib/avr5\libc.a(ftoa_engine.o)
 *(.progmem*)
                0x000001e6                . = ALIGN (0x2)
 *(.jumptables)
 *(.jumptables*)
 *(.lowtext)
 *(.lowtext*)
                0x000001e6                __ctors_start = .
 *(.ctors)
                0x000001e6                __ctors_end = .
                0x000001e6                __dtors_start = .
 *(.dtors)
                0x000001e6                __dtors_end = .
 SORT(*)(.ctors)
 SORT(*)(.dtors)
 *(.init0)
 .init0         0x000001e6        0x0 c:/program files (x86)/atmel/studio/7.0/toolchain/avr8/avr8-gnu-toolchain/bin/../lib/gcc/avr/5.4.0/../../../../avr/lib/avr5/crtatmega640.o
                0x000001e6                __init
 *(.init0)
 *(.init1)
 *(.init1)
 *(.init2)
 .init2         0x000001e6        0xc c:/program files (x86)/atmel/studio/7.0/toolchain/avr8/avr8-gnu-toolchain/bin/../lib/gcc/avr/5.4.0/../../../../avr/lib/avr5/crtatmega640.o
 *(.init2)
 *(.init3)
 *(.init3)
 *(.init4)
 .init4         0x000001f2       0x16 c:/program files (x86)/atmel/studio/7.0/toolchain/avr8/avr8-gnu-toolchain/bin/../lib/gcc/avr/5.4.0/avr5\libgcc.a(_copy_data.o)
                0x000001f2                __do_copy_data
 .init4         0x00000208       0x10 c:/program files (x86)/atmel/studio/7.0/toolchain/avr8/avr8-gnu-toolchain/bin/../lib/gcc/avr/5.4.0/avr5\libgcc.a(_clear_bss.o)
                0x00000208                __do_clear_bss
 *(.init4)
 *(.init5)
 *(.init5)
 *(.init6)
 *(.init6)
 *(.init7)
 *(.init7)
 *(.init8)
 *(.init8)
 *(.init9)
 .init9         0x00000218        0x8 c:/program files (x86)/atmel/studio/7.0/toolchain/avr8/avr8-gnu-toolchain/bin/../lib/gcc/avr/5.4.0/../../../../avr/lib/avr5/crtatmega640.o
 *(.init9)
 *(.text)
 .text          0x00000220        0x2 c:/program files (x86)/atmel/studio/7.0/toolchain/avr8/avr8-gnu-toolchain/bin/../lib/gcc/avr/5.4.0/../../../../avr/lib/avr5/crtatmega640.o
                0x00000220                __vector_38
                0x00000220                __vector_22
                0x00000220                __vector_28
                0x00000220                __vector_1
                0x00000220                __vector_32
                0x00000220                __vector_34
                0x00000220                __vector_24
                0x00000220                __vector_55
                0x00000220                __vector_46
                0x00000220                __bad_interrupt
                0x00000220                __vector_6
                0x00000220                __vector_31
                0x00000220                __vector_35
                0x00000220                __vector_39
                0x00000220                __vector_3
                0x00000220                __vector_23
                0x00000220                __vector_30
                0x00000220                __vector_45
                0x00000220                __vector_11
                0x00000220                __vector_54
                0x00000220                __vector_13
                0x00000220                __vector_19
                0x00000220                __vector_56
                0x00000220                __vector_7
                0x00000220                __vector_49
                0x00000220                __vector_41
                0x00000220                __vector_43
                0x00000220                __vector_27
                0x00000220                __vector_5
                0x00000220                __vector_33
                0x00000220                __vector_47
                0x00000220                __vector_52
                0x00000220                __vector_37
                0x00000220                __vector_4
                0x00000220                __vector_44
                0x00000220                __vector_51
                0x00000220                __vector_9
                0x00000220                __vector_2
                0x00000220                __vector_21
                0x00000220                __vector_15
                0x00000220                __vector_36
                0x00000220                __vector_29
                0x00000220                __vector_40
                0x00000220                __vector_8
                0x00000220                __vector_26
                0x00000220                __vector_48
                0x00000220                __vector_14
                0x00000220                __vector_53
                0x00000220                __vector_10
                0x00000220                __vector_50
                0x00000220                __vector_16
                0x00000220                __vector_18
                0x00000220                __vector_20
                0x00000220                __vector_42
                0x00000222                . = ALIGN (0x2)
 *(.text.*)
 .text.Change_ADC
                0x00000222       0x24 src/adc_func.o
                0x00000222                Change_ADC
 .text.Read_ADC
                0x00000246       0x1a src/adc_func.o
                0x00000246                Read_ADC
 .text.Check_ADC
                0x00000260       0x10 src/adc_func.o
                0x00000260                Check_ADC
 .text.Volt_ADC
                0x00000270       0xd2 src/adc_func.o
                0x00000270                Volt_ADC
 .text.Amp_ADC  0x00000342      0x186 src/adc_func.o
                0x00000342                Amp_ADC
 .text.Temp_ADC
                0x000004c8      0x1f0 src/adc_func.o
                0x000004c8                Temp_ADC
 .text.SoC_ADC  0x000006b8      0x484 src/adc_func.o
                0x000006b8                SoC_ADC
 .text.fault_check
                0x00000b3c       0xc2 src/fault.o
                0x00000b3c                fault_check
 .text.launch_pre
                0x00000bfe        0xa src/launcher.o
                0x00000bfe                launch_pre
 .text.launch_post
                0x00000c08        0xa src/launcher.o
                0x00000c08                launch_post
 .text.launch_check
                0x00000c12       0x28 src/launcher.o
                0x00000c12                launch_check
 .text.launch_reset
                0x00000c3a       0x12 src/launcher.o
                0x00000c3a                launch_reset
 .text.launch_timer
                0x00000c4c       0x60 src/launcher.o
                0x00000c4c                launch_timer
 .text.launch_state
                0x00000cac       0x3c src/launcher.o
                0x00000cac                launch_state
 .text.Enable_3V3_1
                0x00000ce8       0x1e src/power_switch.o
                0x00000ce8                Enable_3V3_1
 .text.Enable_5V
                0x00000d06       0x1e src/power_switch.o
                0x00000d06                Enable_5V
 .text.Enable_8V
                0x00000d24       0x1e src/power_switch.o
                0x00000d24                Enable_8V
 .text.Enable_VBatt
                0x00000d42       0x1e src/power_switch.o
                0x00000d42                Enable_VBatt
 .text.Disable_3V3_1
                0x00000d60        0xc src/power_switch.o
                0x00000d60                Disable_3V3_1
 .text.Disable_5V
                0x00000d6c        0xc src/power_switch.o
                0x00000d6c                Disable_5V
 .text.Disable_8V
                0x00000d78        0xc src/power_switch.o
                0x00000d78                Disable_8V
 .text.Disable_VBatt
                0x00000d84        0xc src/power_switch.o
                0x00000d84                Disable_VBatt
 .text.heater_SWITCH
                0x00000d90       0xae src/power_switch.o
                0x00000d90                heater_SWITCH
 .text.obc_SWITCH
                0x00000e3e       0x14 src/power_switch.o
                0x00000e3e                obc_SWITCH
 .text.imager_SWITCH
                0x00000e52       0x2c src/power_switch.o
                0x00000e52                imager_SWITCH
 .text.grips_SWITCH
                0x00000e7e       0x32 src/power_switch.o
                0x00000e7e                grips_SWITCH
 .text.sband_SWITCH
                0x00000eb0       0x20 src/power_switch.o
                0x00000eb0                sband_SWITCH
 .text.uhf_SWITCH
                0x00000ed0       0x20 src/power_switch.o
                0x00000ed0                uhf_SWITCH
 .text.Update_LOADS
                0x00000ef0       0x1e src/power_switch.o
                0x00000ef0                Update_LOADS
 .text.pwrMatInit
                0x00000f0e       0x50 src/power_state_mat.o
                0x00000f0e                pwrMatInit
 .text.PowerStateCheck
                0x00000f5e      0x472 src/power_state_mat.o
                0x00000f5e                PowerStateCheck
 .text.Update_STATE
                0x000013d0       0x28 src/power_state_mat.o
                0x000013d0                Update_STATE
 .text.Manual_STATE
                0x000013f8       0x30 src/power_state_mat.o
                0x000013f8                Manual_STATE
 .text.pwrMatChange
                0x00001428       0x56 src/power_state_mat.o
                0x00001428                pwrMatChange
 .text.EEPROM_Write
                0x0000147e       0x14 src/eeprom.o
                0x0000147e                EEPROM_Write
 .text.EEPROM_Read
                0x00001492       0x10 src/eeprom.o
                0x00001492                EEPROM_Read
 .text.Set_GPIO
                0x000014a2       0xcc src/gpio_func.o
                0x000014a2                Set_GPIO
 .text.Clear_GPIO
                0x0000156e       0xde src/gpio_func.o
                0x0000156e                Clear_GPIO
 .text.Update_TELEM
                0x0000164c       0xd4 src/obc_comm.o
                0x0000164c                Update_TELEM
 .text.Update_OBC
                0x00001720      0x56a src/obc_comm.o
                0x00001720                Update_OBC
 .text.Manual_RESET
                0x00001c8a       0x14 src/obc_comm.o
                0x00001c8a                Manual_RESET
 .text.commandDecode
                0x00001c9e      0x2e0 src/obc_comm.o
                0x00001c9e                commandDecode
 .text.GPIO_init
                0x00001f7e       0x2c src/peripheral_init.o
                0x00001f7e                GPIO_init
 .text.ADC_init
                0x00001faa        0xe src/peripheral_init.o
                0x00001faa                ADC_init
 .text.CLK_init
                0x00001fb8       0x22 src/peripheral_init.o
                0x00001fb8                CLK_init
 .text.UART0_init
                0x00001fda       0x18 src/peripheral_init.o
                0x00001fda                UART0_init
 .text.WD_init  0x00001ff2       0x10 src/peripheral_init.o
                0x00001ff2                WD_init
 .text.ALL_init
                0x00002002        0xc src/peripheral_init.o
                0x00002002                ALL_init
 .text.UART0_putchar
                0x0000200e       0x10 src/uart_func.o
                0x0000200e                UART0_putchar
 .text.UART0_getchar
                0x0000201e       0x10 src/uart_func.o
                0x0000201e                UART0_getchar
 .text.UART0_putstring
                0x0000202e       0x1c src/uart_func.o
                0x0000202e                UART0_putstring
 .text.UART0_getstring
                0x0000204a       0x42 src/uart_func.o
                0x0000204a                UART0_getstring
 .text.wdt_set_timeout_period
                0x0000208c       0x48 src/wdt_megarf.o
                0x0000208c                wdt_set_timeout_period
 .text.wdt_enable
                0x000020d4       0x76 src/wdt_megarf.o
                0x000020d4                wdt_enable
 .text.__vector_17
                0x0000214a      0x158 src/cubesat_EPS.o
                0x0000214a                __vector_17
 .text.__vector_25
                0x000022a2       0x74 src/cubesat_EPS.o
                0x000022a2                __vector_25
 .text.__vector_12
                0x00002316       0x4a src/cubesat_EPS.o
                0x00002316                __vector_12
 .text.main     0x00002360       0x24 src/cubesat_EPS.o
                0x00002360                main
 .text.avr-libc.fplib
                0x00002384        0xa c:/program files (x86)/atmel/studio/7.0/toolchain/avr8/avr8-gnu-toolchain/bin/../lib/gcc/avr/5.4.0/../../../../avr/lib/avr5\libm.a(addsf3.o)
                0x00002384                __subsf3
                0x00002386                __addsf3
 .text.avr-libc.fplib
                0x0000238e       0xc0 c:/program files (x86)/atmel/studio/7.0/toolchain/avr8/avr8-gnu-toolchain/bin/../lib/gcc/avr/5.4.0/../../../../avr/lib/avr5\libm.a(addsf3x.o)
                0x000023a8                __addsf3x
 .text.avr-libc.fplib
                0x0000244e        0x8 c:/program files (x86)/atmel/studio/7.0/toolchain/avr8/avr8-gnu-toolchain/bin/../lib/gcc/avr/5.4.0/../../../../avr/lib/avr5\libm.a(cmpsf2.o)
                0x0000244e                __nesf2
                0x0000244e                __eqsf2
                0x0000244e                __cmpsf2
                0x0000244e                __ltsf2
                0x0000244e                __lesf2
 .text.avr-libc.fplib
                0x00002456        0x4 c:/program files (x86)/atmel/studio/7.0/toolchain/avr8/avr8-gnu-toolchain/bin/../lib/gcc/avr/5.4.0/../../../../avr/lib/avr5\libm.a(divsf3.o)
                0x00002456                __divsf3
 .text.avr-libc.fplib
                0x0000245a       0xcc c:/program files (x86)/atmel/studio/7.0/toolchain/avr8/avr8-gnu-toolchain/bin/../lib/gcc/avr/5.4.0/../../../../avr/lib/avr5\libm.a(divsf3x.o)
                0x00002470                __divsf3x
                0x00002474                __divsf3_pse
 .text.avr-libc.fplib
                0x00002526       0x7a c:/program files (x86)/atmel/studio/7.0/toolchain/avr8/avr8-gnu-toolchain/bin/../lib/gcc/avr/5.4.0/../../../../avr/lib/avr5\libm.a(floatsisf.o)
                0x00002526                __floatunsisf
                0x0000252a                __floatsisf
 .text.avr-libc.fplib
                0x000025a0       0x48 c:/program files (x86)/atmel/studio/7.0/toolchain/avr8/avr8-gnu-toolchain/bin/../lib/gcc/avr/5.4.0/../../../../avr/lib/avr5\libm.a(fp_cmp.o)
                0x000025a0                __fp_cmp
 .text.avr-libc.fplib
                0x000025e8        0xc c:/program files (x86)/atmel/studio/7.0/toolchain/avr8/avr8-gnu-toolchain/bin/../lib/gcc/avr/5.4.0/../../../../avr/lib/avr5\libm.a(fp_inf.o)
                0x000025e8                __fp_inf
 .text.avr-libc.fplib
                0x000025f4        0x6 c:/program files (x86)/atmel/studio/7.0/toolchain/avr8/avr8-gnu-toolchain/bin/../lib/gcc/avr/5.4.0/../../../../avr/lib/avr5\libm.a(fp_nan.o)
                0x000025f4                __fp_nan
 .text.avr-libc.fplib
                0x000025fa        0xe c:/program files (x86)/atmel/studio/7.0/toolchain/avr8/avr8-gnu-toolchain/bin/../lib/gcc/avr/5.4.0/../../../../avr/lib/avr5\libm.a(fp_pscA.o)
                0x000025fa                __fp_pscA
 .text.avr-libc.fplib
                0x00002608        0xe c:/program files (x86)/atmel/studio/7.0/toolchain/avr8/avr8-gnu-toolchain/bin/../lib/gcc/avr/5.4.0/../../../../avr/lib/avr5\libm.a(fp_pscB.o)
                0x00002608                __fp_pscB
 .text.avr-libc.fplib
                0x00002616       0x22 c:/program files (x86)/atmel/studio/7.0/toolchain/avr8/avr8-gnu-toolchain/bin/../lib/gcc/avr/5.4.0/../../../../avr/lib/avr5\libm.a(fp_round.o)
                0x00002616                __fp_round
 .text.avr-libc.fplib
                0x00002638       0x44 c:/program files (x86)/atmel/studio/7.0/toolchain/avr8/avr8-gnu-toolchain/bin/../lib/gcc/avr/5.4.0/../../../../avr/lib/avr5\libm.a(fp_split3.o)
                0x00002638                __fp_split3
                0x00002648                __fp_splitA
 .text.avr-libc.fplib
                0x0000267c        0xe c:/program files (x86)/atmel/studio/7.0/toolchain/avr8/avr8-gnu-toolchain/bin/../lib/gcc/avr/5.4.0/../../../../avr/lib/avr5\libm.a(fp_zero.o)
                0x0000267c                __fp_zero
                0x0000267e                __fp_szero
 .text.avr-libc.fplib
                0x0000268a        0x8 c:/program files (x86)/atmel/studio/7.0/toolchain/avr8/avr8-gnu-toolchain/bin/../lib/gcc/avr/5.4.0/../../../../avr/lib/avr5\libm.a(gesf2.o)
                0x0000268a                __gesf2
                0x0000268a                __gtsf2
 .text.avr-libc.fplib
                0x00002692        0x4 c:/program files (x86)/atmel/studio/7.0/toolchain/avr8/avr8-gnu-toolchain/bin/../lib/gcc/avr/5.4.0/../../../../avr/lib/avr5\libm.a(mulsf3.o)
                0x00002692                __mulsf3
 .text.avr-libc.fplib
                0x00002696       0xc2 c:/program files (x86)/atmel/studio/7.0/toolchain/avr8/avr8-gnu-toolchain/bin/../lib/gcc/avr/5.4.0/../../../../avr/lib/avr5\libm.a(mulsf3x.o)
                0x000026aa                __mulsf3x
                0x000026ae                __mulsf3_pse
 .text.avr-libc
                0x00002758      0x6bc c:/program files (x86)/atmel/studio/7.0/toolchain/avr8/avr8-gnu-toolchain/bin/../lib/gcc/avr/5.4.0/../../../../avr/lib/avr5\libprintf_flt.a(vfprintf_flt.o)
                0x00002758                vfprintf
 .text.libgcc.prologue
                0x00002e14       0x38 c:/program files (x86)/atmel/studio/7.0/toolchain/avr8/avr8-gnu-toolchain/bin/../lib/gcc/avr/5.4.0/avr5\libgcc.a(_prologue.o)
                0x00002e14                __prologue_saves__
 .text.libgcc.prologue
                0x00002e4c       0x36 c:/program files (x86)/atmel/studio/7.0/toolchain/avr8/avr8-gnu-toolchain/bin/../lib/gcc/avr/5.4.0/avr5\libgcc.a(_epilogue.o)
                0x00002e4c                __epilogue_restores__
 .text.avr-libc
                0x00002e82      0x1b0 c:/program files (x86)/atmel/studio/7.0/toolchain/avr8/avr8-gnu-toolchain/bin/../lib/gcc/avr/5.4.0/../../../../avr/lib/avr5\libc.a(ftoa_engine.o)
                0x00002e82                __ftoa_engine
 .text.avr-libc
                0x00003032       0x16 c:/program files (x86)/atmel/studio/7.0/toolchain/avr8/avr8-gnu-toolchain/bin/../lib/gcc/avr/5.4.0/../../../../avr/lib/avr5\libc.a(strnlen_P.o)
                0x00003032                strnlen_P
 .text.avr-libc
                0x00003048       0x16 c:/program files (x86)/atmel/studio/7.0/toolchain/avr8/avr8-gnu-toolchain/bin/../lib/gcc/avr/5.4.0/../../../../avr/lib/avr5\libc.a(strcat.o)
                0x00003048                strcat
 .text.avr-libc
                0x0000305e       0x12 c:/program files (x86)/atmel/studio/7.0/toolchain/avr8/avr8-gnu-toolchain/bin/../lib/gcc/avr/5.4.0/../../../../avr/lib/avr5\libc.a(strcmp.o)
                0x0000305e                strcmp
 .text.avr-libc
                0x00003070       0x16 c:/program files (x86)/atmel/studio/7.0/toolchain/avr8/avr8-gnu-toolchain/bin/../lib/gcc/avr/5.4.0/../../../../avr/lib/avr5\libc.a(strnlen.o)
                0x00003070                strnlen
 .text.avr-libc
                0x00003086       0x78 c:/program files (x86)/atmel/studio/7.0/toolchain/avr8/avr8-gnu-toolchain/bin/../lib/gcc/avr/5.4.0/../../../../avr/lib/avr5\libc.a(fputc.o)
                0x00003086                fputc
 .text.avr-libc
                0x000030fe       0x3e c:/program files (x86)/atmel/studio/7.0/toolchain/avr8/avr8-gnu-toolchain/bin/../lib/gcc/avr/5.4.0/../../../../avr/lib/avr5\libc.a(sprintf.o)
                0x000030fe                sprintf
 .text.avr-libc
                0x0000313c       0xbc c:/program files (x86)/atmel/studio/7.0/toolchain/avr8/avr8-gnu-toolchain/bin/../lib/gcc/avr/5.4.0/../../../../avr/lib/avr5\libc.a(ultoa_invert.o)
                0x0000313c                __ultoa_invert
                0x000031f8                . = ALIGN (0x2)
 *(.fini9)
 .fini9         0x000031f8        0x0 c:/program files (x86)/atmel/studio/7.0/toolchain/avr8/avr8-gnu-toolchain/bin/../lib/gcc/avr/5.4.0/avr5\libgcc.a(_exit.o)
                0x000031f8                _exit
                0x000031f8                exit
 *(.fini9)
 *(.fini8)
 *(.fini8)
 *(.fini7)
 *(.fini7)
 *(.fini6)
 *(.fini6)
 *(.fini5)
 *(.fini5)
 *(.fini4)
 *(.fini4)
 *(.fini3)
 *(.fini3)
 *(.fini2)
 *(.fini2)
 *(.fini1)
 *(.fini1)
 *(.fini0)
 .fini0         0x000031f8        0x4 c:/program files (x86)/atmel/studio/7.0/toolchain/avr8/avr8-gnu-toolchain/bin/../lib/gcc/avr/5.4.0/avr5\libgcc.a(_exit.o)
 *(.fini0)
                0x000031fc                _etext = .

.data           0x00800200      0x6c4 load address 0x000031fc
                0x00800200                PROVIDE (__data_start, .)
 *(.data)
 *(.data*)
 .data.mode     0x00800200        0x1 src/cubesat_EPS.o
                0x00800200                mode
 *(.gnu.linkonce.d*)
 *(.rodata)
 .rodata        0x00800201       0x18 src/adc_func.o
 .rodata        0x00800219      0x33a src/obc_comm.o
 *(.rodata*)
 .rodata.str1.1
                0x00800553       0x22 src/adc_func.o
 .rodata.str1.1
                0x00800575       0x7e src/fault.o
 .rodata.str1.1
                0x008005f3       0x80 src/launcher.o
 .rodata.str1.1
                0x00800673      0x250 src/obc_comm.o
                                0x259 (size before relaxing)
 *(.gnu.linkonce.r*)
                0x008008c4                . = ALIGN (0x2)
 *fill*         0x008008c3        0x1 
                0x008008c4                _edata = .
                0x008008c4                PROVIDE (__data_end, .)

.bss            0x008008c4       0x6d
                0x008008c4                PROVIDE (__bss_start, .)
 *(.bss)
 *(.bss*)
 .bss.watchdog  0x008008c4        0x1 src/cubesat_EPS.o
                0x008008c4                watchdog
 .bss.prev_state
                0x008008c5        0x1 src/cubesat_EPS.o
                0x008008c5                prev_state
 .bss.power_state
                0x008008c6        0x1 src/cubesat_EPS.o
                0x008008c6                power_state
 .bss.state_num
                0x008008c7        0x2 src/cubesat_EPS.o
                0x008008c7                state_num
 .bss.prev_temp
                0x008008c9        0x4 src/cubesat_EPS.o
                0x008008c9                prev_temp
 .bss.temp      0x008008cd        0x4 src/cubesat_EPS.o
                0x008008cd                temp
 .bss.prev_soc  0x008008d1        0x4 src/cubesat_EPS.o
                0x008008d1                prev_soc
 .bss.soc       0x008008d5        0x4 src/cubesat_EPS.o
                0x008008d5                soc
 *(COMMON)
 COMMON         0x008008d9       0x58 src/cubesat_EPS.o
                0x008008d9                pwrMat
                0x008008f2                power
                0x008008fb                telem
                0x0080092b                newPwrMat
                0x00800930                fake
                0x00800931                PROVIDE (__bss_end, .)
                0x000031fc                __data_load_start = LOADADDR (.data)
                0x000038c0                __data_load_end = (__data_load_start + SIZEOF (.data))

.noinit         0x00800931        0x0
                [!provide]                PROVIDE (__noinit_start, .)
 *(.noinit*)
                [!provide]                PROVIDE (__noinit_end, .)
                0x00800931                _end = .
                [!provide]                PROVIDE (__heap_start, .)

.eeprom         0x00810000        0x0
 *(.eeprom*)
                0x00810000                __eeprom_end = .

.fuse
 *(.fuse)
 *(.lfuse)
 *(.hfuse)
 *(.efuse)

.lock
 *(.lock*)

.signature
 *(.signature*)

.user_signatures
 *(.user_signatures*)

.stab
 *(.stab)

.stabstr
 *(.stabstr)

.stab.excl
 *(.stab.excl)

.stab.exclstr
 *(.stab.exclstr)

.stab.index
 *(.stab.index)

.stab.indexstr
 *(.stab.indexstr)

.comment        0x00000000       0x5c
 *(.comment)
 .comment       0x00000000       0x30 src/adc_func.o
                                 0x31 (size before relaxing)
 .comment       0x00000030       0x31 src/fault.o
 .comment       0x00000030       0x31 src/launcher.o
 .comment       0x00000030       0x31 src/power_switch.o
 .comment       0x00000030       0x31 src/power_state_mat.o
 .comment       0x00000030       0x31 src/eeprom.o
 .comment       0x00000030       0x31 src/gpio_func.o
 .comment       0x00000030       0x31 src/obc_comm.o
 .comment       0x00000030       0x31 src/peripheral_init.o
 .comment       0x00000030       0x31 src/uart_func.o
 .comment       0x00000030       0x31 src/wdt_megarf.o
 .comment       0x00000030       0x31 src/cubesat_EPS.o
 .comment       0x00000030       0x2c c:/program files (x86)/atmel/studio/7.0/toolchain/avr8/avr8-gnu-toolchain/bin/../lib/gcc/avr/5.4.0/../../../../avr/lib/avr5\libprintf_flt.a(vfprintf_flt.o)
                                 0x2d (size before relaxing)
 .comment       0x0000005c       0x31 c:/program files (x86)/atmel/studio/7.0/toolchain/avr8/avr8-gnu-toolchain/bin/../lib/gcc/avr/5.4.0/../../../../avr/lib/avr5\libc.a(fputc.o)
 .comment       0x0000005c       0x31 c:/program files (x86)/atmel/studio/7.0/toolchain/avr8/avr8-gnu-toolchain/bin/../lib/gcc/avr/5.4.0/../../../../avr/lib/avr5\libc.a(sprintf.o)

.note.gnu.avr.deviceinfo
                0x00000000       0x3c
 .note.gnu.avr.deviceinfo
                0x00000000       0x3c c:/program files (x86)/atmel/studio/7.0/toolchain/avr8/avr8-gnu-toolchain/bin/../lib/gcc/avr/5.4.0/../../../../avr/lib/avr5/crtatmega640.o

.note.gnu.build-id
 *(.note.gnu.build-id)

.debug
 *(.debug)

.line
 *(.line)

.debug_srcinfo
 *(.debug_srcinfo)

.debug_sfnames
 *(.debug_sfnames)

.debug_aranges  0x00000000      0x308
 *(.debug_aranges)
 .debug_aranges
                0x00000000       0x50 src/adc_func.o
 .debug_aranges
                0x00000050       0x20 src/fault.o
 .debug_aranges
                0x00000070       0x48 src/launcher.o
 .debug_aranges
                0x000000b8       0x90 src/power_switch.o
 .debug_aranges
                0x00000148       0x40 src/power_state_mat.o
 .debug_aranges
                0x00000188       0x28 src/eeprom.o
 .debug_aranges
                0x000001b0       0x28 src/gpio_func.o
 .debug_aranges
                0x000001d8       0x38 src/obc_comm.o
 .debug_aranges
                0x00000210       0x48 src/peripheral_init.o
 .debug_aranges
                0x00000258       0x38 src/uart_func.o
 .debug_aranges
                0x00000290       0x40 src/wdt_megarf.o
 .debug_aranges
                0x000002d0       0x38 src/cubesat_EPS.o

.debug_pubnames
 *(.debug_pubnames)

.debug_info     0x00000000     0x439a
 *(.debug_info .gnu.linkonce.wi.*)
 .debug_info    0x00000000      0xba9 c:/program files (x86)/atmel/studio/7.0/toolchain/avr8/avr8-gnu-toolchain/bin/../lib/gcc/avr/5.4.0/../../../../avr/lib/avr5/crtatmega640.o
 .debug_info    0x00000ba9      0x521 src/adc_func.o
 .debug_info    0x000010ca      0x2e7 src/fault.o
 .debug_info    0x000013b1      0x487 src/launcher.o
 .debug_info    0x00001838      0x8ca src/power_switch.o
 .debug_info    0x00002102      0x278 src/power_state_mat.o
 .debug_info    0x0000237a       0xe9 src/eeprom.o
 .debug_info    0x00002463       0xf2 src/gpio_func.o
 .debug_info    0x00002555     0x1359 src/obc_comm.o
 .debug_info    0x000038ae      0x1df src/peripheral_init.o
 .debug_info    0x00003a8d      0x144 src/uart_func.o
 .debug_info    0x00003bd1      0x31a src/wdt_megarf.o
 .debug_info    0x00003eeb      0x4af src/cubesat_EPS.o

.debug_abbrev   0x00000000     0x182a
 *(.debug_abbrev)
 .debug_abbrev  0x00000000      0xb08 c:/program files (x86)/atmel/studio/7.0/toolchain/avr8/avr8-gnu-toolchain/bin/../lib/gcc/avr/5.4.0/../../../../avr/lib/avr5/crtatmega640.o
 .debug_abbrev  0x00000b08      0x15e src/adc_func.o
 .debug_abbrev  0x00000c66       0x9b src/fault.o
 .debug_abbrev  0x00000d01      0x197 src/launcher.o
 .debug_abbrev  0x00000e98      0x160 src/power_switch.o
 .debug_abbrev  0x00000ff8      0x153 src/power_state_mat.o
 .debug_abbrev  0x0000114b       0x8e src/eeprom.o
 .debug_abbrev  0x000011d9       0x9b src/gpio_func.o
 .debug_abbrev  0x00001274      0x179 src/obc_comm.o
 .debug_abbrev  0x000013ed       0xc5 src/peripheral_init.o
 .debug_abbrev  0x000014b2       0xf0 src/uart_func.o
 .debug_abbrev  0x000015a2      0x19e src/wdt_megarf.o
 .debug_abbrev  0x00001740       0xea src/cubesat_EPS.o

.debug_line     0x00000000     0x3f6f
 *(.debug_line .debug_line.* .debug_line_end)
 .debug_line    0x00000000       0x1a c:/program files (x86)/atmel/studio/7.0/toolchain/avr8/avr8-gnu-toolchain/bin/../lib/gcc/avr/5.4.0/../../../../avr/lib/avr5/crtatmega640.o
 .debug_line    0x0000001a      0x7dd src/adc_func.o
 .debug_line    0x000007f7      0x407 src/fault.o
 .debug_line    0x00000bfe      0x508 src/launcher.o
 .debug_line    0x00001106      0x47a src/power_switch.o
 .debug_line    0x00001580      0x4fc src/power_state_mat.o
 .debug_line    0x00001a7c      0x3ab src/eeprom.o
 .debug_line    0x00001e27      0x3e6 src/gpio_func.o
 .debug_line    0x0000220d      0x96b src/obc_comm.o
 .debug_line    0x00002b78      0x4f9 src/peripheral_init.o
 .debug_line    0x00003071      0x40f src/uart_func.o
 .debug_line    0x00003480      0x53c src/wdt_megarf.o
 .debug_line    0x000039bc      0x5b3 src/cubesat_EPS.o

.debug_frame    0x00000000      0x818
 *(.debug_frame)
 .debug_frame   0x00000000      0x13c src/adc_func.o
 .debug_frame   0x0000013c       0x24 src/fault.o
 .debug_frame   0x00000160       0x7c src/launcher.o
 .debug_frame   0x000001dc      0x13c src/power_switch.o
 .debug_frame   0x00000318       0xb4 src/power_state_mat.o
 .debug_frame   0x000003cc       0x34 src/eeprom.o
 .debug_frame   0x00000400       0x34 src/gpio_func.o
 .debug_frame   0x00000434      0x120 src/obc_comm.o
 .debug_frame   0x00000554       0x74 src/peripheral_init.o
 .debug_frame   0x000005c8       0x80 src/uart_func.o
 .debug_frame   0x00000648       0x94 src/wdt_megarf.o
 .debug_frame   0x000006dc      0x13c src/cubesat_EPS.o

.debug_str      0x00000000    0x14e05
 *(.debug_str)
 .debug_str     0x00000000      0x3e0 c:/program files (x86)/atmel/studio/7.0/toolchain/avr8/avr8-gnu-toolchain/bin/../lib/gcc/avr/5.4.0/../../../../avr/lib/avr5/crtatmega640.o
 .debug_str     0x000003e0    0x137c7 src/adc_func.o
                              0x13a4c (size before relaxing)
 .debug_str     0x00013ba7      0x8c8 src/fault.o
                              0x13301 (size before relaxing)
 .debug_str     0x0001446f      0x392 src/launcher.o
                              0x131d0 (size before relaxing)
 .debug_str     0x00014801      0x180 src/power_switch.o
                               0x33fa (size before relaxing)
 .debug_str     0x00014981       0xc1 src/power_state_mat.o
                               0x4236 (size before relaxing)
 .debug_str     0x00014a42       0x24 src/eeprom.o
                              0x137a5 (size before relaxing)
 .debug_str     0x00014a66       0x2b src/gpio_func.o
                              0x137a1 (size before relaxing)
 .debug_str     0x00014a91      0x118 src/obc_comm.o
                              0x13a5a (size before relaxing)
 .debug_str     0x00014ba9      0x114 src/peripheral_init.o
                              0x1386f (size before relaxing)
 .debug_str     0x00014cbd       0x20 src/uart_func.o
                              0x13935 (size before relaxing)
 .debug_str     0x00014cdd       0xbd src/wdt_megarf.o
                              0x12dc3 (size before relaxing)
 .debug_str     0x00014d9a       0x6b src/cubesat_EPS.o
                              0x14521 (size before relaxing)

.debug_loc      0x00000000     0x20f2
 *(.debug_loc)
 .debug_loc     0x00000000      0x84b src/adc_func.o
 .debug_loc     0x0000084b       0x53 src/fault.o
 .debug_loc     0x0000089e      0x134 src/launcher.o
 .debug_loc     0x000009d2      0x360 src/power_switch.o
 .debug_loc     0x00000d32      0x3a9 src/power_state_mat.o
 .debug_loc     0x000010db       0x5f src/eeprom.o
 .debug_loc     0x0000113a      0x2ec src/gpio_func.o
 .debug_loc     0x00001426      0x7ed src/obc_comm.o
 .debug_loc     0x00001c13      0x14b src/uart_func.o
 .debug_loc     0x00001d5e      0x10c src/wdt_megarf.o
 .debug_loc     0x00001e6a      0x288 src/cubesat_EPS.o

.debug_macinfo
 *(.debug_macinfo)

.debug_weaknames
 *(.debug_weaknames)

.debug_funcnames
 *(.debug_funcnames)

.debug_typenames
 *(.debug_typenames)

.debug_varnames
 *(.debug_varnames)

.debug_pubtypes
 *(.debug_pubtypes)

.debug_ranges   0x00000000      0x248
 *(.debug_ranges)
 .debug_ranges  0x00000000       0x40 src/adc_func.o
 .debug_ranges  0x00000040       0x10 src/fault.o
 .debug_ranges  0x00000050       0x38 src/launcher.o
 .debug_ranges  0x00000088       0x80 src/power_switch.o
 .debug_ranges  0x00000108       0x30 src/power_state_mat.o
 .debug_ranges  0x00000138       0x18 src/eeprom.o
 .debug_ranges  0x00000150       0x18 src/gpio_func.o
 .debug_ranges  0x00000168       0x28 src/obc_comm.o
 .debug_ranges  0x00000190       0x38 src/peripheral_init.o
 .debug_ranges  0x000001c8       0x28 src/uart_func.o
 .debug_ranges  0x000001f0       0x30 src/wdt_megarf.o
 .debug_ranges  0x00000220       0x28 src/cubesat_EPS.o

.debug_macro    0x00000000     0x619b
 *(.debug_macro)
 .debug_macro   0x00000000      0x1b4 src/adc_func.o
 .debug_macro   0x000001b4      0xa48 src/adc_func.o
 .debug_macro   0x00000bfc      0x1c9 src/adc_func.o
 .debug_macro   0x00000dc5       0x10 src/adc_func.o
 .debug_macro   0x00000dd5      0x302 src/adc_func.o
 .debug_macro   0x000010d7       0x9e src/adc_func.o
 .debug_macro   0x00001175     0x1ecb src/adc_func.o
 .debug_macro   0x00003040      0x100 src/adc_func.o
 .debug_macro   0x00003140      0x2ea src/adc_func.o
 .debug_macro   0x0000342a       0xd9 src/adc_func.o
 .debug_macro   0x00003503       0x34 src/adc_func.o
 .debug_macro   0x00003537       0x18 src/adc_func.o
 .debug_macro   0x0000354f       0x6c src/adc_func.o
 .debug_macro   0x000035bb       0x22 src/adc_func.o
 .debug_macro   0x000035dd      0x16d src/adc_func.o
 .debug_macro   0x0000374a       0x1c src/adc_func.o
 .debug_macro   0x00003766       0x35 src/adc_func.o
 .debug_macro   0x0000379b       0x66 src/adc_func.o
 .debug_macro   0x00003801      0x6d7 src/adc_func.o
 .debug_macro   0x00003ed8       0x43 src/adc_func.o
 .debug_macro   0x00003f1b       0x69 src/adc_func.o
 .debug_macro   0x00003f84       0x2b src/adc_func.o
 .debug_macro   0x00003faf       0x10 src/adc_func.o
 .debug_macro   0x00003fbf      0x175 src/adc_func.o
 .debug_macro   0x00004134       0x40 src/adc_func.o
 .debug_macro   0x00004174      0x100 src/adc_func.o
 .debug_macro   0x00004274       0x22 src/adc_func.o
 .debug_macro   0x00004296       0x10 src/adc_func.o
 .debug_macro   0x000042a6      0x160 src/adc_func.o
 .debug_macro   0x00004406       0x16 src/adc_func.o
 .debug_macro   0x0000441c       0x58 src/adc_func.o
 .debug_macro   0x00004474       0x10 src/adc_func.o
 .debug_macro   0x00004484       0xf2 src/adc_func.o
 .debug_macro   0x00004576      0x183 src/adc_func.o
 .debug_macro   0x000046f9      0x151 src/fault.o
 .debug_macro   0x0000484a      0x2bd src/fault.o
 .debug_macro   0x00004b07      0x173 src/launcher.o
 .debug_macro   0x00004c7a       0x85 src/launcher.o
 .debug_macro   0x00004cff       0x42 src/power_switch.o
 .debug_macro   0x00004d41       0x7e src/power_state_mat.o
 .debug_macro   0x00004dbf       0x97 src/power_state_mat.o
 .debug_macro   0x00004e56       0x97 src/power_state_mat.o
 .debug_macro   0x00004eed      0x163 src/eeprom.o
 .debug_macro   0x00005050      0x169 src/gpio_func.o
 .debug_macro   0x000051b9      0x2fc src/gpio_func.o
 .debug_macro   0x000054b5      0x1c3 src/obc_comm.o
 .debug_macro   0x00005678       0x16 src/obc_comm.o
 .debug_macro   0x0000568e       0xf6 src/obc_comm.o
 .debug_macro   0x00005784       0x5a src/obc_comm.o
 .debug_macro   0x000057de       0x8b src/obc_comm.o
 .debug_macro   0x00005869      0x182 src/peripheral_init.o
 .debug_macro   0x000059eb      0x2c3 src/peripheral_init.o
 .debug_macro   0x00005cae       0x27 src/peripheral_init.o
 .debug_macro   0x00005cd5      0x177 src/uart_func.o
 .debug_macro   0x00005e4c      0x139 src/wdt_megarf.o
 .debug_macro   0x00005f85      0x216 src/cubesat_EPS.o
OUTPUT(MEGA_GPIO_EXAMPLE1.elf elf32-avr)
LOAD linker stubs
